[    0.000000] microcode: CPU0 microcode updated early to revision 0x7, date = 2013-08-20
[    0.000000] Initializing cgroup subsys cpuset
[    0.000000] Initializing cgroup subsys cpu
[    0.000000] Initializing cgroup subsys cpuacct
[    0.000000] Linux version 4.4.0-79-generic (buildd@lcy01-30) (gcc version 5.4.0 20160609 (Ubuntu 5.4.0-6ubuntu1~16.04.4) ) #100-Ubuntu SMP Wed May 17 19:58:14 UTC 2017 (Ubuntu 4.4.0-79.100-generic 4.4.67)
[    0.000000] Command line: BOOT_IMAGE=/boot/vmlinuz-4.4.0-79-generic root=UUID=263729bd-a286-41f2-9c40-7c58e8ec9a64 ro quiet splash vt.handoff=7
[    0.000000] KERNEL supported cpus:
[    0.000000]   Intel GenuineIntel
[    0.000000]   AMD AuthenticAMD
[    0.000000]   Centaur CentaurHauls
[    0.000000] x86/fpu: Legacy x87 FPU detected.
[    0.000000] x86/fpu: Using 'lazy' FPU context switches.
[    0.000000] e820: BIOS-provided physical RAM map:
[    0.000000] BIOS-e820: [mem 0x0000000000000000-0x000000000009e7ff] usable
[    0.000000] BIOS-e820: [mem 0x000000000009e800-0x000000000009ffff] reserved
[    0.000000] BIOS-e820: [mem 0x00000000000e4000-0x00000000000fffff] reserved
[    0.000000] BIOS-e820: [mem 0x0000000000100000-0x00000000dfe6ffff] usable
[    0.000000] BIOS-e820: [mem 0x00000000dfe70000-0x00000000dfe87fff] ACPI data
[    0.000000] BIOS-e820: [mem 0x00000000dfe88000-0x00000000dfedbfff] ACPI NVS
[    0.000000] BIOS-e820: [mem 0x00000000dfedc000-0x00000000dfffffff] reserved
[    0.000000] BIOS-e820: [mem 0x00000000fee00000-0x00000000fee00fff] reserved
[    0.000000] BIOS-e820: [mem 0x00000000ffe00000-0x00000000ffffffff] reserved
[    0.000000] BIOS-e820: [mem 0x0000000100000000-0x000000021fffffff] usable
[    0.000000] NX (Execute Disable) protection: active
[    0.000000] SMBIOS 2.6 present.
[    0.000000] DMI: System manufacturer System Product Name/P7P55D LE, BIOS 2003    12/16/2010
[    0.000000] e820: update [mem 0x00000000-0x00000fff] usable ==> reserved
[    0.000000] e820: remove [mem 0x000a0000-0x000fffff] usable
[    0.000000] e820: last_pfn = 0x220000 max_arch_pfn = 0x400000000
[    0.000000] MTRR default type: uncachable
[    0.000000] MTRR fixed ranges enabled:
[    0.000000]   00000-9FFFF write-back
[    0.000000]   A0000-BFFFF uncachable
[    0.000000]   C0000-CFFFF write-protect
[    0.000000]   D0000-DFFFF uncachable
[    0.000000]   E0000-E7FFF write-through
[    0.000000]   E8000-FFFFF write-protect
[    0.000000] MTRR variable ranges enabled:
[    0.000000]   0 base 000000000 mask E00000000 write-back
[    0.000000]   1 base 200000000 mask FE0000000 write-back
[    0.000000]   2 base 0E0000000 mask FE0000000 uncachable
[    0.000000]   3 disabled
[    0.000000]   4 disabled
[    0.000000]   5 disabled
[    0.000000]   6 disabled
[    0.000000]   7 disabled
[    0.000000] x86/PAT: Configuration [0-7]: WB  WC  UC- UC  WB  WC  UC- WT  
[    0.000000] original variable MTRRs
[    0.000000] reg 0, base: 0GB, range: 8GB, type WB
[    0.000000] reg 1, base: 8GB, range: 512MB, type WB
[    0.000000] reg 2, base: 3584MB, range: 512MB, type UC
[    0.000000] total RAM covered: 8192M
[    0.000000] Found optimal setting for mtrr clean up
[    0.000000]  gran_size: 64K 	chunk_size: 64K 	num_reg: 5  	lose cover RAM: 0G
[    0.000000] New variable MTRRs
[    0.000000] reg 0, base: 0GB, range: 2GB, type WB
[    0.000000] reg 1, base: 2GB, range: 1GB, type WB
[    0.000000] reg 2, base: 3GB, range: 512MB, type WB
[    0.000000] reg 3, base: 4GB, range: 4GB, type WB
[    0.000000] reg 4, base: 8GB, range: 512MB, type WB
[    0.000000] e820: update [mem 0xe0000000-0xffffffff] usable ==> reserved
[    0.000000] e820: last_pfn = 0xdfe70 max_arch_pfn = 0x400000000
[    0.000000] found SMP MP-table at [mem 0x000ff780-0x000ff78f] mapped at [ffff8800000ff780]
[    0.000000] Scanning 1 areas for low memory corruption
[    0.000000] Base memory trampoline at [ffff880000098000] 98000 size 24576
[    0.000000] BRK [0x0220b000, 0x0220bfff] PGTABLE
[    0.000000] BRK [0x0220c000, 0x0220cfff] PGTABLE
[    0.000000] BRK [0x0220d000, 0x0220dfff] PGTABLE
[    0.000000] BRK [0x0220e000, 0x0220efff] PGTABLE
[    0.000000] BRK [0x0220f000, 0x0220ffff] PGTABLE
[    0.000000] BRK [0x02210000, 0x02210fff] PGTABLE
[    0.000000] RAMDISK: [mem 0x3289e000-0x35446fff]
[    0.000000] ACPI: Early table checksum verification disabled
[    0.000000] ACPI: RSDP 0x00000000000FB9F0 000024 (v02 ACPIAM)
[    0.000000] ACPI: XSDT 0x00000000DFE70100 00005C (v01 _ASUS_ Notebook 20101216 MSFT 00000097)
[    0.000000] ACPI: FACP 0x00000000DFE70290 0000F4 (v03 _ASUS_ Notebook 20101216 MSFT 00000097)
[    0.000000] ACPI: DSDT 0x00000000DFE704A0 00DD4A (v01 A1380  A1380001 00000001 INTL 20060113)
[    0.000000] ACPI: FACS 0x00000000DFE88000 000040
[    0.000000] ACPI: FACS 0x00000000DFE88000 000040
[    0.000000] ACPI: SLIC 0x00000000000FF200 000176 (v01 _ASUS_ Notebook 20090827 MSFT 00000097)
[    0.000000] ACPI: APIC 0x00000000DFE70390 0000CC (v01 _ASUS_ APIC0948 20101216 MSFT 00000097)
[    0.000000] ACPI: MCFG 0x00000000DFE70460 00003C (v01 _ASUS_ OEMMCFG  20101216 MSFT 00000097)
[    0.000000] ACPI: OEMB 0x00000000DFE88040 000072 (v01 _ASUS_ OEMB0948 20101216 MSFT 00000097)
[    0.000000] ACPI: HPET 0x00000000DFE7E1F0 000038 (v01 _ASUS_ OEMHPET  20101216 MSFT 00000097)
[    0.000000] ACPI: OSFR 0x00000000DFE7E230 0000B0 (v01 _ASUS_ OEMOSFR  20101216 MSFT 00000097)
[    0.000000] ACPI: Local APIC address 0xfee00000
[    0.000000] No NUMA configuration found
[    0.000000] Faking a node at [mem 0x0000000000000000-0x000000021fffffff]
[    0.000000] NODE_DATA(0) allocated [mem 0x21fff5000-0x21fff9fff]
[    0.000000] Zone ranges:
[    0.000000]   DMA      [mem 0x0000000000001000-0x0000000000ffffff]
[    0.000000]   DMA32    [mem 0x0000000001000000-0x00000000ffffffff]
[    0.000000]   Normal   [mem 0x0000000100000000-0x000000021fffffff]
[    0.000000]   Device   empty
[    0.000000] Movable zone start for each node
[    0.000000] Early memory node ranges
[    0.000000]   node   0: [mem 0x0000000000001000-0x000000000009dfff]
[    0.000000]   node   0: [mem 0x0000000000100000-0x00000000dfe6ffff]
[    0.000000]   node   0: [mem 0x0000000100000000-0x000000021fffffff]
[    0.000000] Initmem setup node 0 [mem 0x0000000000001000-0x000000021fffffff]
[    0.000000] On node 0 totalpages: 2096653
[    0.000000]   DMA zone: 64 pages used for memmap
[    0.000000]   DMA zone: 21 pages reserved
[    0.000000]   DMA zone: 3997 pages, LIFO batch:0
[    0.000000]   DMA32 zone: 14266 pages used for memmap
[    0.000000]   DMA32 zone: 913008 pages, LIFO batch:31
[    0.000000]   Normal zone: 18432 pages used for memmap
[    0.000000]   Normal zone: 1179648 pages, LIFO batch:31
[    0.000000] ACPI: PM-Timer IO Port: 0x808
[    0.000000] ACPI: Local APIC address 0xfee00000
[    0.000000] IOAPIC[0]: apic_id 7, version 32, address 0xfec00000, GSI 0-23
[    0.000000] ACPI: INT_SRC_OVR (bus 0 bus_irq 0 global_irq 2 dfl dfl)
[    0.000000] ACPI: INT_SRC_OVR (bus 0 bus_irq 9 global_irq 9 high level)
[    0.000000] ACPI: IRQ0 used by override.
[    0.000000] ACPI: IRQ9 used by override.
[    0.000000] Using ACPI (MADT) for SMP configuration information
[    0.000000] ACPI: HPET id: 0x8086a701 base: 0xfed00000
[    0.000000] smpboot: Allowing 16 CPUs, 12 hotplug CPUs
[    0.000000] PM: Registered nosave memory: [mem 0x00000000-0x00000fff]
[    0.000000] PM: Registered nosave memory: [mem 0x0009e000-0x0009efff]
[    0.000000] PM: Registered nosave memory: [mem 0x0009f000-0x0009ffff]
[    0.000000] PM: Registered nosave memory: [mem 0x000a0000-0x000e3fff]
[    0.000000] PM: Registered nosave memory: [mem 0x000e4000-0x000fffff]
[    0.000000] PM: Registered nosave memory: [mem 0xdfe70000-0xdfe87fff]
[    0.000000] PM: Registered nosave memory: [mem 0xdfe88000-0xdfedbfff]
[    0.000000] PM: Registered nosave memory: [mem 0xdfedc000-0xdfffffff]
[    0.000000] PM: Registered nosave memory: [mem 0xe0000000-0xfedfffff]
[    0.000000] PM: Registered nosave memory: [mem 0xfee00000-0xfee00fff]
[    0.000000] PM: Registered nosave memory: [mem 0xfee01000-0xffdfffff]
[    0.000000] PM: Registered nosave memory: [mem 0xffe00000-0xffffffff]
[    0.000000] e820: [mem 0xe0000000-0xfedfffff] available for PCI devices
[    0.000000] Booting paravirtualized kernel on bare hardware
[    0.000000] clocksource: refined-jiffies: mask: 0xffffffff max_cycles: 0xffffffff, max_idle_ns: 7645519600211568 ns
[    0.000000] setup_percpu: NR_CPUS:512 nr_cpumask_bits:512 nr_cpu_ids:16 nr_node_ids:1
[    0.000000] PERCPU: Embedded 33 pages/cpu @ffff880217200000 s98264 r8192 d28712 u262144
[    0.000000] pcpu-alloc: s98264 r8192 d28712 u262144 alloc=1*2097152
[    0.000000] pcpu-alloc: [0] 00 01 02 03 04 05 06 07 [0] 08 09 10 11 12 13 14 15 
[    0.000000] Built 1 zonelists in Node order, mobility grouping on.  Total pages: 2063870
[    0.000000] Policy zone: Normal
[    0.000000] Kernel command line: BOOT_IMAGE=/boot/vmlinuz-4.4.0-79-generic root=UUID=263729bd-a286-41f2-9c40-7c58e8ec9a64 ro quiet splash vt.handoff=7
[    0.000000] PID hash table entries: 4096 (order: 3, 32768 bytes)
[    0.000000] Calgary: detecting Calgary via BIOS EBDA area
[    0.000000] Calgary: Unable to locate Rio Grande table in EBDA - bailing!
[    0.000000] Memory: 8123792K/8386612K available (8469K kernel code, 1294K rwdata, 3984K rodata, 1484K init, 1316K bss, 262820K reserved, 0K cma-reserved)
[    0.000000] SLUB: HWalign=64, Order=0-3, MinObjects=0, CPUs=16, Nodes=1
[    0.000000] Hierarchical RCU implementation.
[    0.000000] 	Build-time adjustment of leaf fanout to 64.
[    0.000000] 	RCU restricting CPUs from NR_CPUS=512 to nr_cpu_ids=16.
[    0.000000] RCU: Adjusting geometry for rcu_fanout_leaf=64, nr_cpu_ids=16
[    0.000000] NR_IRQS:33024 nr_irqs:552 16
[    0.000000] vt handoff: transparent VT on vt#7
[    0.000000] Console: colour dummy device 80x25
[    0.000000] console [tty0] enabled
[    0.000000] clocksource: hpet: mask: 0xffffffff max_cycles: 0xffffffff, max_idle_ns: 133484882848 ns
[    0.000000] hpet clockevent registered
[    0.000000] tsc: Fast TSC calibration using PIT
[    0.000000] tsc: Detected 2675.130 MHz processor
[    0.000031] Calibrating delay loop (skipped), value calculated using timer frequency.. 5350.26 BogoMIPS (lpj=10700520)
[    0.000033] pid_max: default: 32768 minimum: 301
[    0.000039] ACPI: Core revision 20150930
[    0.008778] ACPI: 1 ACPI AML tables successfully acquired and loaded
[    0.008802] Security Framework initialized
[    0.008804] Yama: becoming mindful.
[    0.008822] AppArmor: AppArmor initialized
[    0.009315] Dentry cache hash table entries: 1048576 (order: 11, 8388608 bytes)
[    0.011392] Inode-cache hash table entries: 524288 (order: 10, 4194304 bytes)
[    0.012336] Mount-cache hash table entries: 16384 (order: 5, 131072 bytes)
[    0.012345] Mountpoint-cache hash table entries: 16384 (order: 5, 131072 bytes)
[    0.012592] Initializing cgroup subsys io
[    0.012596] Initializing cgroup subsys memory
[    0.012603] Initializing cgroup subsys devices
[    0.012607] Initializing cgroup subsys freezer
[    0.012609] Initializing cgroup subsys net_cls
[    0.012611] Initializing cgroup subsys perf_event
[    0.012613] Initializing cgroup subsys net_prio
[    0.012616] Initializing cgroup subsys hugetlb
[    0.012618] Initializing cgroup subsys pids
[    0.012635] CPU: Physical Processor ID: 0
[    0.012636] CPU: Processor Core ID: 0
[    0.012640] mce: CPU supports 9 MCE banks
[    0.012649] CPU0: Thermal monitoring enabled (TM1)
[    0.012655] process: using mwait in idle threads
[    0.012658] Last level iTLB entries: 4KB 512, 2MB 7, 4MB 7
[    0.012659] Last level dTLB entries: 4KB 512, 2MB 32, 4MB 32, 1GB 0
[    0.012937] Freeing SMP alternatives memory: 32K (ffffffff820b8000 - ffffffff820c0000)
[    0.036822] ftrace: allocating 32127 entries in 126 pages
[    0.050290] smpboot: APIC(0) Converting physical 0 to logical package 0
[    0.050291] smpboot: Max logical packages: 4
[    0.050296] Switched APIC routing to physical flat.
[    0.050640] ..TIMER: vector=0x30 apic1=0 pin1=2 apic2=-1 pin2=-1
[    0.197859] smpboot: CPU0: Intel(R) Core(TM) i5 CPU         750  @ 2.67GHz (family: 0x6, model: 0x1e, stepping: 0x5)
[    0.197874] Performance Events: PEBS fmt1+, 16-deep LBR, Nehalem events, Intel PMU driver.
[    0.197889] core: CPU erratum AAJ80 worked around
[    0.197890] core: CPUID marked event: 'bus cycles' unavailable
[    0.197892] ... version:                3
[    0.197893] ... bit width:              48
[    0.197894] ... generic registers:      4
[    0.197895] ... value mask:             0000ffffffffffff
[    0.197896] ... max period:             000000007fffffff
[    0.197896] ... fixed-purpose events:   3
[    0.197897] ... event mask:             000000070000000f
[    0.198686] x86: Booting SMP configuration:
[    0.198688] .... node  #0, CPUs:        #1
[    0.199427] microcode: CPU1 microcode updated early to revision 0x7, date = 2013-08-20
[    0.201744] NMI watchdog: enabled on all CPUs, permanently consumes one hw-PMU counter.
[    0.201827]   #2
[    0.202487] microcode: CPU2 microcode updated early to revision 0x7, date = 2013-08-20
[    0.204632]   #3
[    0.205145] microcode: CPU3 microcode updated early to revision 0x7, date = 2013-08-20
[    0.207223] x86: Booted up 1 node, 4 CPUs
[    0.207226] smpboot: Total of 4 processors activated (21401.04 BogoMIPS)
[    0.210094] devtmpfs: initialized
[    0.212553] evm: security.selinux
[    0.212555] evm: security.SMACK64
[    0.212556] evm: security.SMACK64EXEC
[    0.212556] evm: security.SMACK64TRANSMUTE
[    0.212557] evm: security.SMACK64MMAP
[    0.212558] evm: security.ima
[    0.212559] evm: security.capability
[    0.212620] PM: Registering ACPI NVS region [mem 0xdfe88000-0xdfedbfff] (344064 bytes)
[    0.212695] clocksource: jiffies: mask: 0xffffffff max_cycles: 0xffffffff, max_idle_ns: 7645041785100000 ns
[    0.212714] futex hash table entries: 4096 (order: 6, 262144 bytes)
[    0.212821] pinctrl core: initialized pinctrl subsystem
[    0.212929] RTC time: 19:27:32, date: 06/13/17
[    0.213034] NET: Registered protocol family 16
[    0.221861] cpuidle: using governor ladder
[    0.229486] cpuidle: using governor menu
[    0.229489] PCCT header not found.
[    0.229559] ACPI: bus type PCI registered
[    0.229561] acpiphp: ACPI Hot Plug PCI Controller Driver version: 0.5
[    0.229632] PCI: MMCONFIG for domain 0000 [bus 00-3f] at [mem 0xf8000000-0xfbffffff] (base 0xf8000000)
[    0.229634] PCI: not using MMCONFIG
[    0.229635] PCI: Using configuration type 1 for base access
[    0.237826] ACPI: Added _OSI(Module Device)
[    0.237828] ACPI: Added _OSI(Processor Device)
[    0.237829] ACPI: Added _OSI(3.0 _SCP Extensions)
[    0.237830] ACPI: Added _OSI(Processor Aggregator Device)
[    0.239665] ACPI: Executed 1 blocks of module-level executable AML code
[    0.245496] ACPI: Interpreter enabled
[    0.245513] ACPI: (supports S0 S1 S3 S4 S5)
[    0.245515] ACPI: Using IOAPIC for interrupt routing
[    0.245541] PCI: MMCONFIG for domain 0000 [bus 00-3f] at [mem 0xf8000000-0xfbffffff] (base 0xf8000000)
[    0.246449] PCI: MMCONFIG at [mem 0xf8000000-0xfbffffff] reserved in ACPI motherboard resources
[    0.246458] PCI: Using host bridge windows from ACPI; if necessary, use "pci=nocrs" and report a bug
[    0.252172] ACPI: PCI Root Bridge [PCI0] (domain 0000 [bus 00-ff])
[    0.252177] acpi PNP0A08:00: _OSC: OS supports [ExtendedConfig ASPM ClockPM Segments MSI]
[    0.252327] acpi PNP0A08:00: _OSC: platform does not support [PCIeCapability]
[    0.252400] acpi PNP0A08:00: _OSC: not requesting control; platform does not support [PCIeCapability]
[    0.252403] acpi PNP0A08:00: _OSC: OS requested [PCIeHotplug PME AER PCIeCapability]
[    0.252405] acpi PNP0A08:00: _OSC: platform willing to grant [PCIeHotplug PME AER]
[    0.252406] acpi PNP0A08:00: _OSC failed (AE_SUPPORT); disabling ASPM
[    0.252414] acpi PNP0A08:00: [Firmware Info]: MMCONFIG for domain 0000 [bus 00-3f] only partially covers this bridge
[    0.252632] PCI host bridge to bus 0000:00
[    0.252635] pci_bus 0000:00: root bus resource [io  0x0000-0x0cf7 window]
[    0.252636] pci_bus 0000:00: root bus resource [io  0x0d00-0xffff window]
[    0.252638] pci_bus 0000:00: root bus resource [mem 0x000a0000-0x000bffff window]
[    0.252640] pci_bus 0000:00: root bus resource [mem 0x000d0000-0x000dffff window]
[    0.252642] pci_bus 0000:00: root bus resource [mem 0xe0000000-0xf7ffffff window]
[    0.252643] pci_bus 0000:00: root bus resource [mem 0xfc000000-0xfed8ffff window]
[    0.252645] pci_bus 0000:00: root bus resource [bus 00-ff]
[    0.252653] pci 0000:00:00.0: [8086:d131] type 00 class 0x060000
[    0.252757] pci 0000:00:03.0: [8086:d138] type 01 class 0x060400
[    0.252804] pci 0000:00:03.0: PME# supported from D0 D3hot D3cold
[    0.252847] pci 0000:00:03.0: System wakeup disabled by ACPI
[    0.252885] pci 0000:00:08.0: [8086:d155] type 00 class 0x088000
[    0.252979] pci 0000:00:08.1: [8086:d156] type 00 class 0x088000
[    0.253074] pci 0000:00:08.2: [8086:d157] type 00 class 0x088000
[    0.253165] pci 0000:00:08.3: [8086:d158] type 00 class 0x088000
[    0.253254] pci 0000:00:10.0: [8086:d150] type 00 class 0x088000
[    0.253335] pci 0000:00:10.1: [8086:d151] type 00 class 0x088000
[    0.253434] pci 0000:00:1a.0: [8086:3b3c] type 00 class 0x0c0320
[    0.253461] pci 0000:00:1a.0: reg 0x10: [mem 0xf5ffe000-0xf5ffe3ff]
[    0.253528] pci 0000:00:1a.0: PME# supported from D0 D3hot D3cold
[    0.253568] pci 0000:00:1a.0: System wakeup disabled by ACPI
[    0.253607] pci 0000:00:1b.0: [8086:3b56] type 00 class 0x040300
[    0.253631] pci 0000:00:1b.0: reg 0x10: [mem 0xf5ff8000-0xf5ffbfff 64bit]
[    0.253688] pci 0000:00:1b.0: PME# supported from D0 D3hot D3cold
[    0.253759] pci 0000:00:1c.0: [8086:3b42] type 01 class 0x060400
[    0.253816] pci 0000:00:1c.0: PME# supported from D0 D3hot D3cold
[    0.253862] pci 0000:00:1c.0: System wakeup disabled by ACPI
[    0.253901] pci 0000:00:1c.4: [8086:3b4a] type 01 class 0x060400
[    0.253958] pci 0000:00:1c.4: PME# supported from D0 D3hot D3cold
[    0.253999] pci 0000:00:1c.4: System wakeup disabled by ACPI
[    0.254036] pci 0000:00:1c.5: [8086:3b4c] type 01 class 0x060400
[    0.254092] pci 0000:00:1c.5: PME# supported from D0 D3hot D3cold
[    0.254133] pci 0000:00:1c.5: System wakeup disabled by ACPI
[    0.254170] pci 0000:00:1c.6: [8086:3b4e] type 01 class 0x060400
[    0.254230] pci 0000:00:1c.6: PME# supported from D0 D3hot D3cold
[    0.254271] pci 0000:00:1c.6: System wakeup disabled by ACPI
[    0.254307] pci 0000:00:1c.7: [8086:3b50] type 01 class 0x060400
[    0.254368] pci 0000:00:1c.7: PME# supported from D0 D3hot D3cold
[    0.254409] pci 0000:00:1c.7: System wakeup disabled by ACPI
[    0.254446] pci 0000:00:1d.0: [8086:3b34] type 00 class 0x0c0320
[    0.254473] pci 0000:00:1d.0: reg 0x10: [mem 0xf5ffd000-0xf5ffd3ff]
[    0.254540] pci 0000:00:1d.0: PME# supported from D0 D3hot D3cold
[    0.254580] pci 0000:00:1d.0: System wakeup disabled by ACPI
[    0.254614] pci 0000:00:1e.0: [8086:244e] type 01 class 0x060401
[    0.254686] pci 0000:00:1e.0: System wakeup disabled by ACPI
[    0.254722] pci 0000:00:1f.0: [8086:3b02] type 00 class 0x060100
[    0.254882] pci 0000:00:1f.2: [8086:3b22] type 00 class 0x010601
[    0.254904] pci 0000:00:1f.2: reg 0x10: [io  0xb880-0xb887]
[    0.254911] pci 0000:00:1f.2: reg 0x14: [io  0xb800-0xb803]
[    0.254918] pci 0000:00:1f.2: reg 0x18: [io  0xb480-0xb487]
[    0.254925] pci 0000:00:1f.2: reg 0x1c: [io  0xb400-0xb403]
[    0.254932] pci 0000:00:1f.2: reg 0x20: [io  0xb080-0xb09f]
[    0.254939] pci 0000:00:1f.2: reg 0x24: [mem 0xf5ff7000-0xf5ff77ff]
[    0.254968] pci 0000:00:1f.2: PME# supported from D3hot
[    0.255037] pci 0000:00:1f.3: [8086:3b30] type 00 class 0x0c0500
[    0.255053] pci 0000:00:1f.3: reg 0x10: [mem 0xf5ffc000-0xf5ffc0ff 64bit]
[    0.255071] pci 0000:00:1f.3: reg 0x20: [io  0x0400-0x041f]
[    0.255185] pci 0000:01:00.0: [10de:1380] type 00 class 0x030000
[    0.255206] pci 0000:01:00.0: reg 0x10: [mem 0xf6000000-0xf6ffffff]
[    0.255217] pci 0000:01:00.0: reg 0x14: [mem 0xe0000000-0xefffffff 64bit pref]
[    0.255227] pci 0000:01:00.0: reg 0x1c: [mem 0xf2000000-0xf3ffffff 64bit pref]
[    0.255235] pci 0000:01:00.0: reg 0x24: [io  0xcc00-0xcc7f]
[    0.255242] pci 0000:01:00.0: reg 0x30: [mem 0xf7d00000-0xf7d7ffff pref]
[    0.255331] pci 0000:01:00.1: [10de:0fbc] type 00 class 0x040300
[    0.255351] pci 0000:01:00.1: reg 0x10: [mem 0xf7dfc000-0xf7dfffff]
[    0.261863] pci 0000:00:03.0: PCI bridge to [bus 01]
[    0.261867] pci 0000:00:03.0:   bridge window [io  0xc000-0xcfff]
[    0.261869] pci 0000:00:03.0:   bridge window [mem 0xf6000000-0xf7dfffff]
[    0.261873] pci 0000:00:03.0:   bridge window [mem 0xe0000000-0xf3ffffff 64bit pref]
[    0.261913] pci 0000:00:1c.0: PCI bridge to [bus 06]
[    0.261956] pci 0000:00:1c.4: PCI bridge to [bus 05]
[    0.262000] pci 0000:00:1c.5: PCI bridge to [bus 04]
[    0.262073] pci 0000:03:00.0: [197b:2361] type 00 class 0x010601
[    0.262173] pci 0000:03:00.0: reg 0x24: [mem 0xf7ffa000-0xf7ffbfff]
[    0.262226] pci 0000:03:00.0: PME# supported from D3hot
[    0.262289] pci 0000:03:00.1: [197b:2361] type 00 class 0x010185
[    0.262321] pci 0000:03:00.1: reg 0x10: [io  0xec00-0xec07]
[    0.262333] pci 0000:03:00.1: reg 0x14: [io  0xe880-0xe883]
[    0.262346] pci 0000:03:00.1: reg 0x18: [io  0xe800-0xe807]
[    0.262359] pci 0000:03:00.1: reg 0x1c: [io  0xe480-0xe483]
[    0.262372] pci 0000:03:00.1: reg 0x20: [io  0xe400-0xe40f]
[    0.262470] pci 0000:03:00.0: disabling ASPM on pre-1.1 PCIe device.  You can enable it with 'pcie_aspm=force'
[    0.262479] pci 0000:00:1c.6: PCI bridge to [bus 03]
[    0.262483] pci 0000:00:1c.6:   bridge window [io  0xe000-0xefff]
[    0.262486] pci 0000:00:1c.6:   bridge window [mem 0xf7f00000-0xf7ffffff]
[    0.262541] pci 0000:02:00.0: [10ec:8168] type 00 class 0x020000
[    0.262578] pci 0000:02:00.0: reg 0x10: [io  0xd800-0xd8ff]
[    0.262604] pci 0000:02:00.0: reg 0x18: [mem 0xf4fff000-0xf4ffffff 64bit pref]
[    0.262621] pci 0000:02:00.0: reg 0x20: [mem 0xf4ff8000-0xf4ffbfff 64bit pref]
[    0.262633] pci 0000:02:00.0: reg 0x30: [mem 0xf7ef0000-0xf7efffff pref]
[    0.262689] pci 0000:02:00.0: supports D1 D2
[    0.262690] pci 0000:02:00.0: PME# supported from D0 D1 D2 D3hot D3cold
[    0.269862] pci 0000:00:1c.7: PCI bridge to [bus 02]
[    0.269866] pci 0000:00:1c.7:   bridge window [io  0xd000-0xdfff]
[    0.269869] pci 0000:00:1c.7:   bridge window [mem 0xf7e00000-0xf7efffff]
[    0.269874] pci 0000:00:1c.7:   bridge window [mem 0xf4f00000-0xf4ffffff 64bit pref]
[    0.269937] pci 0000:00:1e.0: PCI bridge to [bus 07] (subtractive decode)
[    0.269946] pci 0000:00:1e.0:   bridge window [io  0x0000-0x0cf7 window] (subtractive decode)
[    0.269948] pci 0000:00:1e.0:   bridge window [io  0x0d00-0xffff window] (subtractive decode)
[    0.269949] pci 0000:00:1e.0:   bridge window [mem 0x000a0000-0x000bffff window] (subtractive decode)
[    0.269951] pci 0000:00:1e.0:   bridge window [mem 0x000d0000-0x000dffff window] (subtractive decode)
[    0.269953] pci 0000:00:1e.0:   bridge window [mem 0xe0000000-0xf7ffffff window] (subtractive decode)
[    0.269954] pci 0000:00:1e.0:   bridge window [mem 0xfc000000-0xfed8ffff window] (subtractive decode)
[    0.270550] ACPI: PCI Interrupt Link [LNKA] (IRQs 3 4 6 7 *10 11 12 14 15)
[    0.270597] ACPI: PCI Interrupt Link [LNKB] (IRQs *5)
[    0.270641] ACPI: PCI Interrupt Link [LNKC] (IRQs 3 4 6 7 10 11 12 14 *15)
[    0.270686] ACPI: PCI Interrupt Link [LNKD] (IRQs 3 4 6 7 10 *11 12 14 15)
[    0.270732] ACPI: PCI Interrupt Link [LNKE] (IRQs 3 4 6 7 10 11 12 14 15) *0, disabled.
[    0.270778] ACPI: PCI Interrupt Link [LNKF] (IRQs 3 4 6 7 10 11 12 *14 15)
[    0.270824] ACPI: PCI Interrupt Link [LNKG] (IRQs *3 4 6 7 10 11 12 14 15)
[    0.270869] ACPI: PCI Interrupt Link [LNKH] (IRQs 3 4 6 *7 10 11 12 14 15)
[    0.270917] ACPI: Enabled 3 GPEs in block 00 to 3F
[    0.271016] vgaarb: setting as boot device: PCI:0000:01:00.0
[    0.271019] vgaarb: device added: PCI:0000:01:00.0,decodes=io+mem,owns=io+mem,locks=none
[    0.271020] vgaarb: loaded
[    0.271021] vgaarb: bridge control possible 0000:01:00.0
[    0.271220] SCSI subsystem initialized
[    0.271251] libata version 3.00 loaded.
[    0.271271] ACPI: bus type USB registered
[    0.271286] usbcore: registered new interface driver usbfs
[    0.271294] usbcore: registered new interface driver hub
[    0.271309] usbcore: registered new device driver usb
[    0.271426] PCI: Using ACPI for IRQ routing
[    0.272677] PCI: Discovered peer bus 3f
[    0.272678] PCI: root bus 3f: using default resources
[    0.272679] PCI: Probing PCI hardware (bus 3f)
[    0.272704] ACPI: \: failed to evaluate _DSM (0x1001)
[    0.272705] PCI host bridge to bus 0000:3f
[    0.272707] pci_bus 0000:3f: root bus resource [io  0x0000-0xffff]
[    0.272709] pci_bus 0000:3f: root bus resource [mem 0x00000000-0xfffffffff]
[    0.272711] pci_bus 0000:3f: No busn resource found for root bus, will use [bus 3f-ff]
[    0.272713] pci_bus 0000:3f: busn_res: can not insert [bus 3f-ff] under domain [bus 00-ff] (conflicts with (null) [bus 00-ff])
[    0.272718] pci 0000:3f:00.0: [8086:2c51] type 00 class 0x060000
[    0.272759] pci 0000:3f:00.1: [8086:2c81] type 00 class 0x060000
[    0.272801] pci 0000:3f:02.0: [8086:2c90] type 00 class 0x060000
[    0.272839] pci 0000:3f:02.1: [8086:2c91] type 00 class 0x060000
[    0.272879] pci 0000:3f:03.0: [8086:2c98] type 00 class 0x060000
[    0.272916] pci 0000:3f:03.1: [8086:2c99] type 00 class 0x060000
[    0.272955] pci 0000:3f:03.4: [8086:2c9c] type 00 class 0x060000
[    0.272993] pci 0000:3f:04.0: [8086:2ca0] type 00 class 0x060000
[    0.273031] pci 0000:3f:04.1: [8086:2ca1] type 00 class 0x060000
[    0.273069] pci 0000:3f:04.2: [8086:2ca2] type 00 class 0x060000
[    0.273106] pci 0000:3f:04.3: [8086:2ca3] type 00 class 0x060000
[    0.273146] pci 0000:3f:05.0: [8086:2ca8] type 00 class 0x060000
[    0.273184] pci 0000:3f:05.1: [8086:2ca9] type 00 class 0x060000
[    0.273222] pci 0000:3f:05.2: [8086:2caa] type 00 class 0x060000
[    0.273260] pci 0000:3f:05.3: [8086:2cab] type 00 class 0x060000
[    0.273308] pci_bus 0000:3f: busn_res: [bus 3f-ff] end is updated to 3f
[    0.273310] pci_bus 0000:3f: busn_res: can not insert [bus 3f] under domain [bus 00-ff] (conflicts with (null) [bus 00-ff])
[    0.273315] PCI: pci_cache_line_size set to 64 bytes
[    0.273375] e820: reserve RAM buffer [mem 0x0009e800-0x0009ffff]
[    0.273376] e820: reserve RAM buffer [mem 0xdfe70000-0xdfffffff]
[    0.273480] NetLabel: Initializing
[    0.273482] NetLabel:  domain hash size = 128
[    0.273482] NetLabel:  protocols = UNLABELED CIPSOv4
[    0.273494] NetLabel:  unlabeled traffic allowed by default
[    0.273576] HPET: 8 timers in total, 5 timers will be used for per-cpu timer
[    0.273583] hpet0: at MMIO 0xfed00000, IRQs 2, 8, 24, 25, 26, 27, 28, 0
[    0.273587] hpet0: 8 comparators, 64-bit 14.318180 MHz counter
[    0.275620] hpet: hpet2 irq 24 for MSI
[    0.275651] hpet: hpet3 irq 25 for MSI
[    0.275683] hpet: hpet4 irq 26 for MSI
[    0.275716] hpet: hpet5 irq 27 for MSI
[    0.275732] amd_nb: Cannot enumerate AMD northbridges
[    0.275744] clocksource: Switched to clocksource hpet
[    0.281408] AppArmor: AppArmor Filesystem Enabled
[    0.281467] pnp: PnP ACPI init
[    0.281537] system 00:00: [mem 0xfed14000-0xfed19fff] has been reserved
[    0.281541] system 00:00: Plug and Play ACPI device, IDs PNP0c01 (active)
[    0.281597] pnp 00:01: Plug and Play ACPI device, IDs PNP0b00 (active)
[    0.281760] system 00:02: [io  0x0290-0x029f] has been reserved
[    0.281763] system 00:02: Plug and Play ACPI device, IDs PNP0c02 (active)
[    0.281922] system 00:03: [io  0x04d0-0x04d1] has been reserved
[    0.281926] system 00:03: [io  0x0800-0x087f] could not be reserved
[    0.281928] system 00:03: [io  0x0500-0x057f] has been reserved
[    0.281930] system 00:03: [mem 0xfed1c000-0xfed1ffff] has been reserved
[    0.281932] system 00:03: [mem 0xfed20000-0xfed3ffff] has been reserved
[    0.281933] system 00:03: [mem 0xfed40000-0xfed8ffff] has been reserved
[    0.281936] system 00:03: Plug and Play ACPI device, IDs PNP0c02 (active)
[    0.282035] system 00:04: [mem 0xffc00000-0xffdfffff] has been reserved
[    0.282038] system 00:04: Plug and Play ACPI device, IDs PNP0c02 (active)
[    0.282201] pnp 00:05: [dma 0 disabled]
[    0.282256] pnp 00:05: Plug and Play ACPI device, IDs PNP0501 (active)
[    0.282350] system 00:06: [mem 0xfec00000-0xfec00fff] could not be reserved
[    0.282352] system 00:06: [mem 0xfee00000-0xfee00fff] has been reserved
[    0.282355] system 00:06: Plug and Play ACPI device, IDs PNP0c02 (active)
[    0.282439] system 00:07: [mem 0xf8000000-0xfbffffff] has been reserved
[    0.282443] system 00:07: Plug and Play ACPI device, IDs PNP0c02 (active)
[    0.282596] system 00:08: [mem 0x00000000-0x0009ffff] could not be reserved
[    0.282599] system 00:08: [mem 0x000c0000-0x000cffff] could not be reserved
[    0.282601] system 00:08: [mem 0x000e0000-0x000fffff] could not be reserved
[    0.282602] system 00:08: [mem 0x00100000-0xdfffffff] could not be reserved
[    0.282604] system 00:08: [mem 0xfed90000-0xffffffff] could not be reserved
[    0.282607] system 00:08: Plug and Play ACPI device, IDs PNP0c01 (active)
[    0.282712] pnp: PnP ACPI: found 9 devices
[    0.289192] clocksource: acpi_pm: mask: 0xffffff max_cycles: 0xffffff, max_idle_ns: 2085701024 ns
[    0.289211] pci 0000:00:1c.0: bridge window [io  0x1000-0x0fff] to [bus 06] add_size 1000
[    0.289214] pci 0000:00:1c.0: bridge window [mem 0x00100000-0x000fffff 64bit pref] to [bus 06] add_size 200000 add_align 100000
[    0.289216] pci 0000:00:1c.0: bridge window [mem 0x00100000-0x000fffff] to [bus 06] add_size 200000 add_align 100000
[    0.289223] pci 0000:00:1c.4: bridge window [io  0x1000-0x0fff] to [bus 05] add_size 1000
[    0.289226] pci 0000:00:1c.4: bridge window [mem 0x00100000-0x000fffff 64bit pref] to [bus 05] add_size 200000 add_align 100000
[    0.289228] pci 0000:00:1c.4: bridge window [mem 0x00100000-0x000fffff] to [bus 05] add_size 200000 add_align 100000
[    0.289235] pci 0000:00:1c.5: bridge window [io  0x1000-0x0fff] to [bus 04] add_size 1000
[    0.289237] pci 0000:00:1c.5: bridge window [mem 0x00100000-0x000fffff 64bit pref] to [bus 04] add_size 200000 add_align 100000
[    0.289239] pci 0000:00:1c.5: bridge window [mem 0x00100000-0x000fffff] to [bus 04] add_size 200000 add_align 100000
[    0.289247] pci 0000:00:1c.6: bridge window [mem 0x00100000-0x000fffff 64bit pref] to [bus 03] add_size 200000 add_align 100000
[    0.289262] pci 0000:00:1c.0: res[14]=[mem 0x00100000-0x000fffff] res_to_dev_res add_size 200000 min_align 100000
[    0.289264] pci 0000:00:1c.0: res[14]=[mem 0x00100000-0x002fffff] res_to_dev_res add_size 200000 min_align 100000
[    0.289266] pci 0000:00:1c.0: res[15]=[mem 0x00100000-0x000fffff 64bit pref] res_to_dev_res add_size 200000 min_align 100000
[    0.289269] pci 0000:00:1c.0: res[15]=[mem 0x00100000-0x002fffff 64bit pref] res_to_dev_res add_size 200000 min_align 100000
[    0.289271] pci 0000:00:1c.4: res[14]=[mem 0x00100000-0x000fffff] res_to_dev_res add_size 200000 min_align 100000
[    0.289273] pci 0000:00:1c.4: res[14]=[mem 0x00100000-0x002fffff] res_to_dev_res add_size 200000 min_align 100000
[    0.289275] pci 0000:00:1c.4: res[15]=[mem 0x00100000-0x000fffff 64bit pref] res_to_dev_res add_size 200000 min_align 100000
[    0.289277] pci 0000:00:1c.4: res[15]=[mem 0x00100000-0x002fffff 64bit pref] res_to_dev_res add_size 200000 min_align 100000
[    0.289279] pci 0000:00:1c.5: res[14]=[mem 0x00100000-0x000fffff] res_to_dev_res add_size 200000 min_align 100000
[    0.289281] pci 0000:00:1c.5: res[14]=[mem 0x00100000-0x002fffff] res_to_dev_res add_size 200000 min_align 100000
[    0.289283] pci 0000:00:1c.5: res[15]=[mem 0x00100000-0x000fffff 64bit pref] res_to_dev_res add_size 200000 min_align 100000
[    0.289285] pci 0000:00:1c.5: res[15]=[mem 0x00100000-0x002fffff 64bit pref] res_to_dev_res add_size 200000 min_align 100000
[    0.289287] pci 0000:00:1c.6: res[15]=[mem 0x00100000-0x000fffff 64bit pref] res_to_dev_res add_size 200000 min_align 100000
[    0.289289] pci 0000:00:1c.6: res[15]=[mem 0x00100000-0x002fffff 64bit pref] res_to_dev_res add_size 200000 min_align 100000
[    0.289291] pci 0000:00:1c.0: res[13]=[io  0x1000-0x0fff] res_to_dev_res add_size 1000 min_align 1000
[    0.289293] pci 0000:00:1c.0: res[13]=[io  0x1000-0x1fff] res_to_dev_res add_size 1000 min_align 1000
[    0.289294] pci 0000:00:1c.4: res[13]=[io  0x1000-0x0fff] res_to_dev_res add_size 1000 min_align 1000
[    0.289296] pci 0000:00:1c.4: res[13]=[io  0x1000-0x1fff] res_to_dev_res add_size 1000 min_align 1000
[    0.289298] pci 0000:00:1c.5: res[13]=[io  0x1000-0x0fff] res_to_dev_res add_size 1000 min_align 1000
[    0.289300] pci 0000:00:1c.5: res[13]=[io  0x1000-0x1fff] res_to_dev_res add_size 1000 min_align 1000
[    0.289304] pci 0000:00:1c.0: BAR 14: assigned [mem 0xf4000000-0xf41fffff]
[    0.289309] pci 0000:00:1c.0: BAR 15: assigned [mem 0xf4200000-0xf43fffff 64bit pref]
[    0.289311] pci 0000:00:1c.4: BAR 14: assigned [mem 0xf4400000-0xf45fffff]
[    0.289314] pci 0000:00:1c.4: BAR 15: assigned [mem 0xf4600000-0xf47fffff 64bit pref]
[    0.289317] pci 0000:00:1c.5: BAR 14: assigned [mem 0xf4800000-0xf49fffff]
[    0.289320] pci 0000:00:1c.5: BAR 15: assigned [mem 0xf4a00000-0xf4bfffff 64bit pref]
[    0.289324] pci 0000:00:1c.6: BAR 15: assigned [mem 0xf4c00000-0xf4dfffff 64bit pref]
[    0.289326] pci 0000:00:1c.0: BAR 13: assigned [io  0x1000-0x1fff]
[    0.289328] pci 0000:00:1c.4: BAR 13: assigned [io  0x2000-0x2fff]
[    0.289330] pci 0000:00:1c.5: BAR 13: assigned [io  0x3000-0x3fff]
[    0.289334] pci 0000:00:03.0: PCI bridge to [bus 01]
[    0.289336] pci 0000:00:03.0:   bridge window [io  0xc000-0xcfff]
[    0.289339] pci 0000:00:03.0:   bridge window [mem 0xf6000000-0xf7dfffff]
[    0.289342] pci 0000:00:03.0:   bridge window [mem 0xe0000000-0xf3ffffff 64bit pref]
[    0.289346] pci 0000:00:1c.0: PCI bridge to [bus 06]
[    0.289349] pci 0000:00:1c.0:   bridge window [io  0x1000-0x1fff]
[    0.289353] pci 0000:00:1c.0:   bridge window [mem 0xf4000000-0xf41fffff]
[    0.289356] pci 0000:00:1c.0:   bridge window [mem 0xf4200000-0xf43fffff 64bit pref]
[    0.289361] pci 0000:00:1c.4: PCI bridge to [bus 05]
[    0.289363] pci 0000:00:1c.4:   bridge window [io  0x2000-0x2fff]
[    0.289367] pci 0000:00:1c.4:   bridge window [mem 0xf4400000-0xf45fffff]
[    0.289370] pci 0000:00:1c.4:   bridge window [mem 0xf4600000-0xf47fffff 64bit pref]
[    0.289375] pci 0000:00:1c.5: PCI bridge to [bus 04]
[    0.289378] pci 0000:00:1c.5:   bridge window [io  0x3000-0x3fff]
[    0.289382] pci 0000:00:1c.5:   bridge window [mem 0xf4800000-0xf49fffff]
[    0.289385] pci 0000:00:1c.5:   bridge window [mem 0xf4a00000-0xf4bfffff 64bit pref]
[    0.289390] pci 0000:00:1c.6: PCI bridge to [bus 03]
[    0.289392] pci 0000:00:1c.6:   bridge window [io  0xe000-0xefff]
[    0.289396] pci 0000:00:1c.6:   bridge window [mem 0xf7f00000-0xf7ffffff]
[    0.289400] pci 0000:00:1c.6:   bridge window [mem 0xf4c00000-0xf4dfffff 64bit pref]
[    0.289405] pci 0000:00:1c.7: PCI bridge to [bus 02]
[    0.289407] pci 0000:00:1c.7:   bridge window [io  0xd000-0xdfff]
[    0.289411] pci 0000:00:1c.7:   bridge window [mem 0xf7e00000-0xf7efffff]
[    0.289414] pci 0000:00:1c.7:   bridge window [mem 0xf4f00000-0xf4ffffff 64bit pref]
[    0.289419] pci 0000:00:1e.0: PCI bridge to [bus 07]
[    0.289429] pci_bus 0000:00: resource 4 [io  0x0000-0x0cf7 window]
[    0.289431] pci_bus 0000:00: resource 5 [io  0x0d00-0xffff window]
[    0.289432] pci_bus 0000:00: resource 6 [mem 0x000a0000-0x000bffff window]
[    0.289434] pci_bus 0000:00: resource 7 [mem 0x000d0000-0x000dffff window]
[    0.289436] pci_bus 0000:00: resource 8 [mem 0xe0000000-0xf7ffffff window]
[    0.289437] pci_bus 0000:00: resource 9 [mem 0xfc000000-0xfed8ffff window]
[    0.289439] pci_bus 0000:01: resource 0 [io  0xc000-0xcfff]
[    0.289441] pci_bus 0000:01: resource 1 [mem 0xf6000000-0xf7dfffff]
[    0.289442] pci_bus 0000:01: resource 2 [mem 0xe0000000-0xf3ffffff 64bit pref]
[    0.289444] pci_bus 0000:06: resource 0 [io  0x1000-0x1fff]
[    0.289446] pci_bus 0000:06: resource 1 [mem 0xf4000000-0xf41fffff]
[    0.289447] pci_bus 0000:06: resource 2 [mem 0xf4200000-0xf43fffff 64bit pref]
[    0.289449] pci_bus 0000:05: resource 0 [io  0x2000-0x2fff]
[    0.289451] pci_bus 0000:05: resource 1 [mem 0xf4400000-0xf45fffff]
[    0.289452] pci_bus 0000:05: resource 2 [mem 0xf4600000-0xf47fffff 64bit pref]
[    0.289454] pci_bus 0000:04: resource 0 [io  0x3000-0x3fff]
[    0.289456] pci_bus 0000:04: resource 1 [mem 0xf4800000-0xf49fffff]
[    0.289457] pci_bus 0000:04: resource 2 [mem 0xf4a00000-0xf4bfffff 64bit pref]
[    0.289459] pci_bus 0000:03: resource 0 [io  0xe000-0xefff]
[    0.289460] pci_bus 0000:03: resource 1 [mem 0xf7f00000-0xf7ffffff]
[    0.289462] pci_bus 0000:03: resource 2 [mem 0xf4c00000-0xf4dfffff 64bit pref]
[    0.289464] pci_bus 0000:02: resource 0 [io  0xd000-0xdfff]
[    0.289465] pci_bus 0000:02: resource 1 [mem 0xf7e00000-0xf7efffff]
[    0.289467] pci_bus 0000:02: resource 2 [mem 0xf4f00000-0xf4ffffff 64bit pref]
[    0.289469] pci_bus 0000:07: resource 4 [io  0x0000-0x0cf7 window]
[    0.289470] pci_bus 0000:07: resource 5 [io  0x0d00-0xffff window]
[    0.289472] pci_bus 0000:07: resource 6 [mem 0x000a0000-0x000bffff window]
[    0.289474] pci_bus 0000:07: resource 7 [mem 0x000d0000-0x000dffff window]
[    0.289475] pci_bus 0000:07: resource 8 [mem 0xe0000000-0xf7ffffff window]
[    0.289477] pci_bus 0000:07: resource 9 [mem 0xfc000000-0xfed8ffff window]
[    0.289480] pci_bus 0000:3f: resource 4 [io  0x0000-0xffff]
[    0.289482] pci_bus 0000:3f: resource 5 [mem 0x00000000-0xfffffffff]
[    0.289515] NET: Registered protocol family 2
[    0.289691] TCP established hash table entries: 65536 (order: 7, 524288 bytes)
[    0.289884] TCP bind hash table entries: 65536 (order: 8, 1048576 bytes)
[    0.290164] TCP: Hash tables configured (established 65536 bind 65536)
[    0.290194] UDP hash table entries: 4096 (order: 5, 131072 bytes)
[    0.290253] UDP-Lite hash table entries: 4096 (order: 5, 131072 bytes)
[    0.290357] NET: Registered protocol family 1
[    0.290673] pci 0000:01:00.0: Video device with shadowed ROM
[    0.290682] pci 0000:03:00.0: async suspend disabled to avoid multi-function power-on ordering issue
[    0.290686] pci 0000:03:00.1: async suspend disabled to avoid multi-function power-on ordering issue
[    0.290705] PCI: CLS 32 bytes, default 64
[    0.290752] Unpacking initramfs...
[    0.965145] Freeing initrd memory: 44708K (ffff88003289e000 - ffff880035447000)
[    0.965167] PCI-DMA: Using software bounce buffering for IO (SWIOTLB)
[    0.965170] software IO TLB [mem 0xdbe70000-0xdfe70000] (64MB) mapped at [ffff8800dbe70000-ffff8800dfe6ffff]
[    0.965353] Scanning for low memory corruption every 60 seconds
[    0.965812] audit: initializing netlink subsys (disabled)
[    0.965828] audit: type=2000 audit(1497382052.840:1): initialized
[    0.966173] Initialise system trusted keyring
[    0.966268] HugeTLB registered 2 MB page size, pre-allocated 0 pages
[    0.967664] zbud: loaded
[    0.967873] VFS: Disk quotas dquot_6.6.0
[    0.967911] VFS: Dquot-cache hash table entries: 512 (order 0, 4096 bytes)
[    0.968168] squashfs: version 4.0 (2009/01/31) Phillip Lougher
[    0.968425] fuse init (API version 7.23)
[    0.968568] Key type big_key registered
[    0.968585] Allocating IMA MOK and blacklist keyrings.
[    0.968900] Key type asymmetric registered
[    0.968903] Asymmetric key parser 'x509' registered
[    0.968939] Block layer SCSI generic (bsg) driver version 0.4 loaded (major 249)
[    0.968965] io scheduler noop registered
[    0.968967] io scheduler deadline registered (default)
[    0.968998] io scheduler cfq registered
[    0.969223] pcieport 0000:00:1c.0: enabling device (0104 -> 0107)
[    0.969315] pcieport 0000:00:1c.4: enabling device (0104 -> 0107)
[    0.969403] pcieport 0000:00:1c.5: enabling device (0104 -> 0107)
[    0.969677] pci_hotplug: PCI Hot Plug PCI Core version: 0.5
[    0.969684] pciehp: PCI Express Hot Plug Controller Driver version: 0.4
[    0.969712] vesafb: mode is 1680x1050x32, linelength=6720, pages=0
[    0.969714] vesafb: scrolling: redraw
[    0.969715] vesafb: Truecolor: size=8:8:8:8, shift=24:16:8:0
[    0.969726] vesafb: framebuffer at 0xf3000000, mapped to 0xffffc90001000000, using 6912k, total 6912k
[    0.969821] Console: switching to colour frame buffer device 210x65
[    0.969863] fb0: VESA VGA frame buffer device
[    0.969879] intel_idle: MWAIT substates: 0x1120
[    0.969883] intel_idle: v0.4.1 model 0x1E
[    0.969884] intel_idle: lapic_timer_reliable_states 0x2
[    0.970073] input: Power Button as /devices/LNXSYSTM:00/LNXSYBUS:00/PNP0C0C:00/input/input0
[    0.970077] ACPI: Power Button [PWRB]
[    0.970111] input: Power Button as /devices/LNXSYSTM:00/LNXPWRBN:00/input/input1
[    0.970113] ACPI: Power Button [PWRF]
[    0.970289] GHES: HEST is not enabled!
[    0.970372] Serial: 8250/16550 driver, 32 ports, IRQ sharing enabled
[    0.990770] 00:05: ttyS0 at I/O 0x3f8 (irq = 4, base_baud = 115200) is a 16550A
[    0.992484] Linux agpgart interface v0.103
[    0.995143] loop: module loaded
[    0.995331] libphy: Fixed MDIO Bus: probed
[    0.995334] tun: Universal TUN/TAP device driver, 1.6
[    0.995335] tun: (C) 1999-2004 Max Krasnyansky <maxk@qualcomm.com>
[    0.995404] PPP generic driver version 2.4.2
[    0.995497] ehci_hcd: USB 2.0 'Enhanced' Host Controller (EHCI) Driver
[    0.995501] ehci-pci: EHCI PCI platform driver
[    0.995591] ehci-pci 0000:00:1a.0: EHCI Host Controller
[    0.995597] ehci-pci 0000:00:1a.0: new USB bus registered, assigned bus number 1
[    0.995608] ehci-pci 0000:00:1a.0: debug port 2
[    0.999522] ehci-pci 0000:00:1a.0: cache line size of 32 is not supported
[    0.999533] ehci-pci 0000:00:1a.0: irq 16, io mem 0xf5ffe000
[    1.007897] ehci-pci 0000:00:1a.0: USB 2.0 started, EHCI 1.00
[    1.007937] usb usb1: New USB device found, idVendor=1d6b, idProduct=0002
[    1.007939] usb usb1: New USB device strings: Mfr=3, Product=2, SerialNumber=1
[    1.007941] usb usb1: Product: EHCI Host Controller
[    1.007942] usb usb1: Manufacturer: Linux 4.4.0-79-generic ehci_hcd
[    1.007944] usb usb1: SerialNumber: 0000:00:1a.0
[    1.008236] hub 1-0:1.0: USB hub found
[    1.008249] hub 1-0:1.0: 2 ports detected
[    1.008430] ehci-pci 0000:00:1d.0: EHCI Host Controller
[    1.008435] ehci-pci 0000:00:1d.0: new USB bus registered, assigned bus number 2
[    1.008446] ehci-pci 0000:00:1d.0: debug port 2
[    1.012370] ehci-pci 0000:00:1d.0: cache line size of 32 is not supported
[    1.012381] ehci-pci 0000:00:1d.0: irq 23, io mem 0xf5ffd000
[    1.023855] ehci-pci 0000:00:1d.0: USB 2.0 started, EHCI 1.00
[    1.023917] usb usb2: New USB device found, idVendor=1d6b, idProduct=0002
[    1.023919] usb usb2: New USB device strings: Mfr=3, Product=2, SerialNumber=1
[    1.023920] usb usb2: Product: EHCI Host Controller
[    1.023922] usb usb2: Manufacturer: Linux 4.4.0-79-generic ehci_hcd
[    1.023923] usb usb2: SerialNumber: 0000:00:1d.0
[    1.024261] hub 2-0:1.0: USB hub found
[    1.024275] hub 2-0:1.0: 2 ports detected
[    1.024373] ehci-platform: EHCI generic platform driver
[    1.024382] ohci_hcd: USB 1.1 'Open' Host Controller (OHCI) Driver
[    1.024386] ohci-pci: OHCI PCI platform driver
[    1.024397] ohci-platform: OHCI generic platform driver
[    1.024405] uhci_hcd: USB Universal Host Controller Interface driver
[    1.024456] i8042: PNP: No PS/2 controller found. Probing ports directly.
[    1.027554] serio: i8042 KBD port at 0x60,0x64 irq 1
[    1.027559] serio: i8042 AUX port at 0x60,0x64 irq 12
[    1.028023] mousedev: PS/2 mouse device common for all mice
[    1.028787] rtc_cmos 00:01: RTC can wake from S4
[    1.029083] rtc_cmos 00:01: rtc core: registered rtc_cmos as rtc0
[    1.029119] rtc_cmos 00:01: alarms up to one month, y3k, 114 bytes nvram, hpet irqs
[    1.029141] i2c /dev entries driver
[    1.029209] device-mapper: uevent: version 1.0.3
[    1.029452] device-mapper: ioctl: 4.34.0-ioctl (2015-10-28) initialised: dm-devel@redhat.com
[    1.029502] ledtrig-cpu: registered to indicate activity on CPUs
[    1.030473] NET: Registered protocol family 10
[    1.030795] NET: Registered protocol family 17
[    1.030805] Key type dns_resolver registered
[    1.031171] microcode: CPU0 sig=0x106e5, pf=0x2, revision=0x7
[    1.031211] microcode: CPU1 sig=0x106e5, pf=0x2, revision=0x7
[    1.031215] microcode: CPU2 sig=0x106e5, pf=0x2, revision=0x7
[    1.031270] microcode: CPU3 sig=0x106e5, pf=0x2, revision=0x7
[    1.031361] microcode: Microcode Update Driver: v2.01 <tigran@aivazian.fsnet.co.uk>, Peter Oruba
[    1.031749] registered taskstats version 1
[    1.031762] Loading compiled-in X.509 certificates
[    1.032691] Loaded X.509 cert 'Build time autogenerated kernel key: 761c03361fb5ffec61c19dca354b3d4126495503'
[    1.032710] zswap: loaded using pool lzo/zbud
[    1.035082] Key type trusted registered
[    1.039889] Key type encrypted registered
[    1.039901] AppArmor: AppArmor sha1 policy hashing enabled
[    1.039907] ima: No TPM chip found, activating TPM-bypass!
[    1.039944] evm: HMAC attrs: 0x1
[    1.040424]   Magic number: 5:917:495
[    1.040616] rtc_cmos 00:01: setting system clock to 2017-06-13 19:27:33 UTC (1497382053)
[    1.041021] BIOS EDD facility v0.16 2004-Jun-25, 0 devices found
[    1.041022] EDD information not available.
[    1.041063] PM: Hibernation image not present or could not be loaded.
[    1.042576] Freeing unused kernel memory: 1484K (ffffffff81f45000 - ffffffff820b8000)
[    1.042577] Write protecting the kernel read-only data: 14336k
[    1.043407] Freeing unused kernel memory: 1760K (ffff880001848000 - ffff880001a00000)
[    1.043962] Freeing unused kernel memory: 112K (ffff880001de4000 - ffff880001e00000)
[    1.058786] random: systemd-udevd: uninitialized urandom read (16 bytes read, 9 bits of entropy available)
[    1.058854] random: systemd-udevd: uninitialized urandom read (16 bytes read, 9 bits of entropy available)
[    1.058866] random: systemd-udevd: uninitialized urandom read (16 bytes read, 9 bits of entropy available)
[    1.058881] random: systemd-udevd: uninitialized urandom read (16 bytes read, 9 bits of entropy available)
[    1.059370] random: udevadm: uninitialized urandom read (16 bytes read, 9 bits of entropy available)
[    1.059411] random: udevadm: uninitialized urandom read (16 bytes read, 9 bits of entropy available)
[    1.059646] random: udevadm: uninitialized urandom read (16 bytes read, 9 bits of entropy available)
[    1.059697] random: udevadm: uninitialized urandom read (16 bytes read, 9 bits of entropy available)
[    1.059747] random: udevadm: uninitialized urandom read (16 bytes read, 9 bits of entropy available)
[    1.059848] random: udevadm: uninitialized urandom read (16 bytes read, 10 bits of entropy available)
[    1.084132] FUJITSU Extended Socket Network Device Driver - version 1.0 - Copyright (c) 2015 FUJITSU LIMITED
[    1.095526] r8169 Gigabit Ethernet driver 2.3LK-NAPI loaded
[    1.095536] r8169 0000:02:00.0: can't disable ASPM; OS doesn't have ASPM control
[    1.095898] r8169 0000:02:00.0 eth0: RTL8168d/8111d at 0xffffc90000e7c000, 90:e6:ba:bc:92:ba, XID 083000c0 IRQ 29
[    1.095900] r8169 0000:02:00.0 eth0: jumbo features [frames: 9200 bytes, tx checksumming: ko]
[    1.096309] [drm] Initialized drm 1.1.0 20060810
[    1.098253] ahci 0000:00:1f.2: version 3.0
[    1.098377] ahci 0000:00:1f.2: SSS flag set, parallel bus scan disabled
[    1.098422] ahci 0000:00:1f.2: AHCI 0001.0300 32 slots 6 ports 3 Gbps 0x3f impl SATA mode
[    1.098425] ahci 0000:00:1f.2: flags: 64bit ncq sntf stag pm led clo pmp pio slum part ems sxs apst 
[    1.099637] scsi host0: pata_jmicron
[    1.099799] scsi host1: pata_jmicron
[    1.099845] ata1: PATA max UDMA/100 cmd 0xec00 ctl 0xe880 bmdma 0xe400 irq 19
[    1.099847] ata2: PATA max UDMA/100 cmd 0xe800 ctl 0xe480 bmdma 0xe408 irq 19
[    1.109599] nvidia: module license 'NVIDIA' taints kernel.
[    1.109603] Disabling lock debugging due to kernel taint
[    1.115186] nvidia: module verification failed: signature and/or required key missing - tainting kernel
[    1.120448] vgaarb: device changed decodes: PCI:0000:01:00.0,olddecodes=io+mem,decodes=none:owns=io+mem
[    1.120521] nvidia-nvlink: Nvlink Core is being initialized, major device number 247
[    1.120534] NVRM: loading NVIDIA UNIX x86_64 Kernel Module  375.66  Mon May  1 15:29:16 PDT 2017 (using threaded interrupts)
[    1.121655] nvidia-modeset: Loading NVIDIA Kernel Mode Setting Driver for UNIX platforms  375.66  Mon May  1 14:33:30 PDT 2017
[    1.122370] [drm] [nvidia-drm] [GPU ID 0x00000100] Loading driver
[    1.129080] r8169 0000:02:00.0 enp2s0: renamed from eth0
[    1.136434] scsi host2: ahci
[    1.136614] scsi host3: ahci
[    1.136911] scsi host4: ahci
[    1.137131] scsi host5: ahci
[    1.137338] scsi host6: ahci
[    1.137525] scsi host7: ahci
[    1.137577] ata3: SATA max UDMA/133 abar m2048@0xf5ff7000 port 0xf5ff7100 irq 30
[    1.137579] ata4: SATA max UDMA/133 abar m2048@0xf5ff7000 port 0xf5ff7180 irq 30
[    1.137581] ata5: SATA max UDMA/133 abar m2048@0xf5ff7000 port 0xf5ff7200 irq 30
[    1.137583] ata6: SATA max UDMA/133 abar m2048@0xf5ff7000 port 0xf5ff7280 irq 30
[    1.137585] ata7: SATA max UDMA/133 abar m2048@0xf5ff7000 port 0xf5ff7300 irq 30
[    1.137587] ata8: SATA max UDMA/133 abar m2048@0xf5ff7000 port 0xf5ff7380 irq 30
[    1.137667] ahci 0000:03:00.0: JMB361 has only one port
[    1.137677] ahci 0000:03:00.0: forcing port_map 0x3 -> 0x1
[    1.151993] ahci 0000:03:00.0: AHCI 0001.0000 32 slots 2 ports 3 Gbps 0x1 impl SATA mode
[    1.151996] ahci 0000:03:00.0: flags: 64bit ncq led clo pmp pio 
[    1.152322] scsi host8: ahci
[    1.152699] scsi host9: ahci
[    1.152818] ata9: SATA max UDMA/133 abar m8192@0xf7ffa000 port 0xf7ffa100 irq 18
[    1.152822] ata10: DUMMY
[    1.319790] usb 1-1: new high-speed USB device number 2 using ehci-pci
[    1.335788] usb 2-1: new high-speed USB device number 2 using ehci-pci
[    1.452459] usb 1-1: New USB device found, idVendor=8087, idProduct=0020
[    1.452465] usb 1-1: New USB device strings: Mfr=0, Product=0, SerialNumber=0
[    1.453000] hub 1-1:1.0: USB hub found
[    1.453130] hub 1-1:1.0: 6 ports detected
[    1.468582] usb 2-1: New USB device found, idVendor=8087, idProduct=0020
[    1.468589] usb 2-1: New USB device strings: Mfr=0, Product=0, SerialNumber=0
[    1.469092] hub 2-1:1.0: USB hub found
[    1.469208] hub 2-1:1.0: 8 ports detected
[    1.471736] ata9: SATA link down (SStatus 0 SControl 300)
[    1.627777] ata3: SATA link up 3.0 Gbps (SStatus 123 SControl 300)
[    1.640419] ata3.00: ATA-8: WDC WD5000AAKX-00ERMA0, 15.01H15, max UDMA/133
[    1.640425] ata3.00: 976773168 sectors, multi 0: LBA48 NCQ (depth 31/32), AA
[    1.641877] ata3.00: configured for UDMA/133
[    1.642318] scsi 2:0:0:0: Direct-Access     ATA      WDC WD5000AAKX-0 1H15 PQ: 0 ANSI: 5
[    1.642925] sd 2:0:0:0: [sda] 976773168 512-byte logical blocks: (500 GB/466 GiB)
[    1.643016] sd 2:0:0:0: Attached scsi generic sg0 type 0
[    1.643047] sd 2:0:0:0: [sda] Write Protect is off
[    1.643051] sd 2:0:0:0: [sda] Mode Sense: 00 3a 00 00
[    1.643123] sd 2:0:0:0: [sda] Write cache: enabled, read cache: enabled, doesn't support DPO or FUA
[    1.654102]  sda: sda1 sda2 sda3
[    1.655367] sd 2:0:0:0: [sda] Attached SCSI disk
[    1.739761] usb 2-1.2: new high-speed USB device number 3 using ehci-pci
[    1.835001] usb 2-1.2: New USB device found, idVendor=045e, idProduct=00f4
[    1.835008] usb 2-1.2: New USB device strings: Mfr=0, Product=1, SerialNumber=0
[    1.835012] usb 2-1.2: Product: USB20 Camera    
[    1.907753] usb 2-1.8: new full-speed USB device number 4 using ehci-pci
[    1.963745] tsc: Refined TSC clocksource calibration: 2674.966 MHz
[    1.963752] clocksource: tsc: mask: 0xffffffffffffffff max_cycles: 0x268eddfda1c, max_idle_ns: 440795338717 ns
[    2.003844] usb 2-1.8: New USB device found, idVendor=046d, idProduct=c52b
[    2.003851] usb 2-1.8: New USB device strings: Mfr=1, Product=2, SerialNumber=0
[    2.003855] usb 2-1.8: Product: USB Receiver
[    2.003858] usb 2-1.8: Manufacturer: Logitech
[    2.010011] hidraw: raw HID events driver (C) Jiri Kosina
[    2.016451] usbcore: registered new interface driver usbhid
[    2.016455] usbhid: USB HID core driver
[    2.019935] logitech-djreceiver 0003:046D:C52B.0003: hiddev0,hidraw0: USB HID v1.11 Device [Logitech USB Receiver] on usb-0000:00:1d.0-1.8/input2
[    2.131833] ata4: SATA link up 3.0 Gbps (SStatus 123 SControl 300)
[    2.141004] input: Logitech K250 as /devices/pci0000:00/0000:00:1d.0/usb2/2-1/2-1.8/2-1.8:1.2/0003:046D:C52B.0003/0003:046D:2015.0004/input/input5
[    2.141178] logitech-hidpp-device 0003:046D:2015.0004: input,hidraw1: USB HID v1.11 Keyboard [Logitech K250] on usb-0000:00:1d.0-1.8:1
[    2.145035] input: Logitech Performance MX as /devices/pci0000:00/0000:00:1d.0/usb2/2-1/2-1.8/2-1.8:1.2/0003:046D:C52B.0003/0003:046D:101A.0005/input/input6
[    2.145485] logitech-hidpp-device 0003:046D:101A.0005: input,hidraw2: USB HID v1.11 Mouse [Logitech Performance MX] on usb-0000:00:1d.0-1.8:2
[    2.145884] ata4.00: ATA-8: WDC WD5000AAKX-001CA0, 15.01H15, max UDMA/133
[    2.145887] ata4.00: 976773168 sectors, multi 0: LBA48 NCQ (depth 31/32), AA
[    2.147529] ata4.00: configured for UDMA/133
[    2.147907] scsi 3:0:0:0: Direct-Access     ATA      WDC WD5000AAKX-0 1H15 PQ: 0 ANSI: 5
[    2.148396] sd 3:0:0:0: [sdb] 976773168 512-byte logical blocks: (500 GB/466 GiB)
[    2.148422] sd 3:0:0:0: Attached scsi generic sg1 type 0
[    2.148548] sd 3:0:0:0: [sdb] Write Protect is off
[    2.148552] sd 3:0:0:0: [sdb] Mode Sense: 00 3a 00 00
[    2.148665] sd 3:0:0:0: [sdb] Write cache: enabled, read cache: enabled, doesn't support DPO or FUA
[    2.159044]  sdb: sdb1 sdb2 sdb3 sdb4
[    2.159669] sd 3:0:0:0: [sdb] Attached SCSI disk
[    2.639698] ata5: SATA link up 1.5 Gbps (SStatus 113 SControl 300)
[    2.642720] ata5.00: ATAPI: HL-DT-ST DVDRAM GH22NS50, TN02, max UDMA/100
[    2.646550] ata5.00: configured for UDMA/100
[    2.658956] scsi 4:0:0:0: CD-ROM            HL-DT-ST DVDRAM GH22NS50  TN02 PQ: 0 ANSI: 5
[    2.679688] sr 4:0:0:0: [sr0] scsi3-mmc drive: 48x/48x writer dvd-ram cd/rw xa/form2 cdda tray
[    2.679693] cdrom: Uniform CD-ROM driver Revision: 3.20
[    2.679925] sr 4:0:0:0: Attached scsi CD-ROM sr0
[    2.679987] sr 4:0:0:0: Attached scsi generic sg2 type 5
[    2.964110] clocksource: Switched to clocksource tsc
[    3.003690] ata6: SATA link down (SStatus 0 SControl 300)
[    3.323670] ata7: SATA link down (SStatus 0 SControl 300)
[    3.643651] ata8: SATA link down (SStatus 0 SControl 300)
[    3.939655] random: nonblocking pool is initialized
[    4.107695] floppy0: no floppy controllers found
[    4.107709] work still pending
[    4.420474] EXT4-fs (sda2): mounted filesystem with ordered data mode. Opts: (null)
[    5.291886] systemd[1]: RTC configured in localtime, applying delta of 120 minutes to system time.
[    5.829558] systemd[1]: systemd 229 running in system mode. (+PAM +AUDIT +SELINUX +IMA +APPARMOR +SMACK +SYSVINIT +UTMP +LIBCRYPTSETUP +GCRYPT +GNUTLS +ACL +XZ -LZ4 +SECCOMP +BLKID +ELFUTILS +KMOD -IDN)
[    5.829677] systemd[1]: Detected architecture x86-64.
[    5.839524] systemd[1]: Set hostname to <luivalis>.
[    8.149580] systemd[1]: Set up automount Arbitrary Executable File Formats File System Automount Point.
[    8.149871] systemd[1]: Created slice User and Session Slice.
[    8.149882] systemd[1]: Reached target Remote File Systems (Pre).
[    8.149924] systemd[1]: Started Trigger resolvconf update for networkd DNS.
[    8.149968] systemd[1]: Listening on Journal Socket.
[    8.149986] systemd[1]: Reached target Encrypted Volumes.
[    8.150011] systemd[1]: Listening on Journal Socket (/dev/log).
[    8.150031] systemd[1]: Listening on Syslog Socket.
[    8.150040] systemd[1]: Reached target Remote File Systems.
[    8.150050] systemd[1]: Reached target User and Group Name Lookups.
[    8.150070] systemd[1]: Listening on fsck to fsckd communication Socket.
[    8.150104] systemd[1]: Started Forward Password Requests to Wall Directory Watch.
[    8.150133] systemd[1]: Listening on /dev/initctl Compatibility Named Pipe.
[    8.150155] systemd[1]: Listening on udev Kernel Socket.
[    8.150391] systemd[1]: Created slice System Slice.
[    8.159498] systemd[1]: Mounting POSIX Message Queue File System...
[    8.159522] systemd[1]: Reached target Slices.
[    8.160090] systemd[1]: Started Braille Device Support.
[    8.259392] systemd[1]: Starting Set console keymap...
[    8.259929] systemd[1]: Mounting Huge Pages File System...
[    8.260533] systemd[1]: Starting Create list of required static device nodes for the current kernel...
[    8.261109] systemd[1]: Mounting Debug File System...
[    8.261708] systemd[1]: Started Read required files in advance.
[    8.262343] systemd[1]: Starting Uncomplicated firewall...
[    8.262399] systemd[1]: Listening on udev Control Socket.
[    8.395482] systemd[1]: Starting Load Kernel Modules...
[    8.395553] systemd[1]: Listening on Journal Audit Socket.
[    8.396112] systemd[1]: Starting Journal Service...
[    8.459666] systemd[1]: Started Create list of required static device nodes for the current kernel.
[    8.471673] systemd[1]: Starting Create Static Device Nodes in /dev...
[    8.670448] systemd[1]: Mounted Huge Pages File System.
[    8.670516] systemd[1]: Mounted Debug File System.
[    8.670559] systemd[1]: Mounted POSIX Message Queue File System.
[    8.893940] systemd[1]: Started Uncomplicated firewall.
[    8.996339] systemd[1]: Started Journal Service.
[    9.318100] lp: driver loaded but no devices found
[    9.382260] ppdev: user-space parallel port driver
[   13.320669] EXT4-fs (sda2): re-mounted. Opts: errors=remount-ro
[   13.700678] systemd-journald[317]: Received request to flush runtime journal from PID 1
[   14.085774] ACPI Warning: SystemIO range 0x0000000000000540-0x000000000000054F conflicts with OpRegion 0x0000000000000500-0x000000000000054F (\GPS1) (20150930/utaddress-254)
[   14.085779] ACPI: If an ACPI driver is available for this device, you should use it instead of the native driver
[   14.085781] ACPI Warning: SystemIO range 0x0000000000000530-0x000000000000053F conflicts with OpRegion 0x0000000000000500-0x000000000000054F (\GPS1) (20150930/utaddress-254)
[   14.085785] ACPI Warning: SystemIO range 0x0000000000000530-0x000000000000053F conflicts with OpRegion 0x0000000000000500-0x000000000000053F (\GPS0) (20150930/utaddress-254)
[   14.085788] ACPI: If an ACPI driver is available for this device, you should use it instead of the native driver
[   14.085789] ACPI Warning: SystemIO range 0x0000000000000500-0x000000000000052F conflicts with OpRegion 0x0000000000000500-0x000000000000054F (\GPS1) (20150930/utaddress-254)
[   14.085792] ACPI Warning: SystemIO range 0x0000000000000500-0x000000000000052F conflicts with OpRegion 0x0000000000000500-0x000000000000053F (\GPS0) (20150930/utaddress-254)
[   14.085794] ACPI: If an ACPI driver is available for this device, you should use it instead of the native driver
[   14.085795] lpc_ich: Resource conflict(s) found affecting gpio_ich
[   14.280476] shpchp: Standard Hot Plug PCI Controller Driver version: 0.4
[   14.298393] EDAC MC: Ver: 3.0.0
[   14.368625] EDAC MC0: Giving out device to module i7core_edac.c controller i7 core #0: DEV 0000:3f:03.0 (POLLED)
[   14.368665] EDAC PCI0: Giving out device to module i7core_edac controller EDAC PCI controller: DEV 0000:3f:03.0 (POLLED)
[   14.368671] EDAC i7core: Driver loaded, 1 memory controller(s) found.
[   14.572897] kvm: VM_EXIT_LOAD_IA32_PERF_GLOBAL_CTRL does not work properly. Using workaround
[   15.838397] snd_hda_intel 0000:01:00.1: Disabling MSI
[   15.838405] snd_hda_intel 0000:01:00.1: Handle vga_switcheroo audio client
[   16.128256] snd_hda_codec_via hdaudioC0D0: autoconfig for VT1828S: line_outs=4 (0x24/0x25/0x26/0x27/0x0) type:line
[   16.128259] snd_hda_codec_via hdaudioC0D0:    speaker_outs=0 (0x0/0x0/0x0/0x0/0x0)
[   16.128261] snd_hda_codec_via hdaudioC0D0:    hp_outs=1 (0x28/0x0/0x0/0x0/0x0)
[   16.128263] snd_hda_codec_via hdaudioC0D0:    mono: mono_out=0x0
[   16.128264] snd_hda_codec_via hdaudioC0D0:    dig-out=0x2d/0x2e
[   16.128266] snd_hda_codec_via hdaudioC0D0:    inputs:
[   16.128268] snd_hda_codec_via hdaudioC0D0:      Front Mic=0x29
[   16.128270] snd_hda_codec_via hdaudioC0D0:      Rear Mic=0x2b
[   16.128271] snd_hda_codec_via hdaudioC0D0:      Line=0x2a
[   16.128273] snd_hda_codec_via hdaudioC0D0:      CD=0x2c
[   16.137719] input: HDA Intel MID Front Mic as /devices/pci0000:00/0000:00:1b.0/sound/card0/input7
[   16.137773] input: HDA Intel MID Rear Mic as /devices/pci0000:00/0000:00:1b.0/sound/card0/input8
[   16.137822] input: HDA Intel MID Line as /devices/pci0000:00/0000:00:1b.0/sound/card0/input9
[   16.137872] input: HDA Intel MID Line Out Front as /devices/pci0000:00/0000:00:1b.0/sound/card0/input10
[   16.137922] input: HDA Intel MID Line Out Surround as /devices/pci0000:00/0000:00:1b.0/sound/card0/input11
[   16.137971] input: HDA Intel MID Line Out CLFE as /devices/pci0000:00/0000:00:1b.0/sound/card0/input12
[   16.138020] input: HDA Intel MID Line Out Side as /devices/pci0000:00/0000:00:1b.0/sound/card0/input13
[   16.138071] input: HDA Intel MID Front Headphone as /devices/pci0000:00/0000:00:1b.0/sound/card0/input14
[   16.374155] nvidia-uvm: Loaded the UVM driver in 8 mode, major device number 245
[   16.392046] input: HDA NVidia HDMI/DP,pcm=3 as /devices/pci0000:00/0000:00:03.0/0000:01:00.1/sound/card1/input15
[   16.392118] input: HDA NVidia HDMI/DP,pcm=7 as /devices/pci0000:00/0000:00:03.0/0000:01:00.1/sound/card1/input16
[   16.392175] input: HDA NVidia HDMI/DP,pcm=8 as /devices/pci0000:00/0000:00:03.0/0000:01:00.1/sound/card1/input17
[   16.392226] input: HDA NVidia HDMI/DP,pcm=9 as /devices/pci0000:00/0000:00:03.0/0000:01:00.1/sound/card1/input18
[   17.322900] floppy0: no floppy controllers found
[   17.322915] work still pending
[   18.162598] NVRM: Your system is not currently configured to drive a VGA console
[   18.162601] NVRM: on the primary VGA device. The NVIDIA Linux graphics driver
[   18.162603] NVRM: requires the use of a text-mode VGA console. Use of other console
[   18.162604] NVRM: drivers including, but not limited to, vesafb, may result in
[   18.162605] NVRM: corruption and stability problems, and is not supported.
[   18.632135] media: Linux media interface: v0.10
[   18.954762] Linux video capture interface: v2.00
[   19.429244] gspca_main: v2.14.0 registered
[   19.470166] gspca_main: gspca_sn9c20x-2.14.0 probing 045e:00f4
[   20.874838] gspca_sn9c20x: OV9650 sensor detected
[   20.874960] input: gspca_sn9c20x as /devices/pci0000:00/0000:00:1d.0/usb2/2-1/2-1.2/input/input19
[   20.875419] usbcore: registered new interface driver gspca_sn9c20x
[   21.476224] usb 2-1.2: 2:1: cannot get freq at ep 0x84
[   21.483535] usbcore: registered new interface driver snd-usb-audio
[   23.180530] Adding 16777212k swap on /dev/sda1.  Priority:-1 extents:1 across:16777212k FS
[   24.243307] audit: type=1400 audit(1497374876.703:2): apparmor="STATUS" operation="profile_load" profile="unconfined" name="docker-default" pid=901 comm="apparmor_parser"
[   24.700961] audit: type=1400 audit(1497374877.159:3): apparmor="STATUS" operation="profile_load" profile="unconfined" name="lxc-container-default" pid=903 comm="apparmor_parser"
[   24.700968] audit: type=1400 audit(1497374877.159:4): apparmor="STATUS" operation="profile_load" profile="unconfined" name="lxc-container-default-cgns" pid=903 comm="apparmor_parser"
[   24.700973] audit: type=1400 audit(1497374877.159:5): apparmor="STATUS" operation="profile_load" profile="unconfined" name="lxc-container-default-with-mounting" pid=903 comm="apparmor_parser"
[   24.700977] audit: type=1400 audit(1497374877.159:6): apparmor="STATUS" operation="profile_load" profile="unconfined" name="lxc-container-default-with-nesting" pid=903 comm="apparmor_parser"
[   24.742323] audit: type=1400 audit(1497374877.203:7): apparmor="STATUS" operation="profile_load" profile="unconfined" name="/usr/bin/lxc-start" pid=912 comm="apparmor_parser"
[   24.765866] audit: type=1400 audit(1497374877.223:8): apparmor="STATUS" operation="profile_load" profile="unconfined" name="/usr/lib/lightdm/lightdm-guest-session" pid=902 comm="apparmor_parser"
[   24.765873] audit: type=1400 audit(1497374877.223:9): apparmor="STATUS" operation="profile_load" profile="unconfined" name="/usr/lib/lightdm/lightdm-guest-session//chromium" pid=902 comm="apparmor_parser"
[   24.802839] audit: type=1400 audit(1497374877.263:10): apparmor="STATUS" operation="profile_load" profile="unconfined" name="/sbin/dhclient" pid=904 comm="apparmor_parser"
[   24.802846] audit: type=1400 audit(1497374877.263:11): apparmor="STATUS" operation="profile_load" profile="unconfined" name="/usr/lib/NetworkManager/nm-dhcp-client.action" pid=904 comm="apparmor_parser"
[   25.948298] cgroup: new mount options do not match the existing superblock, will be ignored
[   27.552819] vboxdrv: Found 4 processor cores
[   27.570634] vboxdrv: TSC mode is Invariant, tentative frequency 2674962113 Hz
[   27.570636] vboxdrv: Successfully loaded version 5.1.8 (interface 0x00280000)
[   27.791552] VBoxNetFlt: Successfully started.
[   28.045511] VBoxNetAdp: Successfully started.
[   28.047485] VBoxPciLinuxInit
[   28.380148] vboxpci: IOMMU not found (not registered)
[   31.918148] cgroup: new mount options do not match the existing superblock, will be ignored
[   35.089339] IPv6: ADDRCONF(NETDEV_UP): enp2s0: link is not ready
[   35.831010] r8169 0000:02:00.0 enp2s0: link down
[   35.831011] r8169 0000:02:00.0 enp2s0: link down
[   35.831055] IPv6: ADDRCONF(NETDEV_UP): enp2s0: link is not ready
[   38.363564] r8169 0000:02:00.0 enp2s0: link up
[   38.363580] IPv6: ADDRCONF(NETDEV_CHANGE): enp2s0: link becomes ready
[   43.362991] nvidia-modeset: Allocated GPU:0 (GPU-2d2b1aed-b84c-7ab8-6d3a-2ebe800f0f51) @ PCI:0000:01:00.0
[   44.830009] ip_tables: (C) 2000-2006 Netfilter Core Team
[   45.332221] bridge: automatic filtering via arp/ip/ip6tables has been deprecated. Update your scripts to load br_netfilter if you need this.
[   45.336746] IPv6: ADDRCONF(NETDEV_UP): lxcbr0: link is not ready
[   47.380491] nf_conntrack version 0.5.0 (65536 buckets, 262144 max)
[   48.874828] audit_printk_skb: 75 callbacks suppressed
[   48.874831] audit: type=1400 audit(1497374901.335:37): apparmor="STATUS" operation="profile_replace" profile="unconfined" name="/usr/bin/lxc-start" pid=2257 comm="apparmor_parser"
[   48.880722] audit: type=1400 audit(1497374901.339:38): apparmor="STATUS" operation="profile_replace" profile="unconfined" name="lxc-container-default" pid=2261 comm="apparmor_parser"
[   48.880729] audit: type=1400 audit(1497374901.339:39): apparmor="STATUS" operation="profile_replace" profile="unconfined" name="lxc-container-default-cgns" pid=2261 comm="apparmor_parser"
[   48.880735] audit: type=1400 audit(1497374901.339:40): apparmor="STATUS" operation="profile_replace" profile="unconfined" name="lxc-container-default-with-mounting" pid=2261 comm="apparmor_parser"
[   48.880740] audit: type=1400 audit(1497374901.339:41): apparmor="STATUS" operation="profile_replace" profile="unconfined" name="lxc-container-default-with-nesting" pid=2261 comm="apparmor_parser"
[   50.834656] ip6_tables: (C) 2000-2006 Netfilter Core Team
[   51.420570] Ebtables v2.0 registered
[   54.540669] device virbr0-nic entered promiscuous mode
[   55.429400] virbr0: port 1(virbr0-nic) entered listening state
[   55.429418] virbr0: port 1(virbr0-nic) entered listening state
[   55.765489] virbr0: port 1(virbr0-nic) entered disabled state
[   55.767841] device virbr0-nic left promiscuous mode
[   55.767856] virbr0: port 1(virbr0-nic) entered disabled state
[   64.467487] aufs 4.x-rcN-20160111
[   66.311910] Bridge firewalling registered
[   66.450500] Initializing XFRM netlink socket
[   66.457401] Netfilter messages via NETLINK v0.30.
[   66.459574] ctnetlink v0.93: registering with nfnetlink.
[   66.510051] IPv6: ADDRCONF(NETDEV_UP): docker0: link is not ready
[   67.231535] aufs au_opts_verify:1597:dockerd[2322]: dirperm1 breaks the protection by the permission bits on the lower branch
[   73.310787] usb 2-1.2: 2:1: cannot get freq at ep 0x84
[   73.422771] usb 2-1.2: 2:1: cannot get freq at ep 0x84
[   73.546685] usb 2-1.2: 2:1: cannot get freq at ep 0x84
[   73.658713] usb 2-1.2: 2:1: cannot get freq at ep 0x84
[  155.605882] usb 2-1.2: 2:1: cannot get freq at ep 0x84
[  155.718129] usb 2-1.2: 2:1: cannot get freq at ep 0x84
[  155.841501] usb 2-1.2: 2:1: cannot get freq at ep 0x84
[  155.953540] usb 2-1.2: 2:1: cannot get freq at ep 0x84
[  542.067668] perf interrupt took too long (2516 > 2500), lowering kernel.perf_event_max_sample_rate to 50000
[ 7597.737672] usb 1-1.3: new low-speed USB device number 3 using ehci-pci
[ 7597.840340] usb 1-1.3: New USB device found, idVendor=413c, idProduct=2003
[ 7597.840347] usb 1-1.3: New USB device strings: Mfr=1, Product=2, SerialNumber=0
[ 7597.840353] usb 1-1.3: Product: Dell USB Keyboard
[ 7597.840354] usb 1-1.3: Manufacturer: Dell
[ 7597.881280] input: Dell Dell USB Keyboard as /devices/pci0000:00/0000:00:1a.0/usb1/1-1/1-1.3/1-1.3:1.0/0003:413C:2003.0006/input/input20
[ 7597.934116] hid-generic 0003:413C:2003.0006: input,hidraw3: USB HID v1.10 Keyboard [Dell Dell USB Keyboard] on usb-0000:00:1a.0-1.3/input0
[ 8148.580685] usb 1-1.3: USB disconnect, device number 3
[ 8258.771132] usbcore: deregistering interface driver usbhid
[ 8283.161285] usb 1-1.3: new low-speed USB device number 4 using ehci-pci
[ 8283.259939] usb 1-1.3: New USB device found, idVendor=413c, idProduct=2003
[ 8283.259946] usb 1-1.3: New USB device strings: Mfr=1, Product=2, SerialNumber=0
[ 8283.259950] usb 1-1.3: Product: Dell USB Keyboard
[ 8283.259953] usb 1-1.3: Manufacturer: Dell
[ 8283.319302] logitech-djreceiver 0003:046D:C52B.0009: hiddev0,hidraw0: USB HID v1.11 Device [Logitech USB Receiver] on usb-0000:00:1d.0-1.8/input2
[ 8283.432409] input: Dell Dell USB Keyboard as /devices/pci0000:00/0000:00:1a.0/usb1/1-1/1-1.3/1-1.3:1.0/0003:413C:2003.000B/input/input21
[ 8283.486079] hid-generic 0003:413C:2003.000B: input,hidraw1: USB HID v1.10 Keyboard [Dell Dell USB Keyboard] on usb-0000:00:1a.0-1.3/input0
[ 8283.486111] usbcore: registered new interface driver usbhid
[ 8283.486112] usbhid: USB HID core driver
[ 8283.827168] input: Logitech K250 as /devices/pci0000:00/0000:00:1d.0/usb2/2-1/2-1.8/2-1.8:1.2/0003:046D:C52B.0009/0003:046D:2015.000A/input/input22
[ 8283.827496] logitech-hidpp-device 0003:046D:2015.000A: input,hidraw2: USB HID v1.11 Keyboard [Logitech K250] on usb-0000:00:1d.0-1.8:1
[ 8283.854943] input: Logitech Performance MX as /devices/pci0000:00/0000:00:1d.0/usb2/2-1/2-1.8/2-1.8:1.2/0003:046D:C52B.0009/0003:046D:101A.000C/input/input23
[ 8283.855067] logitech-hidpp-device 0003:046D:101A.000C: input,hidraw3: USB HID v1.11 Mouse [Logitech Performance MX] on usb-0000:00:1d.0-1.8:2
[ 8660.000235] usb 1-1.3: USB disconnect, device number 4
[ 8663.771441] usb 1-1.3: new low-speed USB device number 5 using ehci-pci
[ 8663.869650] usb 1-1.3: New USB device found, idVendor=413c, idProduct=2003
[ 8663.869657] usb 1-1.3: New USB device strings: Mfr=1, Product=2, SerialNumber=0
[ 8663.869661] usb 1-1.3: Product: Dell USB Keyboard
[ 8663.869664] usb 1-1.3: Manufacturer: Dell
[ 8663.873808] input: Dell Dell USB Keyboard as /devices/pci0000:00/0000:00:1a.0/usb1/1-1/1-1.3/1-1.3:1.0/0003:413C:2003.000D/input/input24
[ 8663.927931] hid-generic 0003:413C:2003.000D: input,hidraw1: USB HID v1.10 Keyboard [Dell Dell USB Keyboard] on usb-0000:00:1a.0-1.3/input0
[ 8777.209870] usb 1-1.3: USB disconnect, device number 5
[ 8804.723263] usbcore: deregistering interface driver usbhid
[ 8817.987294] usb 1-1.4: new low-speed USB device number 6 using ehci-pci
[ 8818.089915] usb 1-1.4: New USB device found, idVendor=413c, idProduct=2003
[ 8818.089922] usb 1-1.4: New USB device strings: Mfr=1, Product=2, SerialNumber=0
[ 8818.089926] usb 1-1.4: Product: Dell USB Keyboard
[ 8818.089930] usb 1-1.4: Manufacturer: Dell
[ 8818.112168] logitech-djreceiver 0003:046D:C52B.0010: hiddev0,hidraw0: USB HID v1.11 Device [Logitech USB Receiver] on usb-0000:00:1d.0-1.8/input2
[ 8818.230398] usbcore: registered new interface driver usbhid
[ 8818.230400] usbhid: USB HID core driver
[ 8818.234473] input: Dell Dell USB Keyboard as /devices/pci0000:00/0000:00:1a.0/usb1/1-1/1-1.4/1-1.4:1.0/0003:413C:2003.0012/input/input25
[ 8818.287781] hid-generic 0003:413C:2003.0012: input,hidraw1: USB HID v1.10 Keyboard [Dell Dell USB Keyboard] on usb-0000:00:1a.0-1.4/input0
[ 8818.647791] input: Logitech K250 as /devices/pci0000:00/0000:00:1d.0/usb2/2-1/2-1.8/2-1.8:1.2/0003:046D:C52B.0010/0003:046D:2015.0011/input/input26
[ 8818.648324] logitech-hidpp-device 0003:046D:2015.0011: input,hidraw2: USB HID v1.11 Keyboard [Logitech K250] on usb-0000:00:1d.0-1.8:1
[ 8818.741623] input: Logitech Performance MX as /devices/pci0000:00/0000:00:1d.0/usb2/2-1/2-1.8/2-1.8:1.2/0003:046D:C52B.0010/0003:046D:101A.0013/input/input27
[ 8818.741927] logitech-hidpp-device 0003:046D:101A.0013: input,hidraw3: USB HID v1.11 Mouse [Logitech Performance MX] on usb-0000:00:1d.0-1.8:2
[ 9012.568988] usb 1-1.4: USB disconnect, device number 6
[ 9018.634303] Hello USB World!
[ 9022.993268] usb 1-1.3: new low-speed USB device number 7 using ehci-pci
[ 9023.091826] usb 1-1.3: New USB device found, idVendor=413c, idProduct=2003
[ 9023.091832] usb 1-1.3: New USB device strings: Mfr=1, Product=2, SerialNumber=0
[ 9023.091837] usb 1-1.3: Product: Dell USB Keyboard
[ 9023.091840] usb 1-1.3: Manufacturer: Dell
[ 9023.095954] input: Dell Dell USB Keyboard as /devices/pci0000:00/0000:00:1a.0/usb1/1-1/1-1.3/1-1.3:1.0/0003:413C:2003.0014/input/input28
[ 9023.149558] hid-generic 0003:413C:2003.0014: input,hidraw1: USB HID v1.10 Keyboard [Dell Dell USB Keyboard] on usb-0000:00:1a.0-1.3/input0
