[    0.000000] microcode: CPU0 microcode updated early to revision 0x7, date = 2013-08-20
[    0.000000] Initializing cgroup subsys cpuset
[    0.000000] Initializing cgroup subsys cpu
[    0.000000] Initializing cgroup subsys cpuacct
[    0.000000] Linux version 4.4.0-75-generic (buildd@lgw01-21) (gcc version 5.4.0 20160609 (Ubuntu 5.4.0-6ubuntu1~16.04.4) ) #96-Ubuntu SMP Thu Apr 20 09:56:33 UTC 2017 (Ubuntu 4.4.0-75.96-generic 4.4.59)
[    0.000000] Command line: BOOT_IMAGE=/boot/vmlinuz-4.4.0-75-generic root=UUID=263729bd-a286-41f2-9c40-7c58e8ec9a64 ro quiet splash vt.handoff=7
[    0.000000] KERNEL supported cpus:
[    0.000000]   Intel GenuineIntel
[    0.000000]   AMD AuthenticAMD
[    0.000000]   Centaur CentaurHauls
[    0.000000] x86/fpu: Legacy x87 FPU detected.
[    0.000000] x86/fpu: Using 'lazy' FPU context switches.
[    0.000000] e820: BIOS-provided physical RAM map:
[    0.000000] BIOS-e820: [mem 0x0000000000000000-0x000000000009e7ff] usable
[    0.000000] BIOS-e820: [mem 0x000000000009e800-0x000000000009ffff] reserved
[    0.000000] BIOS-e820: [mem 0x00000000000e4000-0x00000000000fffff] reserved
[    0.000000] BIOS-e820: [mem 0x0000000000100000-0x00000000dfe6ffff] usable
[    0.000000] BIOS-e820: [mem 0x00000000dfe70000-0x00000000dfe87fff] ACPI data
[    0.000000] BIOS-e820: [mem 0x00000000dfe88000-0x00000000dfedbfff] ACPI NVS
[    0.000000] BIOS-e820: [mem 0x00000000dfedc000-0x00000000dfffffff] reserved
[    0.000000] BIOS-e820: [mem 0x00000000fee00000-0x00000000fee00fff] reserved
[    0.000000] BIOS-e820: [mem 0x00000000ffe00000-0x00000000ffffffff] reserved
[    0.000000] BIOS-e820: [mem 0x0000000100000000-0x000000021fffffff] usable
[    0.000000] NX (Execute Disable) protection: active
[    0.000000] SMBIOS 2.6 present.
[    0.000000] DMI: System manufacturer System Product Name/P7P55D LE, BIOS 2003    12/16/2010
[    0.000000] e820: update [mem 0x00000000-0x00000fff] usable ==> reserved
[    0.000000] e820: remove [mem 0x000a0000-0x000fffff] usable
[    0.000000] e820: last_pfn = 0x220000 max_arch_pfn = 0x400000000
[    0.000000] MTRR default type: uncachable
[    0.000000] MTRR fixed ranges enabled:
[    0.000000]   00000-9FFFF write-back
[    0.000000]   A0000-BFFFF uncachable
[    0.000000]   C0000-CFFFF write-protect
[    0.000000]   D0000-DFFFF uncachable
[    0.000000]   E0000-E7FFF write-through
[    0.000000]   E8000-FFFFF write-protect
[    0.000000] MTRR variable ranges enabled:
[    0.000000]   0 base 000000000 mask E00000000 write-back
[    0.000000]   1 base 200000000 mask FE0000000 write-back
[    0.000000]   2 base 0E0000000 mask FE0000000 uncachable
[    0.000000]   3 disabled
[    0.000000]   4 disabled
[    0.000000]   5 disabled
[    0.000000]   6 disabled
[    0.000000]   7 disabled
[    0.000000] x86/PAT: Configuration [0-7]: WB  WC  UC- UC  WB  WC  UC- WT  
[    0.000000] original variable MTRRs
[    0.000000] reg 0, base: 0GB, range: 8GB, type WB
[    0.000000] reg 1, base: 8GB, range: 512MB, type WB
[    0.000000] reg 2, base: 3584MB, range: 512MB, type UC
[    0.000000] total RAM covered: 8192M
[    0.000000] Found optimal setting for mtrr clean up
[    0.000000]  gran_size: 64K 	chunk_size: 64K 	num_reg: 5  	lose cover RAM: 0G
[    0.000000] New variable MTRRs
[    0.000000] reg 0, base: 0GB, range: 2GB, type WB
[    0.000000] reg 1, base: 2GB, range: 1GB, type WB
[    0.000000] reg 2, base: 3GB, range: 512MB, type WB
[    0.000000] reg 3, base: 4GB, range: 4GB, type WB
[    0.000000] reg 4, base: 8GB, range: 512MB, type WB
[    0.000000] e820: update [mem 0xe0000000-0xffffffff] usable ==> reserved
[    0.000000] e820: last_pfn = 0xdfe70 max_arch_pfn = 0x400000000
[    0.000000] found SMP MP-table at [mem 0x000ff780-0x000ff78f] mapped at [ffff8800000ff780]
[    0.000000] Scanning 1 areas for low memory corruption
[    0.000000] Base memory trampoline at [ffff880000098000] 98000 size 24576
[    0.000000] BRK [0x0220b000, 0x0220bfff] PGTABLE
[    0.000000] BRK [0x0220c000, 0x0220cfff] PGTABLE
[    0.000000] BRK [0x0220d000, 0x0220dfff] PGTABLE
[    0.000000] BRK [0x0220e000, 0x0220efff] PGTABLE
[    0.000000] BRK [0x0220f000, 0x0220ffff] PGTABLE
[    0.000000] BRK [0x02210000, 0x02210fff] PGTABLE
[    0.000000] RAMDISK: [mem 0x3296e000-0x354aefff]
[    0.000000] ACPI: Early table checksum verification disabled
[    0.000000] ACPI: RSDP 0x00000000000FB9F0 000024 (v02 ACPIAM)
[    0.000000] ACPI: XSDT 0x00000000DFE70100 00005C (v01 _ASUS_ Notebook 20101216 MSFT 00000097)
[    0.000000] ACPI: FACP 0x00000000DFE70290 0000F4 (v03 _ASUS_ Notebook 20101216 MSFT 00000097)
[    0.000000] ACPI: DSDT 0x00000000DFE704A0 00DD4A (v01 A1380  A1380001 00000001 INTL 20060113)
[    0.000000] ACPI: FACS 0x00000000DFE88000 000040
[    0.000000] ACPI: FACS 0x00000000DFE88000 000040
[    0.000000] ACPI: SLIC 0x00000000000FF200 000176 (v01 _ASUS_ Notebook 20090827 MSFT 00000097)
[    0.000000] ACPI: APIC 0x00000000DFE70390 0000CC (v01 _ASUS_ APIC0948 20101216 MSFT 00000097)
[    0.000000] ACPI: MCFG 0x00000000DFE70460 00003C (v01 _ASUS_ OEMMCFG  20101216 MSFT 00000097)
[    0.000000] ACPI: OEMB 0x00000000DFE88040 000072 (v01 _ASUS_ OEMB0948 20101216 MSFT 00000097)
[    0.000000] ACPI: HPET 0x00000000DFE7E1F0 000038 (v01 _ASUS_ OEMHPET  20101216 MSFT 00000097)
[    0.000000] ACPI: OSFR 0x00000000DFE7E230 0000B0 (v01 _ASUS_ OEMOSFR  20101216 MSFT 00000097)
[    0.000000] ACPI: Local APIC address 0xfee00000
[    0.000000] No NUMA configuration found
[    0.000000] Faking a node at [mem 0x0000000000000000-0x000000021fffffff]
[    0.000000] NODE_DATA(0) allocated [mem 0x21fff5000-0x21fff9fff]
[    0.000000] Zone ranges:
[    0.000000]   DMA      [mem 0x0000000000001000-0x0000000000ffffff]
[    0.000000]   DMA32    [mem 0x0000000001000000-0x00000000ffffffff]
[    0.000000]   Normal   [mem 0x0000000100000000-0x000000021fffffff]
[    0.000000]   Device   empty
[    0.000000] Movable zone start for each node
[    0.000000] Early memory node ranges
[    0.000000]   node   0: [mem 0x0000000000001000-0x000000000009dfff]
[    0.000000]   node   0: [mem 0x0000000000100000-0x00000000dfe6ffff]
[    0.000000]   node   0: [mem 0x0000000100000000-0x000000021fffffff]
[    0.000000] Initmem setup node 0 [mem 0x0000000000001000-0x000000021fffffff]
[    0.000000] On node 0 totalpages: 2096653
[    0.000000]   DMA zone: 64 pages used for memmap
[    0.000000]   DMA zone: 21 pages reserved
[    0.000000]   DMA zone: 3997 pages, LIFO batch:0
[    0.000000]   DMA32 zone: 14266 pages used for memmap
[    0.000000]   DMA32 zone: 913008 pages, LIFO batch:31
[    0.000000]   Normal zone: 18432 pages used for memmap
[    0.000000]   Normal zone: 1179648 pages, LIFO batch:31
[    0.000000] ACPI: PM-Timer IO Port: 0x808
[    0.000000] ACPI: Local APIC address 0xfee00000
[    0.000000] IOAPIC[0]: apic_id 7, version 32, address 0xfec00000, GSI 0-23
[    0.000000] ACPI: INT_SRC_OVR (bus 0 bus_irq 0 global_irq 2 dfl dfl)
[    0.000000] ACPI: INT_SRC_OVR (bus 0 bus_irq 9 global_irq 9 high level)
[    0.000000] ACPI: IRQ0 used by override.
[    0.000000] ACPI: IRQ9 used by override.
[    0.000000] Using ACPI (MADT) for SMP configuration information
[    0.000000] ACPI: HPET id: 0x8086a701 base: 0xfed00000
[    0.000000] smpboot: Allowing 16 CPUs, 12 hotplug CPUs
[    0.000000] PM: Registered nosave memory: [mem 0x00000000-0x00000fff]
[    0.000000] PM: Registered nosave memory: [mem 0x0009e000-0x0009efff]
[    0.000000] PM: Registered nosave memory: [mem 0x0009f000-0x0009ffff]
[    0.000000] PM: Registered nosave memory: [mem 0x000a0000-0x000e3fff]
[    0.000000] PM: Registered nosave memory: [mem 0x000e4000-0x000fffff]
[    0.000000] PM: Registered nosave memory: [mem 0xdfe70000-0xdfe87fff]
[    0.000000] PM: Registered nosave memory: [mem 0xdfe88000-0xdfedbfff]
[    0.000000] PM: Registered nosave memory: [mem 0xdfedc000-0xdfffffff]
[    0.000000] PM: Registered nosave memory: [mem 0xe0000000-0xfedfffff]
[    0.000000] PM: Registered nosave memory: [mem 0xfee00000-0xfee00fff]
[    0.000000] PM: Registered nosave memory: [mem 0xfee01000-0xffdfffff]
[    0.000000] PM: Registered nosave memory: [mem 0xffe00000-0xffffffff]
[    0.000000] e820: [mem 0xe0000000-0xfedfffff] available for PCI devices
[    0.000000] Booting paravirtualized kernel on bare hardware
[    0.000000] clocksource: refined-jiffies: mask: 0xffffffff max_cycles: 0xffffffff, max_idle_ns: 7645519600211568 ns
[    0.000000] setup_percpu: NR_CPUS:512 nr_cpumask_bits:512 nr_cpu_ids:16 nr_node_ids:1
[    0.000000] PERCPU: Embedded 33 pages/cpu @ffff880217200000 s98264 r8192 d28712 u262144
[    0.000000] pcpu-alloc: s98264 r8192 d28712 u262144 alloc=1*2097152
[    0.000000] pcpu-alloc: [0] 00 01 02 03 04 05 06 07 [0] 08 09 10 11 12 13 14 15 
[    0.000000] Built 1 zonelists in Node order, mobility grouping on.  Total pages: 2063870
[    0.000000] Policy zone: Normal
[    0.000000] Kernel command line: BOOT_IMAGE=/boot/vmlinuz-4.4.0-75-generic root=UUID=263729bd-a286-41f2-9c40-7c58e8ec9a64 ro quiet splash vt.handoff=7
[    0.000000] PID hash table entries: 4096 (order: 3, 32768 bytes)
[    0.000000] Calgary: detecting Calgary via BIOS EBDA area
[    0.000000] Calgary: Unable to locate Rio Grande table in EBDA - bailing!
[    0.000000] Memory: 8124208K/8386612K available (8449K kernel code, 1294K rwdata, 3980K rodata, 1484K init, 1316K bss, 262404K reserved, 0K cma-reserved)
[    0.000000] SLUB: HWalign=64, Order=0-3, MinObjects=0, CPUs=16, Nodes=1
[    0.000000] Hierarchical RCU implementation.
[    0.000000] 	Build-time adjustment of leaf fanout to 64.
[    0.000000] 	RCU restricting CPUs from NR_CPUS=512 to nr_cpu_ids=16.
[    0.000000] RCU: Adjusting geometry for rcu_fanout_leaf=64, nr_cpu_ids=16
[    0.000000] NR_IRQS:33024 nr_irqs:552 16
[    0.000000] vt handoff: transparent VT on vt#7
[    0.000000] Console: colour dummy device 80x25
[    0.000000] console [tty0] enabled
[    0.000000] clocksource: hpet: mask: 0xffffffff max_cycles: 0xffffffff, max_idle_ns: 133484882848 ns
[    0.000000] hpet clockevent registered
[    0.000000] tsc: Fast TSC calibration using PIT
[    0.000000] tsc: Detected 2675.135 MHz processor
[    0.000030] Calibrating delay loop (skipped), value calculated using timer frequency.. 5350.27 BogoMIPS (lpj=10700540)
[    0.000033] pid_max: default: 32768 minimum: 301
[    0.000039] ACPI: Core revision 20150930
[    0.008764] ACPI: 1 ACPI AML tables successfully acquired and loaded
[    0.008787] Security Framework initialized
[    0.008789] Yama: becoming mindful.
[    0.008808] AppArmor: AppArmor initialized
[    0.009301] Dentry cache hash table entries: 1048576 (order: 11, 8388608 bytes)
[    0.011366] Inode-cache hash table entries: 524288 (order: 10, 4194304 bytes)
[    0.012308] Mount-cache hash table entries: 16384 (order: 5, 131072 bytes)
[    0.012317] Mountpoint-cache hash table entries: 16384 (order: 5, 131072 bytes)
[    0.012566] Initializing cgroup subsys io
[    0.012570] Initializing cgroup subsys memory
[    0.012577] Initializing cgroup subsys devices
[    0.012580] Initializing cgroup subsys freezer
[    0.012583] Initializing cgroup subsys net_cls
[    0.012585] Initializing cgroup subsys perf_event
[    0.012587] Initializing cgroup subsys net_prio
[    0.012591] Initializing cgroup subsys hugetlb
[    0.012592] Initializing cgroup subsys pids
[    0.012610] CPU: Physical Processor ID: 0
[    0.012611] CPU: Processor Core ID: 0
[    0.012615] mce: CPU supports 9 MCE banks
[    0.012624] CPU0: Thermal monitoring enabled (TM1)
[    0.012630] process: using mwait in idle threads
[    0.012633] Last level iTLB entries: 4KB 512, 2MB 7, 4MB 7
[    0.012635] Last level dTLB entries: 4KB 512, 2MB 32, 4MB 32, 1GB 0
[    0.012915] Freeing SMP alternatives memory: 32K (ffffffff820b8000 - ffffffff820c0000)
[    0.036739] ftrace: allocating 32117 entries in 126 pages
[    0.050189] smpboot: APIC(0) Converting physical 0 to logical package 0
[    0.050191] smpboot: Max logical packages: 4
[    0.050196] Switched APIC routing to physical flat.
[    0.050534] ..TIMER: vector=0x30 apic1=0 pin1=2 apic2=-1 pin2=-1
[    0.197857] smpboot: CPU0: Intel(R) Core(TM) i5 CPU         750  @ 2.67GHz (family: 0x6, model: 0x1e, stepping: 0x5)
[    0.197872] Performance Events: PEBS fmt1+, 16-deep LBR, Nehalem events, Intel PMU driver.
[    0.197887] core: CPU erratum AAJ80 worked around
[    0.197888] core: CPUID marked event: 'bus cycles' unavailable
[    0.197890] ... version:                3
[    0.197891] ... bit width:              48
[    0.197891] ... generic registers:      4
[    0.197892] ... value mask:             0000ffffffffffff
[    0.197893] ... max period:             000000007fffffff
[    0.197894] ... fixed-purpose events:   3
[    0.197895] ... event mask:             000000070000000f
[    0.198685] x86: Booting SMP configuration:
[    0.198687] .... node  #0, CPUs:        #1
[    0.199424] microcode: CPU1 microcode updated early to revision 0x7, date = 2013-08-20
[    0.201739] NMI watchdog: enabled on all CPUs, permanently consumes one hw-PMU counter.
[    0.201822]   #2
[    0.202579] microcode: CPU2 microcode updated early to revision 0x7, date = 2013-08-20
[    0.204724]   #3
[    0.205338] microcode: CPU3 microcode updated early to revision 0x7, date = 2013-08-20
[    0.207412] x86: Booted up 1 node, 4 CPUs
[    0.207415] smpboot: Total of 4 processors activated (21401.08 BogoMIPS)
[    0.210279] devtmpfs: initialized
[    0.212742] evm: security.selinux
[    0.212744] evm: security.SMACK64
[    0.212744] evm: security.SMACK64EXEC
[    0.212745] evm: security.SMACK64TRANSMUTE
[    0.212746] evm: security.SMACK64MMAP
[    0.212747] evm: security.ima
[    0.212748] evm: security.capability
[    0.212812] PM: Registering ACPI NVS region [mem 0xdfe88000-0xdfedbfff] (344064 bytes)
[    0.212888] clocksource: jiffies: mask: 0xffffffff max_cycles: 0xffffffff, max_idle_ns: 7645041785100000 ns
[    0.212908] futex hash table entries: 4096 (order: 6, 262144 bytes)
[    0.213013] pinctrl core: initialized pinctrl subsystem
[    0.213118] RTC time: 18:19:16, date: 05/11/17
[    0.213222] NET: Registered protocol family 16
[    0.221859] cpuidle: using governor ladder
[    0.229482] cpuidle: using governor menu
[    0.229484] PCCT header not found.
[    0.229557] ACPI: bus type PCI registered
[    0.229559] acpiphp: ACPI Hot Plug PCI Controller Driver version: 0.5
[    0.229630] PCI: MMCONFIG for domain 0000 [bus 00-3f] at [mem 0xf8000000-0xfbffffff] (base 0xf8000000)
[    0.229632] PCI: not using MMCONFIG
[    0.229634] PCI: Using configuration type 1 for base access
[    0.237819] ACPI: Added _OSI(Module Device)
[    0.237821] ACPI: Added _OSI(Processor Device)
[    0.237822] ACPI: Added _OSI(3.0 _SCP Extensions)
[    0.237824] ACPI: Added _OSI(Processor Aggregator Device)
[    0.239671] ACPI: Executed 1 blocks of module-level executable AML code
[    0.245508] ACPI: Interpreter enabled
[    0.245525] ACPI: (supports S0 S1 S3 S4 S5)
[    0.245526] ACPI: Using IOAPIC for interrupt routing
[    0.245553] PCI: MMCONFIG for domain 0000 [bus 00-3f] at [mem 0xf8000000-0xfbffffff] (base 0xf8000000)
[    0.246467] PCI: MMCONFIG at [mem 0xf8000000-0xfbffffff] reserved in ACPI motherboard resources
[    0.246476] PCI: Using host bridge windows from ACPI; if necessary, use "pci=nocrs" and report a bug
[    0.252244] ACPI: PCI Root Bridge [PCI0] (domain 0000 [bus 00-ff])
[    0.252249] acpi PNP0A08:00: _OSC: OS supports [ExtendedConfig ASPM ClockPM Segments MSI]
[    0.252399] acpi PNP0A08:00: _OSC: platform does not support [PCIeCapability]
[    0.252473] acpi PNP0A08:00: _OSC: not requesting control; platform does not support [PCIeCapability]
[    0.252475] acpi PNP0A08:00: _OSC: OS requested [PCIeHotplug PME AER PCIeCapability]
[    0.252477] acpi PNP0A08:00: _OSC: platform willing to grant [PCIeHotplug PME AER]
[    0.252479] acpi PNP0A08:00: _OSC failed (AE_SUPPORT); disabling ASPM
[    0.252486] acpi PNP0A08:00: [Firmware Info]: MMCONFIG for domain 0000 [bus 00-3f] only partially covers this bridge
[    0.252704] PCI host bridge to bus 0000:00
[    0.252707] pci_bus 0000:00: root bus resource [io  0x0000-0x0cf7 window]
[    0.252709] pci_bus 0000:00: root bus resource [io  0x0d00-0xffff window]
[    0.252710] pci_bus 0000:00: root bus resource [mem 0x000a0000-0x000bffff window]
[    0.252712] pci_bus 0000:00: root bus resource [mem 0x000d0000-0x000dffff window]
[    0.252713] pci_bus 0000:00: root bus resource [mem 0xe0000000-0xf7ffffff window]
[    0.252715] pci_bus 0000:00: root bus resource [mem 0xfc000000-0xfed8ffff window]
[    0.252717] pci_bus 0000:00: root bus resource [bus 00-ff]
[    0.252725] pci 0000:00:00.0: [8086:d131] type 00 class 0x060000
[    0.252829] pci 0000:00:03.0: [8086:d138] type 01 class 0x060400
[    0.252876] pci 0000:00:03.0: PME# supported from D0 D3hot D3cold
[    0.252920] pci 0000:00:03.0: System wakeup disabled by ACPI
[    0.252958] pci 0000:00:08.0: [8086:d155] type 00 class 0x088000
[    0.253053] pci 0000:00:08.1: [8086:d156] type 00 class 0x088000
[    0.253148] pci 0000:00:08.2: [8086:d157] type 00 class 0x088000
[    0.253241] pci 0000:00:08.3: [8086:d158] type 00 class 0x088000
[    0.253331] pci 0000:00:10.0: [8086:d150] type 00 class 0x088000
[    0.253413] pci 0000:00:10.1: [8086:d151] type 00 class 0x088000
[    0.253513] pci 0000:00:1a.0: [8086:3b3c] type 00 class 0x0c0320
[    0.253539] pci 0000:00:1a.0: reg 0x10: [mem 0xf5ffe000-0xf5ffe3ff]
[    0.253606] pci 0000:00:1a.0: PME# supported from D0 D3hot D3cold
[    0.253647] pci 0000:00:1a.0: System wakeup disabled by ACPI
[    0.253686] pci 0000:00:1b.0: [8086:3b56] type 00 class 0x040300
[    0.253710] pci 0000:00:1b.0: reg 0x10: [mem 0xf5ff8000-0xf5ffbfff 64bit]
[    0.253766] pci 0000:00:1b.0: PME# supported from D0 D3hot D3cold
[    0.253839] pci 0000:00:1c.0: [8086:3b42] type 01 class 0x060400
[    0.253899] pci 0000:00:1c.0: PME# supported from D0 D3hot D3cold
[    0.253941] pci 0000:00:1c.0: System wakeup disabled by ACPI
[    0.253981] pci 0000:00:1c.4: [8086:3b4a] type 01 class 0x060400
[    0.254037] pci 0000:00:1c.4: PME# supported from D0 D3hot D3cold
[    0.254078] pci 0000:00:1c.4: System wakeup disabled by ACPI
[    0.254115] pci 0000:00:1c.5: [8086:3b4c] type 01 class 0x060400
[    0.254171] pci 0000:00:1c.5: PME# supported from D0 D3hot D3cold
[    0.254213] pci 0000:00:1c.5: System wakeup disabled by ACPI
[    0.254249] pci 0000:00:1c.6: [8086:3b4e] type 01 class 0x060400
[    0.254310] pci 0000:00:1c.6: PME# supported from D0 D3hot D3cold
[    0.254351] pci 0000:00:1c.6: System wakeup disabled by ACPI
[    0.254387] pci 0000:00:1c.7: [8086:3b50] type 01 class 0x060400
[    0.254448] pci 0000:00:1c.7: PME# supported from D0 D3hot D3cold
[    0.254489] pci 0000:00:1c.7: System wakeup disabled by ACPI
[    0.254527] pci 0000:00:1d.0: [8086:3b34] type 00 class 0x0c0320
[    0.254553] pci 0000:00:1d.0: reg 0x10: [mem 0xf5ffd000-0xf5ffd3ff]
[    0.254620] pci 0000:00:1d.0: PME# supported from D0 D3hot D3cold
[    0.254660] pci 0000:00:1d.0: System wakeup disabled by ACPI
[    0.254694] pci 0000:00:1e.0: [8086:244e] type 01 class 0x060401
[    0.254766] pci 0000:00:1e.0: System wakeup disabled by ACPI
[    0.254803] pci 0000:00:1f.0: [8086:3b02] type 00 class 0x060100
[    0.254963] pci 0000:00:1f.2: [8086:3b22] type 00 class 0x010601
[    0.254986] pci 0000:00:1f.2: reg 0x10: [io  0xb880-0xb887]
[    0.254992] pci 0000:00:1f.2: reg 0x14: [io  0xb800-0xb803]
[    0.254999] pci 0000:00:1f.2: reg 0x18: [io  0xb480-0xb487]
[    0.255006] pci 0000:00:1f.2: reg 0x1c: [io  0xb400-0xb403]
[    0.255013] pci 0000:00:1f.2: reg 0x20: [io  0xb080-0xb09f]
[    0.255020] pci 0000:00:1f.2: reg 0x24: [mem 0xf5ff7000-0xf5ff77ff]
[    0.255049] pci 0000:00:1f.2: PME# supported from D3hot
[    0.255119] pci 0000:00:1f.3: [8086:3b30] type 00 class 0x0c0500
[    0.255134] pci 0000:00:1f.3: reg 0x10: [mem 0xf5ffc000-0xf5ffc0ff 64bit]
[    0.255153] pci 0000:00:1f.3: reg 0x20: [io  0x0400-0x041f]
[    0.255267] pci 0000:01:00.0: [10de:1380] type 00 class 0x030000
[    0.255288] pci 0000:01:00.0: reg 0x10: [mem 0xf6000000-0xf6ffffff]
[    0.255299] pci 0000:01:00.0: reg 0x14: [mem 0xe0000000-0xefffffff 64bit pref]
[    0.255309] pci 0000:01:00.0: reg 0x1c: [mem 0xf2000000-0xf3ffffff 64bit pref]
[    0.255316] pci 0000:01:00.0: reg 0x24: [io  0xcc00-0xcc7f]
[    0.255324] pci 0000:01:00.0: reg 0x30: [mem 0xf7d00000-0xf7d7ffff pref]
[    0.255413] pci 0000:01:00.1: [10de:0fbc] type 00 class 0x040300
[    0.255434] pci 0000:01:00.1: reg 0x10: [mem 0xf7dfc000-0xf7dfffff]
[    0.261862] pci 0000:00:03.0: PCI bridge to [bus 01]
[    0.261865] pci 0000:00:03.0:   bridge window [io  0xc000-0xcfff]
[    0.261868] pci 0000:00:03.0:   bridge window [mem 0xf6000000-0xf7dfffff]
[    0.261871] pci 0000:00:03.0:   bridge window [mem 0xe0000000-0xf3ffffff 64bit pref]
[    0.261911] pci 0000:00:1c.0: PCI bridge to [bus 06]
[    0.261954] pci 0000:00:1c.4: PCI bridge to [bus 05]
[    0.261997] pci 0000:00:1c.5: PCI bridge to [bus 04]
[    0.262070] pci 0000:03:00.0: [197b:2361] type 00 class 0x010601
[    0.262170] pci 0000:03:00.0: reg 0x24: [mem 0xf7ffa000-0xf7ffbfff]
[    0.262222] pci 0000:03:00.0: PME# supported from D3hot
[    0.262286] pci 0000:03:00.1: [197b:2361] type 00 class 0x010185
[    0.262317] pci 0000:03:00.1: reg 0x10: [io  0xec00-0xec07]
[    0.262329] pci 0000:03:00.1: reg 0x14: [io  0xe880-0xe883]
[    0.262342] pci 0000:03:00.1: reg 0x18: [io  0xe800-0xe807]
[    0.262355] pci 0000:03:00.1: reg 0x1c: [io  0xe480-0xe483]
[    0.262367] pci 0000:03:00.1: reg 0x20: [io  0xe400-0xe40f]
[    0.262466] pci 0000:03:00.0: disabling ASPM on pre-1.1 PCIe device.  You can enable it with 'pcie_aspm=force'
[    0.262475] pci 0000:00:1c.6: PCI bridge to [bus 03]
[    0.262478] pci 0000:00:1c.6:   bridge window [io  0xe000-0xefff]
[    0.262481] pci 0000:00:1c.6:   bridge window [mem 0xf7f00000-0xf7ffffff]
[    0.262536] pci 0000:02:00.0: [10ec:8168] type 00 class 0x020000
[    0.262573] pci 0000:02:00.0: reg 0x10: [io  0xd800-0xd8ff]
[    0.262599] pci 0000:02:00.0: reg 0x18: [mem 0xf4fff000-0xf4ffffff 64bit pref]
[    0.262616] pci 0000:02:00.0: reg 0x20: [mem 0xf4ff8000-0xf4ffbfff 64bit pref]
[    0.262627] pci 0000:02:00.0: reg 0x30: [mem 0xf7ef0000-0xf7efffff pref]
[    0.262684] pci 0000:02:00.0: supports D1 D2
[    0.262685] pci 0000:02:00.0: PME# supported from D0 D1 D2 D3hot D3cold
[    0.269861] pci 0000:00:1c.7: PCI bridge to [bus 02]
[    0.269864] pci 0000:00:1c.7:   bridge window [io  0xd000-0xdfff]
[    0.269867] pci 0000:00:1c.7:   bridge window [mem 0xf7e00000-0xf7efffff]
[    0.269872] pci 0000:00:1c.7:   bridge window [mem 0xf4f00000-0xf4ffffff 64bit pref]
[    0.269935] pci 0000:00:1e.0: PCI bridge to [bus 07] (subtractive decode)
[    0.269943] pci 0000:00:1e.0:   bridge window [io  0x0000-0x0cf7 window] (subtractive decode)
[    0.269945] pci 0000:00:1e.0:   bridge window [io  0x0d00-0xffff window] (subtractive decode)
[    0.269947] pci 0000:00:1e.0:   bridge window [mem 0x000a0000-0x000bffff window] (subtractive decode)
[    0.269948] pci 0000:00:1e.0:   bridge window [mem 0x000d0000-0x000dffff window] (subtractive decode)
[    0.269950] pci 0000:00:1e.0:   bridge window [mem 0xe0000000-0xf7ffffff window] (subtractive decode)
[    0.269951] pci 0000:00:1e.0:   bridge window [mem 0xfc000000-0xfed8ffff window] (subtractive decode)
[    0.270548] ACPI: PCI Interrupt Link [LNKA] (IRQs 3 4 6 7 *10 11 12 14 15)
[    0.270596] ACPI: PCI Interrupt Link [LNKB] (IRQs *5)
[    0.270640] ACPI: PCI Interrupt Link [LNKC] (IRQs 3 4 6 7 10 11 12 14 *15)
[    0.270686] ACPI: PCI Interrupt Link [LNKD] (IRQs 3 4 6 7 10 *11 12 14 15)
[    0.270732] ACPI: PCI Interrupt Link [LNKE] (IRQs 3 4 6 7 10 11 12 14 15) *0, disabled.
[    0.270779] ACPI: PCI Interrupt Link [LNKF] (IRQs 3 4 6 7 10 11 12 *14 15)
[    0.270825] ACPI: PCI Interrupt Link [LNKG] (IRQs *3 4 6 7 10 11 12 14 15)
[    0.270871] ACPI: PCI Interrupt Link [LNKH] (IRQs 3 4 6 *7 10 11 12 14 15)
[    0.270920] ACPI: Enabled 3 GPEs in block 00 to 3F
[    0.271021] vgaarb: setting as boot device: PCI:0000:01:00.0
[    0.271023] vgaarb: device added: PCI:0000:01:00.0,decodes=io+mem,owns=io+mem,locks=none
[    0.271024] vgaarb: loaded
[    0.271025] vgaarb: bridge control possible 0000:01:00.0
[    0.271225] SCSI subsystem initialized
[    0.271258] libata version 3.00 loaded.
[    0.271282] ACPI: bus type USB registered
[    0.271297] usbcore: registered new interface driver usbfs
[    0.271304] usbcore: registered new interface driver hub
[    0.271322] usbcore: registered new device driver usb
[    0.271452] PCI: Using ACPI for IRQ routing
[    0.272692] PCI: Discovered peer bus 3f
[    0.272693] PCI: root bus 3f: using default resources
[    0.272694] PCI: Probing PCI hardware (bus 3f)
[    0.272721] ACPI: \: failed to evaluate _DSM (0x1001)
[    0.272722] PCI host bridge to bus 0000:3f
[    0.272725] pci_bus 0000:3f: root bus resource [io  0x0000-0xffff]
[    0.272726] pci_bus 0000:3f: root bus resource [mem 0x00000000-0xfffffffff]
[    0.272728] pci_bus 0000:3f: No busn resource found for root bus, will use [bus 3f-ff]
[    0.272730] pci_bus 0000:3f: busn_res: can not insert [bus 3f-ff] under domain [bus 00-ff] (conflicts with (null) [bus 00-ff])
[    0.272735] pci 0000:3f:00.0: [8086:2c51] type 00 class 0x060000
[    0.272778] pci 0000:3f:00.1: [8086:2c81] type 00 class 0x060000
[    0.272818] pci 0000:3f:02.0: [8086:2c90] type 00 class 0x060000
[    0.272856] pci 0000:3f:02.1: [8086:2c91] type 00 class 0x060000
[    0.272896] pci 0000:3f:03.0: [8086:2c98] type 00 class 0x060000
[    0.272933] pci 0000:3f:03.1: [8086:2c99] type 00 class 0x060000
[    0.272972] pci 0000:3f:03.4: [8086:2c9c] type 00 class 0x060000
[    0.273010] pci 0000:3f:04.0: [8086:2ca0] type 00 class 0x060000
[    0.273049] pci 0000:3f:04.1: [8086:2ca1] type 00 class 0x060000
[    0.273087] pci 0000:3f:04.2: [8086:2ca2] type 00 class 0x060000
[    0.273125] pci 0000:3f:04.3: [8086:2ca3] type 00 class 0x060000
[    0.273165] pci 0000:3f:05.0: [8086:2ca8] type 00 class 0x060000
[    0.273203] pci 0000:3f:05.1: [8086:2ca9] type 00 class 0x060000
[    0.273241] pci 0000:3f:05.2: [8086:2caa] type 00 class 0x060000
[    0.273279] pci 0000:3f:05.3: [8086:2cab] type 00 class 0x060000
[    0.273327] pci_bus 0000:3f: busn_res: [bus 3f-ff] end is updated to 3f
[    0.273329] pci_bus 0000:3f: busn_res: can not insert [bus 3f] under domain [bus 00-ff] (conflicts with (null) [bus 00-ff])
[    0.273334] PCI: pci_cache_line_size set to 64 bytes
[    0.273395] e820: reserve RAM buffer [mem 0x0009e800-0x0009ffff]
[    0.273396] e820: reserve RAM buffer [mem 0xdfe70000-0xdfffffff]
[    0.273504] NetLabel: Initializing
[    0.273506] NetLabel:  domain hash size = 128
[    0.273506] NetLabel:  protocols = UNLABELED CIPSOv4
[    0.273518] NetLabel:  unlabeled traffic allowed by default
[    0.273611] HPET: 8 timers in total, 5 timers will be used for per-cpu timer
[    0.273617] hpet0: at MMIO 0xfed00000, IRQs 2, 8, 24, 25, 26, 27, 28, 0
[    0.273622] hpet0: 8 comparators, 64-bit 14.318180 MHz counter
[    0.275656] hpet: hpet2 irq 24 for MSI
[    0.275690] hpet: hpet3 irq 25 for MSI
[    0.275723] hpet: hpet4 irq 26 for MSI
[    0.275755] hpet: hpet5 irq 27 for MSI
[    0.275771] amd_nb: Cannot enumerate AMD northbridges
[    0.275783] clocksource: Switched to clocksource hpet
[    0.281453] AppArmor: AppArmor Filesystem Enabled
[    0.281512] pnp: PnP ACPI init
[    0.281582] system 00:00: [mem 0xfed14000-0xfed19fff] has been reserved
[    0.281586] system 00:00: Plug and Play ACPI device, IDs PNP0c01 (active)
[    0.281643] pnp 00:01: Plug and Play ACPI device, IDs PNP0b00 (active)
[    0.281808] system 00:02: [io  0x0290-0x029f] has been reserved
[    0.281812] system 00:02: Plug and Play ACPI device, IDs PNP0c02 (active)
[    0.281970] system 00:03: [io  0x04d0-0x04d1] has been reserved
[    0.281973] system 00:03: [io  0x0800-0x087f] could not be reserved
[    0.281975] system 00:03: [io  0x0500-0x057f] has been reserved
[    0.281977] system 00:03: [mem 0xfed1c000-0xfed1ffff] has been reserved
[    0.281979] system 00:03: [mem 0xfed20000-0xfed3ffff] has been reserved
[    0.281981] system 00:03: [mem 0xfed40000-0xfed8ffff] has been reserved
[    0.281983] system 00:03: Plug and Play ACPI device, IDs PNP0c02 (active)
[    0.282084] system 00:04: [mem 0xffc00000-0xffdfffff] has been reserved
[    0.282087] system 00:04: Plug and Play ACPI device, IDs PNP0c02 (active)
[    0.282249] pnp 00:05: [dma 0 disabled]
[    0.282306] pnp 00:05: Plug and Play ACPI device, IDs PNP0501 (active)
[    0.282399] system 00:06: [mem 0xfec00000-0xfec00fff] could not be reserved
[    0.282402] system 00:06: [mem 0xfee00000-0xfee00fff] has been reserved
[    0.282405] system 00:06: Plug and Play ACPI device, IDs PNP0c02 (active)
[    0.282492] system 00:07: [mem 0xf8000000-0xfbffffff] has been reserved
[    0.282495] system 00:07: Plug and Play ACPI device, IDs PNP0c02 (active)
[    0.282646] system 00:08: [mem 0x00000000-0x0009ffff] could not be reserved
[    0.282648] system 00:08: [mem 0x000c0000-0x000cffff] could not be reserved
[    0.282650] system 00:08: [mem 0x000e0000-0x000fffff] could not be reserved
[    0.282652] system 00:08: [mem 0x00100000-0xdfffffff] could not be reserved
[    0.282654] system 00:08: [mem 0xfed90000-0xffffffff] could not be reserved
[    0.282657] system 00:08: Plug and Play ACPI device, IDs PNP0c01 (active)
[    0.282762] pnp: PnP ACPI: found 9 devices
[    0.289224] clocksource: acpi_pm: mask: 0xffffff max_cycles: 0xffffff, max_idle_ns: 2085701024 ns
[    0.289243] pci 0000:00:1c.0: bridge window [io  0x1000-0x0fff] to [bus 06] add_size 1000
[    0.289246] pci 0000:00:1c.0: bridge window [mem 0x00100000-0x000fffff 64bit pref] to [bus 06] add_size 200000 add_align 100000
[    0.289248] pci 0000:00:1c.0: bridge window [mem 0x00100000-0x000fffff] to [bus 06] add_size 200000 add_align 100000
[    0.289255] pci 0000:00:1c.4: bridge window [io  0x1000-0x0fff] to [bus 05] add_size 1000
[    0.289257] pci 0000:00:1c.4: bridge window [mem 0x00100000-0x000fffff 64bit pref] to [bus 05] add_size 200000 add_align 100000
[    0.289259] pci 0000:00:1c.4: bridge window [mem 0x00100000-0x000fffff] to [bus 05] add_size 200000 add_align 100000
[    0.289266] pci 0000:00:1c.5: bridge window [io  0x1000-0x0fff] to [bus 04] add_size 1000
[    0.289268] pci 0000:00:1c.5: bridge window [mem 0x00100000-0x000fffff 64bit pref] to [bus 04] add_size 200000 add_align 100000
[    0.289270] pci 0000:00:1c.5: bridge window [mem 0x00100000-0x000fffff] to [bus 04] add_size 200000 add_align 100000
[    0.289277] pci 0000:00:1c.6: bridge window [mem 0x00100000-0x000fffff 64bit pref] to [bus 03] add_size 200000 add_align 100000
[    0.289294] pci 0000:00:1c.0: res[14]=[mem 0x00100000-0x000fffff] res_to_dev_res add_size 200000 min_align 100000
[    0.289296] pci 0000:00:1c.0: res[14]=[mem 0x00100000-0x002fffff] res_to_dev_res add_size 200000 min_align 100000
[    0.289298] pci 0000:00:1c.0: res[15]=[mem 0x00100000-0x000fffff 64bit pref] res_to_dev_res add_size 200000 min_align 100000
[    0.289300] pci 0000:00:1c.0: res[15]=[mem 0x00100000-0x002fffff 64bit pref] res_to_dev_res add_size 200000 min_align 100000
[    0.289302] pci 0000:00:1c.4: res[14]=[mem 0x00100000-0x000fffff] res_to_dev_res add_size 200000 min_align 100000
[    0.289304] pci 0000:00:1c.4: res[14]=[mem 0x00100000-0x002fffff] res_to_dev_res add_size 200000 min_align 100000
[    0.289306] pci 0000:00:1c.4: res[15]=[mem 0x00100000-0x000fffff 64bit pref] res_to_dev_res add_size 200000 min_align 100000
[    0.289308] pci 0000:00:1c.4: res[15]=[mem 0x00100000-0x002fffff 64bit pref] res_to_dev_res add_size 200000 min_align 100000
[    0.289310] pci 0000:00:1c.5: res[14]=[mem 0x00100000-0x000fffff] res_to_dev_res add_size 200000 min_align 100000
[    0.289311] pci 0000:00:1c.5: res[14]=[mem 0x00100000-0x002fffff] res_to_dev_res add_size 200000 min_align 100000
[    0.289313] pci 0000:00:1c.5: res[15]=[mem 0x00100000-0x000fffff 64bit pref] res_to_dev_res add_size 200000 min_align 100000
[    0.289315] pci 0000:00:1c.5: res[15]=[mem 0x00100000-0x002fffff 64bit pref] res_to_dev_res add_size 200000 min_align 100000
[    0.289317] pci 0000:00:1c.6: res[15]=[mem 0x00100000-0x000fffff 64bit pref] res_to_dev_res add_size 200000 min_align 100000
[    0.289319] pci 0000:00:1c.6: res[15]=[mem 0x00100000-0x002fffff 64bit pref] res_to_dev_res add_size 200000 min_align 100000
[    0.289321] pci 0000:00:1c.0: res[13]=[io  0x1000-0x0fff] res_to_dev_res add_size 1000 min_align 1000
[    0.289323] pci 0000:00:1c.0: res[13]=[io  0x1000-0x1fff] res_to_dev_res add_size 1000 min_align 1000
[    0.289325] pci 0000:00:1c.4: res[13]=[io  0x1000-0x0fff] res_to_dev_res add_size 1000 min_align 1000
[    0.289326] pci 0000:00:1c.4: res[13]=[io  0x1000-0x1fff] res_to_dev_res add_size 1000 min_align 1000
[    0.289328] pci 0000:00:1c.5: res[13]=[io  0x1000-0x0fff] res_to_dev_res add_size 1000 min_align 1000
[    0.289330] pci 0000:00:1c.5: res[13]=[io  0x1000-0x1fff] res_to_dev_res add_size 1000 min_align 1000
[    0.289334] pci 0000:00:1c.0: BAR 14: assigned [mem 0xf4000000-0xf41fffff]
[    0.289338] pci 0000:00:1c.0: BAR 15: assigned [mem 0xf4200000-0xf43fffff 64bit pref]
[    0.289340] pci 0000:00:1c.4: BAR 14: assigned [mem 0xf4400000-0xf45fffff]
[    0.289344] pci 0000:00:1c.4: BAR 15: assigned [mem 0xf4600000-0xf47fffff 64bit pref]
[    0.289346] pci 0000:00:1c.5: BAR 14: assigned [mem 0xf4800000-0xf49fffff]
[    0.289349] pci 0000:00:1c.5: BAR 15: assigned [mem 0xf4a00000-0xf4bfffff 64bit pref]
[    0.289352] pci 0000:00:1c.6: BAR 15: assigned [mem 0xf4c00000-0xf4dfffff 64bit pref]
[    0.289355] pci 0000:00:1c.0: BAR 13: assigned [io  0x1000-0x1fff]
[    0.289357] pci 0000:00:1c.4: BAR 13: assigned [io  0x2000-0x2fff]
[    0.289359] pci 0000:00:1c.5: BAR 13: assigned [io  0x3000-0x3fff]
[    0.289363] pci 0000:00:03.0: PCI bridge to [bus 01]
[    0.289365] pci 0000:00:03.0:   bridge window [io  0xc000-0xcfff]
[    0.289368] pci 0000:00:03.0:   bridge window [mem 0xf6000000-0xf7dfffff]
[    0.289371] pci 0000:00:03.0:   bridge window [mem 0xe0000000-0xf3ffffff 64bit pref]
[    0.289375] pci 0000:00:1c.0: PCI bridge to [bus 06]
[    0.289377] pci 0000:00:1c.0:   bridge window [io  0x1000-0x1fff]
[    0.289381] pci 0000:00:1c.0:   bridge window [mem 0xf4000000-0xf41fffff]
[    0.289384] pci 0000:00:1c.0:   bridge window [mem 0xf4200000-0xf43fffff 64bit pref]
[    0.289389] pci 0000:00:1c.4: PCI bridge to [bus 05]
[    0.289391] pci 0000:00:1c.4:   bridge window [io  0x2000-0x2fff]
[    0.289395] pci 0000:00:1c.4:   bridge window [mem 0xf4400000-0xf45fffff]
[    0.289398] pci 0000:00:1c.4:   bridge window [mem 0xf4600000-0xf47fffff 64bit pref]
[    0.289402] pci 0000:00:1c.5: PCI bridge to [bus 04]
[    0.289405] pci 0000:00:1c.5:   bridge window [io  0x3000-0x3fff]
[    0.289408] pci 0000:00:1c.5:   bridge window [mem 0xf4800000-0xf49fffff]
[    0.289411] pci 0000:00:1c.5:   bridge window [mem 0xf4a00000-0xf4bfffff 64bit pref]
[    0.289416] pci 0000:00:1c.6: PCI bridge to [bus 03]
[    0.289419] pci 0000:00:1c.6:   bridge window [io  0xe000-0xefff]
[    0.289423] pci 0000:00:1c.6:   bridge window [mem 0xf7f00000-0xf7ffffff]
[    0.289426] pci 0000:00:1c.6:   bridge window [mem 0xf4c00000-0xf4dfffff 64bit pref]
[    0.289431] pci 0000:00:1c.7: PCI bridge to [bus 02]
[    0.289433] pci 0000:00:1c.7:   bridge window [io  0xd000-0xdfff]
[    0.289437] pci 0000:00:1c.7:   bridge window [mem 0xf7e00000-0xf7efffff]
[    0.289440] pci 0000:00:1c.7:   bridge window [mem 0xf4f00000-0xf4ffffff 64bit pref]
[    0.289444] pci 0000:00:1e.0: PCI bridge to [bus 07]
[    0.289454] pci_bus 0000:00: resource 4 [io  0x0000-0x0cf7 window]
[    0.289456] pci_bus 0000:00: resource 5 [io  0x0d00-0xffff window]
[    0.289457] pci_bus 0000:00: resource 6 [mem 0x000a0000-0x000bffff window]
[    0.289459] pci_bus 0000:00: resource 7 [mem 0x000d0000-0x000dffff window]
[    0.289461] pci_bus 0000:00: resource 8 [mem 0xe0000000-0xf7ffffff window]
[    0.289462] pci_bus 0000:00: resource 9 [mem 0xfc000000-0xfed8ffff window]
[    0.289464] pci_bus 0000:01: resource 0 [io  0xc000-0xcfff]
[    0.289465] pci_bus 0000:01: resource 1 [mem 0xf6000000-0xf7dfffff]
[    0.289467] pci_bus 0000:01: resource 2 [mem 0xe0000000-0xf3ffffff 64bit pref]
[    0.289469] pci_bus 0000:06: resource 0 [io  0x1000-0x1fff]
[    0.289470] pci_bus 0000:06: resource 1 [mem 0xf4000000-0xf41fffff]
[    0.289472] pci_bus 0000:06: resource 2 [mem 0xf4200000-0xf43fffff 64bit pref]
[    0.289473] pci_bus 0000:05: resource 0 [io  0x2000-0x2fff]
[    0.289475] pci_bus 0000:05: resource 1 [mem 0xf4400000-0xf45fffff]
[    0.289477] pci_bus 0000:05: resource 2 [mem 0xf4600000-0xf47fffff 64bit pref]
[    0.289478] pci_bus 0000:04: resource 0 [io  0x3000-0x3fff]
[    0.289480] pci_bus 0000:04: resource 1 [mem 0xf4800000-0xf49fffff]
[    0.289481] pci_bus 0000:04: resource 2 [mem 0xf4a00000-0xf4bfffff 64bit pref]
[    0.289483] pci_bus 0000:03: resource 0 [io  0xe000-0xefff]
[    0.289484] pci_bus 0000:03: resource 1 [mem 0xf7f00000-0xf7ffffff]
[    0.289486] pci_bus 0000:03: resource 2 [mem 0xf4c00000-0xf4dfffff 64bit pref]
[    0.289487] pci_bus 0000:02: resource 0 [io  0xd000-0xdfff]
[    0.289489] pci_bus 0000:02: resource 1 [mem 0xf7e00000-0xf7efffff]
[    0.289490] pci_bus 0000:02: resource 2 [mem 0xf4f00000-0xf4ffffff 64bit pref]
[    0.289492] pci_bus 0000:07: resource 4 [io  0x0000-0x0cf7 window]
[    0.289494] pci_bus 0000:07: resource 5 [io  0x0d00-0xffff window]
[    0.289495] pci_bus 0000:07: resource 6 [mem 0x000a0000-0x000bffff window]
[    0.289497] pci_bus 0000:07: resource 7 [mem 0x000d0000-0x000dffff window]
[    0.289499] pci_bus 0000:07: resource 8 [mem 0xe0000000-0xf7ffffff window]
[    0.289500] pci_bus 0000:07: resource 9 [mem 0xfc000000-0xfed8ffff window]
[    0.289503] pci_bus 0000:3f: resource 4 [io  0x0000-0xffff]
[    0.289505] pci_bus 0000:3f: resource 5 [mem 0x00000000-0xfffffffff]
[    0.289539] NET: Registered protocol family 2
[    0.289717] TCP established hash table entries: 65536 (order: 7, 524288 bytes)
[    0.289911] TCP bind hash table entries: 65536 (order: 8, 1048576 bytes)
[    0.290191] TCP: Hash tables configured (established 65536 bind 65536)
[    0.290222] UDP hash table entries: 4096 (order: 5, 131072 bytes)
[    0.290280] UDP-Lite hash table entries: 4096 (order: 5, 131072 bytes)
[    0.290382] NET: Registered protocol family 1
[    0.290695] pci 0000:01:00.0: Video device with shadowed ROM
[    0.290704] pci 0000:03:00.0: async suspend disabled to avoid multi-function power-on ordering issue
[    0.290708] pci 0000:03:00.1: async suspend disabled to avoid multi-function power-on ordering issue
[    0.290728] PCI: CLS 32 bytes, default 64
[    0.290769] Unpacking initramfs...
[    0.957920] Freeing initrd memory: 44292K (ffff88003296e000 - ffff8800354af000)
[    0.957942] PCI-DMA: Using software bounce buffering for IO (SWIOTLB)
[    0.957944] software IO TLB [mem 0xdbe70000-0xdfe70000] (64MB) mapped at [ffff8800dbe70000-ffff8800dfe6ffff]
[    0.958160] Scanning for low memory corruption every 60 seconds
[    0.958624] audit: initializing netlink subsys (disabled)
[    0.958641] audit: type=2000 audit(1494526756.832:1): initialized
[    0.958989] Initialise system trusted keyring
[    0.959094] HugeTLB registered 2 MB page size, pre-allocated 0 pages
[    0.960538] zbud: loaded
[    0.960753] VFS: Disk quotas dquot_6.6.0
[    0.960793] VFS: Dquot-cache hash table entries: 512 (order 0, 4096 bytes)
[    0.961055] squashfs: version 4.0 (2009/01/31) Phillip Lougher
[    0.961285] fuse init (API version 7.23)
[    0.961418] Key type big_key registered
[    0.961434] Allocating IMA MOK and blacklist keyrings.
[    0.961740] Key type asymmetric registered
[    0.961743] Asymmetric key parser 'x509' registered
[    0.961778] Block layer SCSI generic (bsg) driver version 0.4 loaded (major 249)
[    0.961805] io scheduler noop registered
[    0.961808] io scheduler deadline registered (default)
[    0.961837] io scheduler cfq registered
[    0.962061] pcieport 0000:00:1c.0: enabling device (0104 -> 0107)
[    0.962153] pcieport 0000:00:1c.4: enabling device (0104 -> 0107)
[    0.962240] pcieport 0000:00:1c.5: enabling device (0104 -> 0107)
[    0.962512] pci_hotplug: PCI Hot Plug PCI Core version: 0.5
[    0.962518] pciehp: PCI Express Hot Plug Controller Driver version: 0.4
[    0.962547] vesafb: mode is 1680x1050x32, linelength=6720, pages=0
[    0.962548] vesafb: scrolling: redraw
[    0.962550] vesafb: Truecolor: size=8:8:8:8, shift=24:16:8:0
[    0.962561] vesafb: framebuffer at 0xf3000000, mapped to 0xffffc90001000000, using 6912k, total 6912k
[    0.962657] Console: switching to colour frame buffer device 210x65
[    0.962699] fb0: VESA VGA frame buffer device
[    0.962714] intel_idle: MWAIT substates: 0x1120
[    0.962719] intel_idle: v0.4.1 model 0x1E
[    0.962720] intel_idle: lapic_timer_reliable_states 0x2
[    0.962908] input: Power Button as /devices/LNXSYSTM:00/LNXSYBUS:00/PNP0C0C:00/input/input0
[    0.962912] ACPI: Power Button [PWRB]
[    0.962946] input: Power Button as /devices/LNXSYSTM:00/LNXPWRBN:00/input/input1
[    0.962948] ACPI: Power Button [PWRF]
[    0.963102] GHES: HEST is not enabled!
[    0.963181] Serial: 8250/16550 driver, 32 ports, IRQ sharing enabled
[    0.983578] 00:05: ttyS0 at I/O 0x3f8 (irq = 4, base_baud = 115200) is a 16550A
[    0.985332] Linux agpgart interface v0.103
[    0.987421] loop: module loaded
[    0.987609] libphy: Fixed MDIO Bus: probed
[    0.987612] tun: Universal TUN/TAP device driver, 1.6
[    0.987613] tun: (C) 1999-2004 Max Krasnyansky <maxk@qualcomm.com>
[    0.987681] PPP generic driver version 2.4.2
[    0.987731] ehci_hcd: USB 2.0 'Enhanced' Host Controller (EHCI) Driver
[    0.987735] ehci-pci: EHCI PCI platform driver
[    0.987905] ehci-pci 0000:00:1a.0: EHCI Host Controller
[    0.987911] ehci-pci 0000:00:1a.0: new USB bus registered, assigned bus number 1
[    0.987922] ehci-pci 0000:00:1a.0: debug port 2
[    0.991841] ehci-pci 0000:00:1a.0: cache line size of 32 is not supported
[    0.991852] ehci-pci 0000:00:1a.0: irq 16, io mem 0xf5ffe000
[    1.003954] ehci-pci 0000:00:1a.0: USB 2.0 started, EHCI 1.00
[    1.003990] usb usb1: New USB device found, idVendor=1d6b, idProduct=0002
[    1.003992] usb usb1: New USB device strings: Mfr=3, Product=2, SerialNumber=1
[    1.003994] usb usb1: Product: EHCI Host Controller
[    1.003996] usb usb1: Manufacturer: Linux 4.4.0-75-generic ehci_hcd
[    1.003997] usb usb1: SerialNumber: 0000:00:1a.0
[    1.004298] hub 1-0:1.0: USB hub found
[    1.004314] hub 1-0:1.0: 2 ports detected
[    1.004495] ehci-pci 0000:00:1d.0: EHCI Host Controller
[    1.004501] ehci-pci 0000:00:1d.0: new USB bus registered, assigned bus number 2
[    1.004510] ehci-pci 0000:00:1d.0: debug port 2
[    1.008411] ehci-pci 0000:00:1d.0: cache line size of 32 is not supported
[    1.008420] ehci-pci 0000:00:1d.0: irq 23, io mem 0xf5ffd000
[    1.019952] ehci-pci 0000:00:1d.0: USB 2.0 started, EHCI 1.00
[    1.020004] usb usb2: New USB device found, idVendor=1d6b, idProduct=0002
[    1.020006] usb usb2: New USB device strings: Mfr=3, Product=2, SerialNumber=1
[    1.020008] usb usb2: Product: EHCI Host Controller
[    1.020010] usb usb2: Manufacturer: Linux 4.4.0-75-generic ehci_hcd
[    1.020011] usb usb2: SerialNumber: 0000:00:1d.0
[    1.020299] hub 2-0:1.0: USB hub found
[    1.020314] hub 2-0:1.0: 2 ports detected
[    1.020424] ehci-platform: EHCI generic platform driver
[    1.020433] ohci_hcd: USB 1.1 'Open' Host Controller (OHCI) Driver
[    1.020437] ohci-pci: OHCI PCI platform driver
[    1.020448] ohci-platform: OHCI generic platform driver
[    1.020455] uhci_hcd: USB Universal Host Controller Interface driver
[    1.020507] i8042: PNP: No PS/2 controller found. Probing ports directly.
[    1.023029] serio: i8042 KBD port at 0x60,0x64 irq 1
[    1.023035] serio: i8042 AUX port at 0x60,0x64 irq 12
[    1.023384] mousedev: PS/2 mouse device common for all mice
[    1.023840] rtc_cmos 00:01: RTC can wake from S4
[    1.024036] rtc_cmos 00:01: rtc core: registered rtc_cmos as rtc0
[    1.024060] rtc_cmos 00:01: alarms up to one month, y3k, 114 bytes nvram, hpet irqs
[    1.024068] i2c /dev entries driver
[    1.024112] device-mapper: uevent: version 1.0.3
[    1.024243] device-mapper: ioctl: 4.34.0-ioctl (2015-10-28) initialised: dm-devel@redhat.com
[    1.024267] ledtrig-cpu: registered to indicate activity on CPUs
[    1.024823] NET: Registered protocol family 10
[    1.025008] NET: Registered protocol family 17
[    1.025024] Key type dns_resolver registered
[    1.025283] microcode: CPU0 sig=0x106e5, pf=0x2, revision=0x7
[    1.025288] microcode: CPU1 sig=0x106e5, pf=0x2, revision=0x7
[    1.025322] microcode: CPU2 sig=0x106e5, pf=0x2, revision=0x7
[    1.025381] microcode: CPU3 sig=0x106e5, pf=0x2, revision=0x7
[    1.025419] microcode: Microcode Update Driver: v2.01 <tigran@aivazian.fsnet.co.uk>, Peter Oruba
[    1.025593] registered taskstats version 1
[    1.025606] Loading compiled-in X.509 certificates
[    1.026543] Loaded X.509 cert 'Build time autogenerated kernel key: c2fea74804032151001b764dbf9eab8df960fa59'
[    1.026561] zswap: loaded using pool lzo/zbud
[    1.028718] Key type trusted registered
[    1.033237] Key type encrypted registered
[    1.033248] AppArmor: AppArmor sha1 policy hashing enabled
[    1.033253] ima: No TPM chip found, activating TPM-bypass!
[    1.033286] evm: HMAC attrs: 0x1
[    1.033780]   Magic number: 1:2:342
[    1.033964] rtc_cmos 00:01: setting system clock to 2017-05-11 18:19:17 UTC (1494526757)
[    1.034333] BIOS EDD facility v0.16 2004-Jun-25, 0 devices found
[    1.034334] EDD information not available.
[    1.034375] PM: Hibernation image not present or could not be loaded.
[    1.036041] Freeing unused kernel memory: 1484K (ffffffff81f45000 - ffffffff820b8000)
[    1.036043] Write protecting the kernel read-only data: 14336k
[    1.037028] Freeing unused kernel memory: 1780K (ffff880001843000 - ffff880001a00000)
[    1.037502] Freeing unused kernel memory: 116K (ffff880001de3000 - ffff880001e00000)
[    1.052144] random: systemd-udevd: uninitialized urandom read (16 bytes read, 9 bits of entropy available)
[    1.052213] random: systemd-udevd: uninitialized urandom read (16 bytes read, 9 bits of entropy available)
[    1.052226] random: systemd-udevd: uninitialized urandom read (16 bytes read, 9 bits of entropy available)
[    1.052240] random: systemd-udevd: uninitialized urandom read (16 bytes read, 9 bits of entropy available)
[    1.052688] random: udevadm: uninitialized urandom read (16 bytes read, 9 bits of entropy available)
[    1.052729] random: udevadm: uninitialized urandom read (16 bytes read, 9 bits of entropy available)
[    1.052972] random: udevadm: uninitialized urandom read (16 bytes read, 9 bits of entropy available)
[    1.053027] random: udevadm: uninitialized urandom read (16 bytes read, 9 bits of entropy available)
[    1.053079] random: udevadm: uninitialized urandom read (16 bytes read, 9 bits of entropy available)
[    1.053128] random: udevadm: uninitialized urandom read (16 bytes read, 9 bits of entropy available)
[    1.078442] FUJITSU Extended Socket Network Device Driver - version 1.0 - Copyright (c) 2015 FUJITSU LIMITED
[    1.089150] ahci 0000:00:1f.2: version 3.0
[    1.089295] ahci 0000:00:1f.2: SSS flag set, parallel bus scan disabled
[    1.089316] scsi host0: pata_jmicron
[    1.089408] scsi host1: pata_jmicron
[    1.089455] ata1: PATA max UDMA/100 cmd 0xec00 ctl 0xe880 bmdma 0xe400 irq 19
[    1.089456] ata2: PATA max UDMA/100 cmd 0xe800 ctl 0xe480 bmdma 0xe408 irq 19
[    1.089660] r8169 Gigabit Ethernet driver 2.3LK-NAPI loaded
[    1.089667] r8169 0000:02:00.0: can't disable ASPM; OS doesn't have ASPM control
[    1.089989] r8169 0000:02:00.0 eth0: RTL8168d/8111d at 0xffffc90000eaa000, 90:e6:ba:bc:92:ba, XID 083000c0 IRQ 30
[    1.089991] r8169 0000:02:00.0 eth0: jumbo features [frames: 9200 bytes, tx checksumming: ko]
[    1.090837] [drm] Initialized drm 1.1.0 20060810
[    1.103855] ahci 0000:00:1f.2: AHCI 0001.0300 32 slots 6 ports 3 Gbps 0x3f impl SATA mode
[    1.103860] ahci 0000:00:1f.2: flags: 64bit ncq sntf stag pm led clo pmp pio slum part ems sxs apst 
[    1.104285] nvidia: module license 'NVIDIA' taints kernel.
[    1.104287] Disabling lock debugging due to kernel taint
[    1.109752] nvidia: module verification failed: signature and/or required key missing - tainting kernel
[    1.115086] vgaarb: device changed decodes: PCI:0000:01:00.0,olddecodes=io+mem,decodes=none:owns=io+mem
[    1.115160] nvidia-nvlink: Nvlink Core is being initialized, major device number 247
[    1.115174] NVRM: loading NVIDIA UNIX x86_64 Kernel Module  375.39  Tue Jan 31 20:47:00 PST 2017 (using threaded interrupts)
[    1.116338] nvidia-modeset: Loading NVIDIA Kernel Mode Setting Driver for UNIX platforms  375.39  Tue Jan 31 19:41:48 PST 2017
[    1.117005] [drm] [nvidia-drm] [GPU ID 0x00000100] Loading driver
[    1.121730] r8169 0000:02:00.0 enp2s0: renamed from eth0
[    1.144652] scsi host2: ahci
[    1.144834] scsi host3: ahci
[    1.145252] scsi host4: ahci
[    1.145507] scsi host5: ahci
[    1.145807] scsi host6: ahci
[    1.146046] scsi host7: ahci
[    1.146130] ata3: SATA max UDMA/133 abar m2048@0xf5ff7000 port 0xf5ff7100 irq 29
[    1.146132] ata4: SATA max UDMA/133 abar m2048@0xf5ff7000 port 0xf5ff7180 irq 29
[    1.146134] ata5: SATA max UDMA/133 abar m2048@0xf5ff7000 port 0xf5ff7200 irq 29
[    1.146136] ata6: SATA max UDMA/133 abar m2048@0xf5ff7000 port 0xf5ff7280 irq 29
[    1.146137] ata7: SATA max UDMA/133 abar m2048@0xf5ff7000 port 0xf5ff7300 irq 29
[    1.146139] ata8: SATA max UDMA/133 abar m2048@0xf5ff7000 port 0xf5ff7380 irq 29
[    1.146220] ahci 0000:03:00.0: JMB361 has only one port
[    1.146229] ahci 0000:03:00.0: forcing port_map 0x3 -> 0x1
[    1.160054] ahci 0000:03:00.0: AHCI 0001.0000 32 slots 2 ports 3 Gbps 0x1 impl SATA mode
[    1.160057] ahci 0000:03:00.0: flags: 64bit ncq led clo pmp pio 
[    1.160587] scsi host8: ahci
[    1.161131] scsi host9: ahci
[    1.161251] ata9: SATA max UDMA/133 abar m8192@0xf7ffa000 port 0xf7ffa100 irq 18
[    1.161253] ata10: DUMMY
[    1.315827] usb 1-1: new high-speed USB device number 2 using ehci-pci
[    1.331823] usb 2-1: new high-speed USB device number 2 using ehci-pci
[    1.448439] usb 1-1: New USB device found, idVendor=8087, idProduct=0020
[    1.448446] usb 1-1: New USB device strings: Mfr=0, Product=0, SerialNumber=0
[    1.448834] hub 1-1:1.0: USB hub found
[    1.448889] hub 1-1:1.0: 6 ports detected
[    1.464446] usb 2-1: New USB device found, idVendor=8087, idProduct=0020
[    1.464452] usb 2-1: New USB device strings: Mfr=0, Product=0, SerialNumber=0
[    1.464971] hub 2-1:1.0: USB hub found
[    1.465188] hub 2-1:1.0: 8 ports detected
[    1.483982] ata9: SATA link down (SStatus 0 SControl 300)
[    1.635822] ata3: SATA link up 3.0 Gbps (SStatus 123 SControl 300)
[    1.650297] ata3.00: ATA-8: WDC WD5000AAKX-00ERMA0, 15.01H15, max UDMA/133
[    1.650303] ata3.00: 976773168 sectors, multi 0: LBA48 NCQ (depth 31/32), AA
[    1.651821] ata3.00: configured for UDMA/133
[    1.652237] scsi 2:0:0:0: Direct-Access     ATA      WDC WD5000AAKX-0 1H15 PQ: 0 ANSI: 5
[    1.652848] sd 2:0:0:0: [sda] 976773168 512-byte logical blocks: (500 GB/466 GiB)
[    1.652888] sd 2:0:0:0: Attached scsi generic sg0 type 0
[    1.653267] sd 2:0:0:0: [sda] Write Protect is off
[    1.653270] sd 2:0:0:0: [sda] Mode Sense: 00 3a 00 00
[    1.653495] sd 2:0:0:0: [sda] Write cache: enabled, read cache: enabled, doesn't support DPO or FUA
[    1.672190]  sda: sda1 sda2 sda3
[    1.673727] sd 2:0:0:0: [sda] Attached SCSI disk
[    1.735807] usb 2-1.2: new high-speed USB device number 3 using ehci-pci
[    1.831250] usb 2-1.2: New USB device found, idVendor=045e, idProduct=00f4
[    1.831257] usb 2-1.2: New USB device strings: Mfr=0, Product=1, SerialNumber=0
[    1.831261] usb 2-1.2: Product: USB20 Camera    
[    1.903795] usb 2-1.8: new full-speed USB device number 4 using ehci-pci
[    1.955785] tsc: Refined TSC clocksource calibration: 2674.966 MHz
[    1.955792] clocksource: tsc: mask: 0xffffffffffffffff max_cycles: 0x268eddfda1c, max_idle_ns: 440795338717 ns
[    2.000094] usb 2-1.8: New USB device found, idVendor=046d, idProduct=c52b
[    2.000100] usb 2-1.8: New USB device strings: Mfr=1, Product=2, SerialNumber=0
[    2.000104] usb 2-1.8: Product: USB Receiver
[    2.000107] usb 2-1.8: Manufacturer: Logitech
[    2.006113] hidraw: raw HID events driver (C) Jiri Kosina
[    2.012801] usbcore: registered new interface driver usbhid
[    2.012805] usbhid: USB HID core driver
[    2.016303] logitech-djreceiver 0003:046D:C52B.0003: hiddev0,hidraw0: USB HID v1.11 Device [Logitech USB Receiver] on usb-0000:00:1d.0-1.8/input2
[    2.137426] input: Logitech K250 as /devices/pci0000:00/0000:00:1d.0/usb2/2-1/2-1.8/2-1.8:1.2/0003:046D:C52B.0003/0003:046D:2015.0004/input/input5
[    2.137772] logitech-hidpp-device 0003:046D:2015.0004: input,hidraw1: USB HID v1.11 Keyboard [Logitech K250] on usb-0000:00:1d.0-1.8:1
[    2.143316] input: Logitech Performance MX as /devices/pci0000:00/0000:00:1d.0/usb2/2-1/2-1.8/2-1.8:1.2/0003:046D:C52B.0003/0003:046D:101A.0005/input/input6
[    2.143659] logitech-hidpp-device 0003:046D:101A.0005: input,hidraw2: USB HID v1.11 Mouse [Logitech Performance MX] on usb-0000:00:1d.0-1.8:2
[    2.143754] ata4: SATA link up 3.0 Gbps (SStatus 123 SControl 300)
[    2.157905] ata4.00: ATA-8: WDC WD5000AAKX-001CA0, 15.01H15, max UDMA/133
[    2.157909] ata4.00: 976773168 sectors, multi 0: LBA48 NCQ (depth 31/32), AA
[    2.159521] ata4.00: configured for UDMA/133
[    2.159648] scsi 3:0:0:0: Direct-Access     ATA      WDC WD5000AAKX-0 1H15 PQ: 0 ANSI: 5
[    2.160076] sd 3:0:0:0: Attached scsi generic sg1 type 0
[    2.160088] sd 3:0:0:0: [sdb] 976773168 512-byte logical blocks: (500 GB/466 GiB)
[    2.160228] sd 3:0:0:0: [sdb] Write Protect is off
[    2.160231] sd 3:0:0:0: [sdb] Mode Sense: 00 3a 00 00
[    2.160321] sd 3:0:0:0: [sdb] Write cache: enabled, read cache: enabled, doesn't support DPO or FUA
[    2.171028]  sdb: sdb1 sdb2 sdb3 sdb4
[    2.171552] sd 3:0:0:0: [sdb] Attached SCSI disk
[    2.651656] ata5: SATA link up 1.5 Gbps (SStatus 113 SControl 300)
[    2.654669] ata5.00: ATAPI: HL-DT-ST DVDRAM GH22NS50, TN02, max UDMA/100
[    2.658492] ata5.00: configured for UDMA/100
[    2.670866] scsi 4:0:0:0: CD-ROM            HL-DT-ST DVDRAM GH22NS50  TN02 PQ: 0 ANSI: 5
[    2.691717] sr 4:0:0:0: [sr0] scsi3-mmc drive: 48x/48x writer dvd-ram cd/rw xa/form2 cdda tray
[    2.691722] cdrom: Uniform CD-ROM driver Revision: 3.20
[    2.692025] sr 4:0:0:0: Attached scsi CD-ROM sr0
[    2.692162] sr 4:0:0:0: Attached scsi generic sg2 type 5
[    2.937011] random: nonblocking pool is initialized
[    2.956052] clocksource: Switched to clocksource tsc
[    3.011724] ata6: SATA link down (SStatus 0 SControl 300)
[    3.331712] ata7: SATA link down (SStatus 0 SControl 300)
[    3.651692] ata8: SATA link down (SStatus 0 SControl 300)
[    4.107727] floppy0: no floppy controllers found
[    4.107742] work still pending
[    4.365181] EXT4-fs (sda2): mounted filesystem with ordered data mode. Opts: (null)
[    5.268298] systemd[1]: RTC configured in localtime, applying delta of 120 minutes to system time.
[    5.778246] systemd[1]: systemd 229 running in system mode. (+PAM +AUDIT +SELINUX +IMA +APPARMOR +SMACK +SYSVINIT +UTMP +LIBCRYPTSETUP +GCRYPT +GNUTLS +ACL +XZ -LZ4 +SECCOMP +BLKID +ELFUTILS +KMOD -IDN)
[    5.778364] systemd[1]: Detected architecture x86-64.
[    5.791000] systemd[1]: Set hostname to <luivalis>.
[    8.237418] systemd[1]: Listening on Journal Socket (/dev/log).
[    8.237743] systemd[1]: Created slice System Slice.
[    8.237763] systemd[1]: Reached target Remote File Systems (Pre).
[    8.237820] systemd[1]: Listening on Journal Audit Socket.
[    8.237931] systemd[1]: Set up automount Arbitrary Executable File Formats File System Automount Point.
[    8.237946] systemd[1]: Reached target Remote File Systems.
[    8.237981] systemd[1]: Started Trigger resolvconf update for networkd DNS.
[    8.237991] systemd[1]: Reached target Encrypted Volumes.
[    8.238020] systemd[1]: Listening on /dev/initctl Compatibility Named Pipe.
[    8.238052] systemd[1]: Started Forward Password Requests to Wall Directory Watch.
[    8.238062] systemd[1]: Reached target User and Group Name Lookups.
[    8.238093] systemd[1]: Listening on udev Control Socket.
[    8.238115] systemd[1]: Listening on Syslog Socket.
[    8.238135] systemd[1]: Listening on udev Kernel Socket.
[    8.238157] systemd[1]: Listening on fsck to fsckd communication Socket.
[    8.238190] systemd[1]: Listening on Journal Socket.
[    8.247668] systemd[1]: Starting Set console keymap...
[    8.248219] systemd[1]: Started Read required files in advance.
[    8.249072] systemd[1]: Mounting POSIX Message Queue File System...
[    8.249642] systemd[1]: Mounting Debug File System...
[    8.250224] systemd[1]: Starting Journal Service...
[    8.250799] systemd[1]: Started Braille Device Support.
[    8.343602] systemd[1]: Starting Uncomplicated firewall...
[    8.495561] systemd[1]: Starting Load Kernel Modules...
[    8.496121] systemd[1]: Mounting Huge Pages File System...
[    8.496770] systemd[1]: Starting Create list of required static device nodes for the current kernel...
[    8.497030] systemd[1]: Created slice User and Session Slice.
[    8.497050] systemd[1]: Reached target Slices.
[    8.570361] systemd[1]: Started Create list of required static device nodes for the current kernel.
[    8.587617] systemd[1]: Starting Create Static Device Nodes in /dev...
[    8.670519] systemd[1]: Started Uncomplicated firewall.
[    8.680440] systemd[1]: Mounted Huge Pages File System.
[    8.680505] systemd[1]: Mounted Debug File System.
[    8.680549] systemd[1]: Mounted POSIX Message Queue File System.
[    9.180413] systemd[1]: Started Journal Service.
[    9.214674] lp: driver loaded but no devices found
[    9.242772] ppdev: user-space parallel port driver
[   13.022155] EXT4-fs (sda2): re-mounted. Opts: errors=remount-ro
[   13.213707] systemd-journald[306]: Received request to flush runtime journal from PID 1
[   13.689881] ACPI Warning: SystemIO range 0x0000000000000540-0x000000000000054F conflicts with OpRegion 0x0000000000000500-0x000000000000054F (\GPS1) (20150930/utaddress-254)
[   13.689887] ACPI: If an ACPI driver is available for this device, you should use it instead of the native driver
[   13.689888] ACPI Warning: SystemIO range 0x0000000000000530-0x000000000000053F conflicts with OpRegion 0x0000000000000500-0x000000000000054F (\GPS1) (20150930/utaddress-254)
[   13.689892] ACPI Warning: SystemIO range 0x0000000000000530-0x000000000000053F conflicts with OpRegion 0x0000000000000500-0x000000000000053F (\GPS0) (20150930/utaddress-254)
[   13.689895] ACPI: If an ACPI driver is available for this device, you should use it instead of the native driver
[   13.689896] ACPI Warning: SystemIO range 0x0000000000000500-0x000000000000052F conflicts with OpRegion 0x0000000000000500-0x000000000000054F (\GPS1) (20150930/utaddress-254)
[   13.689898] ACPI Warning: SystemIO range 0x0000000000000500-0x000000000000052F conflicts with OpRegion 0x0000000000000500-0x000000000000053F (\GPS0) (20150930/utaddress-254)
[   13.689901] ACPI: If an ACPI driver is available for this device, you should use it instead of the native driver
[   13.689902] lpc_ich: Resource conflict(s) found affecting gpio_ich
[   13.724004] shpchp: Standard Hot Plug PCI Controller Driver version: 0.4
[   14.095561] EDAC MC: Ver: 3.0.0
[   14.473944] EDAC MC0: Giving out device to module i7core_edac.c controller i7 core #0: DEV 0000:3f:03.0 (POLLED)
[   14.473983] EDAC PCI0: Giving out device to module i7core_edac controller EDAC PCI controller: DEV 0000:3f:03.0 (POLLED)
[   14.473989] EDAC i7core: Driver loaded, 1 memory controller(s) found.
[   14.680397] kvm: VM_EXIT_LOAD_IA32_PERF_GLOBAL_CTRL does not work properly. Using workaround
[   15.218155] media: Linux media interface: v0.10
[   15.363653] Linux video capture interface: v2.00
[   15.522998] gspca_main: v2.14.0 registered
[   15.558288] gspca_main: gspca_sn9c20x-2.14.0 probing 045e:00f4
[   15.753551] snd_hda_intel 0000:01:00.1: Disabling MSI
[   15.753558] snd_hda_intel 0000:01:00.1: Handle vga_switcheroo audio client
[   15.882076] snd_hda_codec_via hdaudioC0D0: autoconfig for VT1828S: line_outs=4 (0x24/0x25/0x26/0x27/0x0) type:line
[   15.882080] snd_hda_codec_via hdaudioC0D0:    speaker_outs=0 (0x0/0x0/0x0/0x0/0x0)
[   15.882082] snd_hda_codec_via hdaudioC0D0:    hp_outs=1 (0x28/0x0/0x0/0x0/0x0)
[   15.882084] snd_hda_codec_via hdaudioC0D0:    mono: mono_out=0x0
[   15.882085] snd_hda_codec_via hdaudioC0D0:    dig-out=0x2d/0x2e
[   15.882086] snd_hda_codec_via hdaudioC0D0:    inputs:
[   15.882089] snd_hda_codec_via hdaudioC0D0:      Front Mic=0x29
[   15.882090] snd_hda_codec_via hdaudioC0D0:      Rear Mic=0x2b
[   15.882092] snd_hda_codec_via hdaudioC0D0:      Line=0x2a
[   15.882093] snd_hda_codec_via hdaudioC0D0:      CD=0x2c
[   15.891683] input: HDA Intel MID Front Mic as /devices/pci0000:00/0000:00:1b.0/sound/card0/input7
[   15.891738] input: HDA Intel MID Rear Mic as /devices/pci0000:00/0000:00:1b.0/sound/card0/input8
[   15.891789] input: HDA Intel MID Line as /devices/pci0000:00/0000:00:1b.0/sound/card0/input9
[   15.891843] input: HDA Intel MID Line Out Front as /devices/pci0000:00/0000:00:1b.0/sound/card0/input10
[   15.891894] input: HDA Intel MID Line Out Surround as /devices/pci0000:00/0000:00:1b.0/sound/card0/input11
[   15.891944] input: HDA Intel MID Line Out CLFE as /devices/pci0000:00/0000:00:1b.0/sound/card0/input12
[   15.891994] input: HDA Intel MID Line Out Side as /devices/pci0000:00/0000:00:1b.0/sound/card0/input13
[   15.892043] input: HDA Intel MID Front Headphone as /devices/pci0000:00/0000:00:1b.0/sound/card0/input14
[   16.291730] input: HDA NVidia HDMI/DP,pcm=3 as /devices/pci0000:00/0000:00:03.0/0000:01:00.1/sound/card1/input15
[   16.291791] input: HDA NVidia HDMI/DP,pcm=7 as /devices/pci0000:00/0000:00:03.0/0000:01:00.1/sound/card1/input16
[   16.291843] input: HDA NVidia HDMI/DP,pcm=8 as /devices/pci0000:00/0000:00:03.0/0000:01:00.1/sound/card1/input17
[   16.291897] input: HDA NVidia HDMI/DP,pcm=9 as /devices/pci0000:00/0000:00:03.0/0000:01:00.1/sound/card1/input18
[   16.995087] gspca_sn9c20x: OV9650 sensor detected
[   16.995210] input: gspca_sn9c20x as /devices/pci0000:00/0000:00:1d.0/usb2/2-1/2-1.2/input/input19
[   16.995509] usbcore: registered new interface driver gspca_sn9c20x
[   17.114889] floppy0: no floppy controllers found
[   17.114904] work still pending
[   17.647154] usb 2-1.2: 2:1: cannot get freq at ep 0x84
[   17.654895] usbcore: registered new interface driver snd-usb-audio
[   18.965145] nvidia-uvm: Loaded the UVM driver in 8 mode, major device number 244
[   20.251907] NVRM: Your system is not currently configured to drive a VGA console
[   20.251910] NVRM: on the primary VGA device. The NVIDIA Linux graphics driver
[   20.251912] NVRM: requires the use of a text-mode VGA console. Use of other console
[   20.251913] NVRM: drivers including, but not limited to, vesafb, may result in
[   20.251914] NVRM: corruption and stability problems, and is not supported.
[   22.265234] Adding 16777212k swap on /dev/sda1.  Priority:-1 extents:1 across:16777212k FS
[   24.886986] audit: type=1400 audit(1494519581.350:2): apparmor="STATUS" operation="profile_load" profile="unconfined" name="docker-default" pid=929 comm="apparmor_parser"
[   24.910644] audit: type=1400 audit(1494519581.374:3): apparmor="STATUS" operation="profile_load" profile="unconfined" name="lxc-container-default" pid=931 comm="apparmor_parser"
[   24.910651] audit: type=1400 audit(1494519581.374:4): apparmor="STATUS" operation="profile_load" profile="unconfined" name="lxc-container-default-cgns" pid=931 comm="apparmor_parser"
[   24.910655] audit: type=1400 audit(1494519581.374:5): apparmor="STATUS" operation="profile_load" profile="unconfined" name="lxc-container-default-with-mounting" pid=931 comm="apparmor_parser"
[   24.910660] audit: type=1400 audit(1494519581.374:6): apparmor="STATUS" operation="profile_load" profile="unconfined" name="lxc-container-default-with-nesting" pid=931 comm="apparmor_parser"
[   24.930629] audit: type=1400 audit(1494519581.394:7): apparmor="STATUS" operation="profile_load" profile="unconfined" name="/usr/bin/lxc-start" pid=943 comm="apparmor_parser"
[   24.948176] audit: type=1400 audit(1494519581.410:8): apparmor="STATUS" operation="profile_load" profile="unconfined" name="/sbin/dhclient" pid=932 comm="apparmor_parser"
[   24.948183] audit: type=1400 audit(1494519581.410:9): apparmor="STATUS" operation="profile_load" profile="unconfined" name="/usr/lib/NetworkManager/nm-dhcp-client.action" pid=932 comm="apparmor_parser"
[   24.948188] audit: type=1400 audit(1494519581.410:10): apparmor="STATUS" operation="profile_load" profile="unconfined" name="/usr/lib/NetworkManager/nm-dhcp-helper" pid=932 comm="apparmor_parser"
[   24.948193] audit: type=1400 audit(1494519581.410:11): apparmor="STATUS" operation="profile_load" profile="unconfined" name="/usr/lib/connman/scripts/dhclient-script" pid=932 comm="apparmor_parser"
[   25.708081] cgroup: new mount options do not match the existing superblock, will be ignored
[   26.686628] vboxdrv: Found 4 processor cores
[   26.702846] vboxdrv: TSC mode is Invariant, tentative frequency 2674966085 Hz
[   26.702848] vboxdrv: Successfully loaded version 5.1.8 (interface 0x00280000)
[   27.021155] cgroup: new mount options do not match the existing superblock, will be ignored
[   27.042352] VBoxNetFlt: Successfully started.
[   27.057438] VBoxNetAdp: Successfully started.
[   27.103850] VBoxPciLinuxInit
[   27.414340] vboxpci: IOMMU not found (not registered)
[   35.362756] IPv6: ADDRCONF(NETDEV_UP): enp2s0: link is not ready
[   35.630977] r8169 0000:02:00.0 enp2s0: link down
[   35.631011] IPv6: ADDRCONF(NETDEV_UP): enp2s0: link is not ready
[   38.042453] r8169 0000:02:00.0 enp2s0: link up
[   38.042468] IPv6: ADDRCONF(NETDEV_CHANGE): enp2s0: link becomes ready
[   40.542351] nvidia-modeset: Allocated GPU:0 (GPU-2d2b1aed-b84c-7ab8-6d3a-2ebe800f0f51) @ PCI:0000:01:00.0
[   44.335766] ip_tables: (C) 2000-2006 Netfilter Core Team
[   44.646723] bridge: automatic filtering via arp/ip/ip6tables has been deprecated. Update your scripts to load br_netfilter if you need this.
[   44.652370] IPv6: ADDRCONF(NETDEV_UP): lxcbr0: link is not ready
[   45.250960] nf_conntrack version 0.5.0 (65536 buckets, 262144 max)
[   45.992968] audit_printk_skb: 75 callbacks suppressed
[   45.992971] audit: type=1400 audit(1494519602.458:37): apparmor="STATUS" operation="profile_replace" profile="unconfined" name="/usr/bin/lxc-start" pid=1687 comm="apparmor_parser"
[   45.999244] audit: type=1400 audit(1494519602.462:38): apparmor="STATUS" operation="profile_replace" profile="unconfined" name="lxc-container-default" pid=1691 comm="apparmor_parser"
[   45.999251] audit: type=1400 audit(1494519602.462:39): apparmor="STATUS" operation="profile_replace" profile="unconfined" name="lxc-container-default-cgns" pid=1691 comm="apparmor_parser"
[   45.999256] audit: type=1400 audit(1494519602.462:40): apparmor="STATUS" operation="profile_replace" profile="unconfined" name="lxc-container-default-with-mounting" pid=1691 comm="apparmor_parser"
[   45.999261] audit: type=1400 audit(1494519602.462:41): apparmor="STATUS" operation="profile_replace" profile="unconfined" name="lxc-container-default-with-nesting" pid=1691 comm="apparmor_parser"
[   46.236396] ip6_tables: (C) 2000-2006 Netfilter Core Team
[   47.447043] Ebtables v2.0 registered
[   50.372927] device virbr0-nic entered promiscuous mode
[   51.072162] virbr0: port 1(virbr0-nic) entered listening state
[   51.072175] virbr0: port 1(virbr0-nic) entered listening state
[   51.470166] virbr0: port 1(virbr0-nic) entered disabled state
[   51.472607] device virbr0-nic left promiscuous mode
[   51.472622] virbr0: port 1(virbr0-nic) entered disabled state
[   60.049544] aufs 4.x-rcN-20160111
[   60.935275] Bridge firewalling registered
[   61.065509] Initializing XFRM netlink socket
[   61.071116] Netfilter messages via NETLINK v0.30.
[   61.073324] ctnetlink v0.93: registering with nfnetlink.
[   61.322566] IPv6: ADDRCONF(NETDEV_UP): docker0: link is not ready
[   62.107196] aufs au_opts_verify:1597:dockerd[2553]: dirperm1 breaks the protection by the permission bits on the lower branch
[   67.819173] usb 2-1.2: 2:1: cannot get freq at ep 0x84
[   67.931426] usb 2-1.2: 2:1: cannot get freq at ep 0x84
[   68.054825] usb 2-1.2: 2:1: cannot get freq at ep 0x84
[   68.166947] usb 2-1.2: 2:1: cannot get freq at ep 0x84
[  171.437106] usb 2-1.2: 2:1: cannot get freq at ep 0x84
[  171.549277] usb 2-1.2: 2:1: cannot get freq at ep 0x84
[  171.672837] usb 2-1.2: 2:1: cannot get freq at ep 0x84
[  171.784991] usb 2-1.2: 2:1: cannot get freq at ep 0x84
[ 1047.247158] perf interrupt took too long (2503 > 2500), lowering kernel.perf_event_max_sample_rate to 50000
[ 3624.196874] Hello World!
