nitramfs) dmesg
[    0.000000] Linux version 4.12.0-rc2-glightplay8 (alessio@luivalis) (gcc version 5.4.0 20160609 (Ubuntu 5.4.0-6ubuntu1~16.04.4) ) #1 SMP Mon May 22 21:49:46 CEST 2017
[    0.000000] Command line: root=/dev/ram0 console=ttyAMA0 console=ttyS0
[    0.000000] x86/fpu: x87 FPU will use FXSAVE
[    0.000000] e820: BIOS-provided physical RAM map:
[    0.000000] BIOS-e820: [mem 0x0000000000000000-0x000000000009fbff] usable
[    0.000000] BIOS-e820: [mem 0x000000000009fc00-0x000000000009ffff] reserved
[    0.000000] BIOS-e820: [mem 0x00000000000f0000-0x00000000000fffff] reserved
[    0.000000] BIOS-e820: [mem 0x0000000000100000-0x000000001ffdffff] usable
[    0.000000] BIOS-e820: [mem 0x000000001ffe0000-0x000000001fffffff] reserved
[    0.000000] BIOS-e820: [mem 0x00000000fffc0000-0x00000000ffffffff] reserved
[    0.000000] tsc: Fast TSC calibration failed
[    0.000000] tsc: Unable to calibrate against PIT
[    0.000000] tsc: No reference (HPET/PMTIMER) available
[    0.000000] NX (Execute Disable) protection: active
[    0.000000] SMBIOS 2.8 present.
[    0.000000] DMI: QEMU Standard PC (i440FX + PIIX, 1996), BIOS Ubuntu-1.8.2-1ubuntu1 04/01/2014
[    0.000000] e820: update [mem 0x00000000-0x00000fff] usable ==> reserved
[    0.000000] e820: remove [mem 0x000a0000-0x000fffff] usable
[    0.000000] e820: last_pfn = 0x1ffe0 max_arch_pfn = 0x400000000
[    0.000000] MTRR default type: write-back
[    0.000000] MTRR fixed ranges enabled:
[    0.000000]   00000-9FFFF write-back
[    0.000000]   A0000-BFFFF uncachable
[    0.000000]   C0000-FFFFF write-protect
[    0.000000] MTRR variable ranges enabled:
[    0.000000]   0 base 0080000000 mask FF80000000 uncachable
[    0.000000]   1 disabled
[    0.000000]   2 disabled
[    0.000000]   3 disabled
[    0.000000]   4 disabled
[    0.000000]   5 disabled
[    0.000000]   6 disabled
[    0.000000]   7 disabled
[    0.000000] x86/PAT: Configuration [0-7]: WB  WC  UC- UC  WB  WC  UC- WT  
[    0.000000] found SMP MP-table at [mem 0x000f6640-0x000f664f] mapped at [ffff9e02800f6640]
[    0.000000] Scanning 1 areas for low memory corruption
[    0.000000] Base memory trampoline at [ffff9e0280099000] 99000 size 24576
[    0.000000] BRK [0x09b34000, 0x09b34fff] PGTABLE
[    0.000000] BRK [0x09b35000, 0x09b35fff] PGTABLE
[    0.000000] BRK [0x09b36000, 0x09b36fff] PGTABLE
[    0.000000] BRK [0x09b37000, 0x09b37fff] PGTABLE
[    0.000000] BRK [0x09b38000, 0x09b38fff] PGTABLE
[    0.000000] RAMDISK: [mem 0x1d49f000-0x1ffdffff]
[    0.000000] ACPI: Early table checksum verification disabled
[    0.000000] ACPI: RSDP 0x00000000000F6460 000014 (v00 BOCHS )
[    0.000000] ACPI: RSDT 0x000000001FFE16EE 000034 (v01 BOCHS  BXPCRSDT 00000001 BXPC 00000001)
[    0.000000] ACPI: FACP 0x000000001FFE0C14 000074 (v01 BOCHS  BXPCFACP 00000001 BXPC 00000001)
[    0.000000] ACPI: DSDT 0x000000001FFE0040 000BD4 (v01 BOCHS  BXPCDSDT 00000001 BXPC 00000001)
[    0.000000] ACPI: FACS 0x000000001FFE0000 000040
[    0.000000] ACPI: SSDT 0x000000001FFE0C88 0009B6 (v01 BOCHS  BXPCSSDT 00000001 BXPC 00000001)
[    0.000000] ACPI: APIC 0x000000001FFE163E 000078 (v01 BOCHS  BXPCAPIC 00000001 BXPC 00000001)
[    0.000000] ACPI: HPET 0x000000001FFE16B6 000038 (v01 BOCHS  BXPCHPET 00000001 BXPC 00000001)
[    0.000000] ACPI: Local APIC address 0xfee00000
[    0.000000] No NUMA configuration found
[    0.000000] Faking a node at [mem 0x0000000000000000-0x000000001ffdffff]
[    0.000000] NODE_DATA(0) allocated [mem 0x1d49b000-0x1d49efff]
[    0.000000] Zone ranges:
[    0.000000]   DMA      [mem 0x0000000000001000-0x0000000000ffffff]
[    0.000000]   DMA32    [mem 0x0000000001000000-0x000000001ffdffff]
[    0.000000]   Normal   empty
[    0.000000] Movable zone start for each node
[    0.000000] Early memory node ranges
[    0.000000]   node   0: [mem 0x0000000000001000-0x000000000009efff]
[    0.000000]   node   0: [mem 0x0000000000100000-0x000000001ffdffff]
[    0.000000] Initmem setup node 0 [mem 0x0000000000001000-0x000000001ffdffff]
[    0.000000] On node 0 totalpages: 130942
[    0.000000]   DMA zone: 64 pages used for memmap
[    0.000000]   DMA zone: 21 pages reserved
[    0.000000]   DMA zone: 3998 pages, LIFO batch:0
[    0.000000]   DMA32 zone: 1984 pages used for memmap
[    0.000000]   DMA32 zone: 126944 pages, LIFO batch:31
[    0.000000] ACPI: PM-Timer IO Port: 0x608
[    0.000000] ACPI: Local APIC address 0xfee00000
[    0.000000] ACPI: LAPIC_NMI (acpi_id[0xff] dfl dfl lint[0x1])
[    0.000000] IOAPIC[0]: apic_id 0, version 17, address 0xfec00000, GSI 0-23
[    0.000000] ACPI: INT_SRC_OVR (bus 0 bus_irq 0 global_irq 2 dfl dfl)
[    0.000000] ACPI: INT_SRC_OVR (bus 0 bus_irq 5 global_irq 5 high level)
[    0.000000] ACPI: INT_SRC_OVR (bus 0 bus_irq 9 global_irq 9 high level)
[    0.000000] ACPI: INT_SRC_OVR (bus 0 bus_irq 10 global_irq 10 high level)
[    0.000000] ACPI: INT_SRC_OVR (bus 0 bus_irq 11 global_irq 11 high level)
[    0.000000] ACPI: IRQ0 used by override.
[    0.000000] ACPI: IRQ5 used by override.
[    0.000000] ACPI: IRQ9 used by override.
[    0.000000] ACPI: IRQ10 used by override.
[    0.000000] ACPI: IRQ11 used by override.
[    0.000000] Using ACPI (MADT) for SMP configuration information
[    0.000000] ACPI: HPET id: 0x8086a201 base: 0xfed00000
[    0.000000] smpboot: Allowing 1 CPUs, 0 hotplug CPUs
[    0.000000] PM: Registered nosave memory: [mem 0x00000000-0x00000fff]
[    0.000000] PM: Registered nosave memory: [mem 0x0009f000-0x0009ffff]
[    0.000000] PM: Registered nosave memory: [mem 0x000a0000-0x000effff]
[    0.000000] PM: Registered nosave memory: [mem 0x000f0000-0x000fffff]
[    0.000000] e820: [mem 0x20000000-0xfffbffff] available for PCI devices
[    0.000000] clocksource: refined-jiffies: mask: 0xffffffff max_cycles: 0xffffffff, max_idle_ns: 1910969940391419 ns
[    0.000000] setup_percpu: NR_CPUS:64 nr_cpumask_bits:64 nr_cpu_ids:1 nr_node_ids:1
[    0.000000] percpu: Embedded 36 pages/cpu @ffff9e029d200000 s110552 r8192 d28712 u2097152
[    0.000000] pcpu-alloc: s110552 r8192 d28712 u2097152 alloc=1*2097152
[    0.000000] pcpu-alloc: [0] 0 
[    0.000000] Built 1 zonelists in Node order, mobility grouping on.  Total pages: 128873
[    0.000000] Policy zone: DMA32
[    0.000000] Kernel command line: root=/dev/ram0 console=ttyAMA0 console=ttyS0
[    0.000000] PID hash table entries: 2048 (order: 2, 16384 bytes)
[    0.000000] Calgary: detecting Calgary via BIOS EBDA area
[    0.000000] Calgary: Unable to locate Rio Grande table in EBDA - bailing!
[    0.000000] Memory: 453332K/523768K available (9496K kernel code, 1285K rwdata, 2876K rodata, 1176K init, 688K bss, 70436K reserved, 0K cma-reserved)
[    0.000000] SLUB: HWalign=64, Order=0-3, MinObjects=0, CPUs=1, Nodes=1
[    0.000000] Hierarchical RCU implementation.
[    0.000000] 	RCU debugfs-based tracing is enabled.
[    0.000000] 	RCU restricting CPUs from NR_CPUS=64 to nr_cpu_ids=1.
[    0.000000] RCU: Adjusting geometry for rcu_fanout_leaf=16, nr_cpu_ids=1
[    0.000000] NR_IRQS:4352 nr_irqs:256 16
[    0.000000] Console: colour VGA+ 80x25
[    0.000000] console [ttyS0] enabled
[    0.000000] clocksource: hpet: mask: 0xffffffff max_cycles: 0xffffffff, max_idle_ns: 19112604467 ns
[    0.000000] hpet clockevent registered
[    0.003000] tsc: Fast TSC calibration using PIT
[    0.004000] tsc: Detected 2675.070 MHz processor
[    0.005000] Calibrating delay loop (skipped), value calculated using timer frequency.. 5350.14 BogoMIPS (lpj=2675070)
[    0.006393] pid_max: default: 32768 minimum: 301
[    0.006664] ACPI: Core revision 20170303
[    0.038117] ACPI: 2 ACPI AML tables successfully acquired and loaded
[    0.039494] Security Framework initialized
[    0.039810] SELinux:  Initializing.
[    0.040264] SELinux:  Starting in permissive mode
[    0.041293] Dentry cache hash table entries: 65536 (order: 7, 524288 bytes)
[    0.042748] Inode-cache hash table entries: 32768 (order: 6, 262144 bytes)
[    0.043691] Mount-cache hash table entries: 1024 (order: 1, 8192 bytes)
[    0.043929] Mountpoint-cache hash table entries: 1024 (order: 1, 8192 bytes)
[    0.059115] mce: CPU supports 10 MCE banks
[    0.060376] Last level iTLB entries: 4KB 0, 2MB 0, 4MB 0
[    0.060523] Last level dTLB entries: 4KB 0, 2MB 0, 4MB 0, 1GB 0
[    0.256130] random: fast init done
[    0.410095] Freeing SMP alternatives memory: 32K
[    0.423879] smpboot: Max logical packages: 1
[    0.429000] ..TIMER: vector=0x30 apic1=0 pin1=2 apic2=-1 pin2=-1
[    0.440000] smpboot: CPU0: AMD QEMU Virtual CPU version 2.5+ (family: 0x6, model: 0x6, stepping: 0x3)
[    0.444273] Performance Events: PMU not available due to virtualization, using software events only.
[    0.451274] Huh? What family is it: 0x6?!
[    0.452237] smp: Bringing up secondary CPUs ...
[    0.452474] smp: Brought up 1 node, 1 CPU
[    0.452695] smpboot: Total of 1 processors activated (5350.14 BogoMIPS)
[    0.457335] sched_clock: Marking stable (457000000, 0)->(560914715, -103914715)
[    0.466233] devtmpfs: initialized
[    0.475059] clocksource: jiffies: mask: 0xffffffff max_cycles: 0xffffffff, max_idle_ns: 1911260446275000 ns
[    0.475428] futex hash table entries: 256 (order: 2, 16384 bytes)
[    0.477501] RTC time: 22:29:32, date: 05/23/17
[    0.490256] NET: Registered protocol family 16
[    0.494896] kworker/u2:0 (15) used greatest stack depth: 14808 bytes left
[    0.514205] kworker/u2:1 (17) used greatest stack depth: 14120 bytes left
[    0.514558] kworker/u2:1 (26) used greatest stack depth: 13944 bytes left
[    0.517813] cpuidle: using governor menu
[    0.518139] PCCT header not found.
[    0.519341] ACPI: bus type PCI registered
[    0.522366] PCI: Using configuration type 1 for base access
[    0.736889] HugeTLB registered 2 MB page size, pre-allocated 0 pages
[    0.741435] ACPI: Added _OSI(Module Device)
[    0.741581] ACPI: Added _OSI(Processor Device)
[    0.741686] ACPI: Added _OSI(3.0 _SCP Extensions)
[    0.741824] ACPI: Added _OSI(Processor Aggregator Device)
[    0.769801] ACPI: Interpreter enabled
[    0.771084] ACPI: (supports S0 S3 S4 S5)
[    0.771235] ACPI: Using IOAPIC for interrupt routing
[    0.772159] PCI: Using host bridge windows from ACPI; if necessary, use "pci=nocrs" and report a bug
[    0.855406] ACPI: PCI Root Bridge [PCI0] (domain 0000 [bus 00-ff])
[    0.856508] acpi PNP0A03:00: _OSC: OS supports [ASPM ClockPM Segments MSI]
[    0.857046] acpi PNP0A03:00: _OSC failed (AE_NOT_FOUND); disabling ASPM
[    0.857804] acpi PNP0A03:00: fail to add MMCONFIG information, can't access extended PCI configuration space under this bridge.
[    0.861190] PCI host bridge to bus 0000:00
[    0.861440] pci_bus 0000:00: root bus resource [io  0x0000-0x0cf7 window]
[    0.861658] pci_bus 0000:00: root bus resource [io  0x0d00-0xffff window]
[    0.861880] pci_bus 0000:00: root bus resource [mem 0x000a0000-0x000bffff window]
[    0.862114] pci_bus 0000:00: root bus resource [mem 0x20000000-0xfebfffff window]
[    0.862452] pci_bus 0000:00: root bus resource [bus 00-ff]
[    0.863474] pci 0000:00:00.0: [8086:1237] type 00 class 0x060000
[    0.868553] pci 0000:00:01.0: [8086:7000] type 00 class 0x060100
[    0.870444] pci 0000:00:01.1: [8086:7010] type 00 class 0x010180
[    0.873443] pci 0000:00:01.1: reg 0x20: [io  0xc040-0xc04f]
[    0.874545] pci 0000:00:01.1: legacy IDE quirk: reg 0x10: [io  0x01f0-0x01f7]
[    0.874787] pci 0000:00:01.1: legacy IDE quirk: reg 0x14: [io  0x03f6]
[    0.875062] pci 0000:00:01.1: legacy IDE quirk: reg 0x18: [io  0x0170-0x0177]
[    0.875246] pci 0000:00:01.1: legacy IDE quirk: reg 0x1c: [io  0x0376]
[    0.877667] pci 0000:00:01.3: [8086:7113] type 00 class 0x068000
[    0.878304] pci 0000:00:01.3: quirk: [io  0x0600-0x063f] claimed by PIIX4 ACPI
[    0.878511] pci 0000:00:01.3: quirk: [io  0x0700-0x070f] claimed by PIIX4 SMB
[    0.880468] pci 0000:00:02.0: [1234:1111] type 00 class 0x030000
[    0.881912] pci 0000:00:02.0: reg 0x10: [mem 0xfd000000-0xfdffffff pref]
[    0.883795] pci 0000:00:02.0: reg 0x18: [mem 0xfebf0000-0xfebf0fff]
[    0.888220] pci 0000:00:02.0: reg 0x30: [mem 0xfebe0000-0xfebeffff pref]
[    0.890709] pci 0000:00:03.0: [8086:100e] type 00 class 0x020000
[    0.892847] pci 0000:00:03.0: reg 0x10: [mem 0xfebc0000-0xfebdffff]
[    0.893808] pci 0000:00:03.0: reg 0x14: [io  0xc000-0xc03f]
[    0.898583] pci 0000:00:03.0: reg 0x30: [mem 0xfeb80000-0xfebbffff pref]
[    0.914731] ACPI: PCI Interrupt Link [LNKA] (IRQs 5 *10 11)
[    0.916326] ACPI: PCI Interrupt Link [LNKB] (IRQs 5 *10 11)
[    0.917550] ACPI: PCI Interrupt Link [LNKC] (IRQs 5 10 *11)
[    0.918721] ACPI: PCI Interrupt Link [LNKD] (IRQs 5 10 *11)
[    0.919457] ACPI: PCI Interrupt Link [LNKS] (IRQs *9)
[    0.922828] ACPI: Enabled 16 GPEs in block 00 to 0F
[    0.928763] pci 0000:00:02.0: vgaarb: setting as boot VGA device
[    0.929054] pci 0000:00:02.0: vgaarb: VGA device added: decodes=io+mem,owns=io+mem,locks=none
[    0.929452] pci 0000:00:02.0: vgaarb: bridge control possible
[    0.929621] vgaarb: loaded
[    0.933551] SCSI subsystem initialized
[    0.935392] libata version 3.00 loaded.
[    0.937039] ACPI: bus type USB registered
[    0.938139] usbcore: registered new interface driver usbfs
[    0.941679] usbcore: registered new interface driver hub
[    0.942465] usbcore: registered new device driver usb
[    0.944283] pps_core: LinuxPPS API ver. 1 registered
[    0.944462] pps_core: Software ver. 5.3.6 - Copyright 2005-2007 Rodolfo Giometti <giometti@linux.it>
[    0.945241] PTP clock support registered
[    0.947770] EDAC MC: Ver: 3.0.0
[    0.951541] Advanced Linux Sound Architecture Driver Initialized.
[    0.952527] PCI: Using ACPI for IRQ routing
[    0.952776] PCI: pci_cache_line_size set to 64 bytes
[    0.953344] e820: reserve RAM buffer [mem 0x0009fc00-0x0009ffff]
[    0.953518] e820: reserve RAM buffer [mem 0x1ffe0000-0x1fffffff]
[    0.968858] NetLabel: Initializing
[    0.969083] NetLabel:  domain hash size = 128
[    0.969203] NetLabel:  protocols = UNLABELED CIPSOv4 CALIPSO
[    0.970398] NetLabel:  unlabeled traffic allowed by default
[    0.972587] HPET: 3 timers in total, 0 timers will be used for per-cpu timer
[    0.973320] hpet0: at MMIO 0xfed00000, IRQs 2, 8, 0
[    0.973567] hpet0: 3 comparators, 64-bit 100.000000 MHz counter
[    0.979796] clocksource: Switched to clocksource hpet
[    1.177902] VFS: Disk quotas dquot_6.6.0
[    1.178338] VFS: Dquot-cache hash table entries: 512 (order 0, 4096 bytes)
[    1.182203] pnp: PnP ACPI init
[    1.185642] pnp 00:00: Plug and Play ACPI device, IDs PNP0b00 (active)
[    1.186935] pnp 00:01: Plug and Play ACPI device, IDs PNP0303 (active)
[    1.187569] pnp 00:02: Plug and Play ACPI device, IDs PNP0f13 (active)
[    1.188500] pnp 00:03: [dma 2]
[    1.189242] pnp 00:03: Plug and Play ACPI device, IDs PNP0700 (active)
[    1.190381] pnp 00:04: Plug and Play ACPI device, IDs PNP0400 (active)
[    1.191452] pnp 00:05: Plug and Play ACPI device, IDs PNP0501 (active)
[    1.195129] pnp: PnP ACPI: found 6 devices
[    1.270859] clocksource: acpi_pm: mask: 0xffffff max_cycles: 0xffffff, max_idle_ns: 2085701024 ns
[    1.272198] pci_bus 0000:00: resource 4 [io  0x0000-0x0cf7 window]
[    1.272223] pci_bus 0000:00: resource 5 [io  0x0d00-0xffff window]
[    1.272240] pci_bus 0000:00: resource 6 [mem 0x000a0000-0x000bffff window]
[    1.272255] pci_bus 0000:00: resource 7 [mem 0x20000000-0xfebfffff window]
[    1.273536] NET: Registered protocol family 2
[    1.280370] TCP established hash table entries: 4096 (order: 3, 32768 bytes)
[    1.280933] TCP bind hash table entries: 4096 (order: 4, 65536 bytes)
[    1.281305] TCP: Hash tables configured (established 4096 bind 4096)
[    1.282593] UDP hash table entries: 256 (order: 1, 8192 bytes)
[    1.283092] UDP-Lite hash table entries: 256 (order: 1, 8192 bytes)
[    1.285069] NET: Registered protocol family 1
[    1.287575] RPC: Registered named UNIX socket transport module.
[    1.287883] RPC: Registered udp transport module.
[    1.288036] RPC: Registered tcp transport module.
[    1.288171] RPC: Registered tcp NFSv4.1 backchannel transport module.
[    1.288445] pci 0000:00:00.0: Limiting direct PCI/PCI transfers
[    1.288764] pci 0000:00:01.0: PIIX3: Enabling Passive Release
[    1.289090] pci 0000:00:01.0: Activating ISA DMA hang workarounds
[    1.289526] pci 0000:00:02.0: Video device with shadowed ROM at [mem 0x000c0000-0x000dffff]
[    1.289931] PCI: CLS 0 bytes, default 64
[    1.295655] Unpacking initramfs...
[    6.088241] Freeing initrd memory: 44292K
[    6.094329] Scanning for low memory corruption every 60 seconds
[    6.105822] audit: initializing netlink subsys (disabled)
[    6.109573] audit: type=2000 audit(1495578577.098:1): state=initialized audit_enabled=0 res=1
[    6.114113] workingset: timestamp_bits=56 max_order=17 bucket_order=0
[    6.183992] NFS: Registering the id_resolver key type
[    6.185268] Key type id_resolver registered
[    6.185449] Key type id_legacy registered
[    6.188295] SELinux:  Registering netfilter hooks
[    6.206529] Block layer SCSI generic (bsg) driver version 0.4 loaded (major 250)
[    6.206959] io scheduler noop registered
[    6.207132] io scheduler deadline registered
[    6.208515] io scheduler cfq registered (default)
[    6.208833] io scheduler mq-deadline registered
[    6.208971] io scheduler kyber registered
[    6.223089] input: Power Button as /devices/LNXSYSTM:00/LNXPWRBN:00/input/input0
[    6.224245] ACPI: Power Button [PWRF]
[    6.232156] Serial: 8250/16550 driver, 4 ports, IRQ sharing enabled
[    6.260165] 00:05: ttyS0 at I/O 0x3f8 (irq = 4, base_baud = 115200) is a 16550A
[    6.275077] Non-volatile memory driver v1.3
[    6.276041] Linux agpgart interface v0.103
[    6.323572] loop: module loaded
[    6.327502] ata_piix 0000:00:01.1: version 2.13
[    6.343117] scsi host0: ata_piix
[    6.346496] scsi host1: ata_piix
[    6.347845] ata1: PATA max MWDMA2 cmd 0x1f0 ctl 0x3f6 bmdma 0xc040 irq 14
[    6.348061] ata2: PATA max MWDMA2 cmd 0x170 ctl 0x376 bmdma 0xc048 irq 15
[    6.354370] e100: Intel(R) PRO/100 Network Driver, 3.5.24-k2-NAPI
[    6.354564] e100: Copyright(c) 1999-2006 Intel Corporation
[    6.355185] e1000: Intel(R) PRO/1000 Network Driver - version 7.3.21-k8-NAPI
[    6.355393] e1000: Copyright (c) 1999-2006 Intel Corporation.
[    6.509613] ata2.01: NODEV after polling detection
[    6.515190] ata2.00: ATAPI: QEMU DVD-ROM, 2.5+, max UDMA/100
[    6.522579] ata2.00: configured for MWDMA2
[    6.538419] scsi 1:0:0:0: CD-ROM            QEMU     QEMU DVD-ROM     2.5+ PQ: 0 ANSI: 5
[    6.562794] sr 1:0:0:0: [sr0] scsi3-mmc drive: 4x/4x cd/rw xa/form2 tray
[    6.563178] cdrom: Uniform CD-ROM driver Revision: 3.20
[    6.568505] sr 1:0:0:0: Attached scsi CD-ROM sr0
[    6.573003] sr 1:0:0:0: Attached scsi generic sg0 type 5
[    6.843959] ACPI: PCI Interrupt Link [LNKC] enabled at IRQ 11
[    7.137878] e1000 0000:00:03.0 eth0: (PCI:33MHz:32-bit) 52:54:00:12:34:56
[    7.138266] e1000 0000:00:03.0 eth0: Intel(R) PRO/1000 Network Connection
[    7.139439] e1000e: Intel(R) PRO/1000 Network Driver - 3.2.6-k
[    7.139579] e1000e: Copyright(c) 1999 - 2015 Intel Corporation.
[    7.140423] sky2: driver version 1.30
[    7.144760] ehci_hcd: USB 2.0 'Enhanced' Host Controller (EHCI) Driver
[    7.144996] ehci-pci: EHCI PCI platform driver
[    7.145344] tsc: Refined TSC clocksource calibration: 2675.042 MHz
[    7.145691] clocksource: tsc: mask: 0xffffffffffffffff max_cycles: 0x268f257f73f, max_idle_ns: 440795256195 ns
[    7.146257] ohci_hcd: USB 1.1 'Open' Host Controller (OHCI) Driver
[    7.146990] ohci-pci: OHCI PCI platform driver
[    7.147417] uhci_hcd: USB Universal Host Controller Interface driver
[    7.151146] usbcore: registered new interface driver usblp
[    7.152103] usbcore: registered new interface driver usb-storage
[    7.153819] i8042: PNP: PS/2 Controller [PNP0303:KBD,PNP0f13:MOU] at 0x60,0x64 irq 1,12
[    7.159987] serio: i8042 KBD port at 0x60,0x64 irq 1
[    7.160358] serio: i8042 AUX port at 0x60,0x64 irq 12
[    7.167287] input: AT Translated Set 2 keyboard as /devices/platform/i8042/serio0/input/input1
[    7.170177] rtc_cmos 00:00: RTC can wake from S4
[    7.176176] rtc_cmos 00:00: rtc core: registered rtc_cmos as rtc0
[    7.177126] rtc_cmos 00:00: alarms up to one day, 114 bytes nvram, hpet irqs
[    7.186439] device-mapper: ioctl: 4.35.0-ioctl (2016-06-23) initialised: dm-devel@redhat.com
[    7.188096] hidraw: raw HID events driver (C) Jiri Kosina
[    7.201274] usbcore: registered new interface driver usbhid
[    7.201462] usbhid: USB HID core driver
[    7.218591] Netfilter messages via NETLINK v0.30.
[    7.222438] nf_conntrack version 0.5.0 (4096 buckets, 16384 max)
[    7.224514] ctnetlink v0.93: registering with nfnetlink.
[    7.233239] ip_tables: (C) 2000-2006 Netfilter Core Team
[    7.239757] Initializing XFRM netlink socket
[    7.247112] NET: Registered protocol family 10
[    7.270302] Segment Routing with IPv6
[    7.271409] ip6_tables: (C) 2000-2006 Netfilter Core Team
[    7.275237] sit: IPv6, IPv4 and MPLS over IPv4 tunneling driver
[    7.284378] NET: Registered protocol family 17
[    7.285332] Key type dns_resolver registered
[    7.298282] registered taskstats version 1
[    7.308874]   Magic number: 1:982:502
[    7.309574] console [netcon0] enabled
[    7.309820] netconsole: network logging started
[    7.315207] PM: Hibernation image not present or could not be loaded.
[    7.315362] ALSA device list:
[    7.315478]   No soundcards found.
[    7.385361] Freeing unused kernel memory: 1176K
[    7.385557] Write protecting the kernel read-only data: 14336k
[    7.435419] Freeing unused kernel memory: 724K
[    7.464891] Freeing unused kernel memory: 1220K
[    7.810740] input: ImExPS/2 Generic Explorer Mouse as /devices/platform/i8042/serio1/input/input3
[    8.156180] clocksource: Switched to clocksource tsc
[    9.147873] e1000 0000:00:03.0 enp0s3: renamed from eth0
[    9.341106] cdrom_id (1006) used greatest stack depth: 13480 bytes left
[   47.319476] random: crng init done
(initramfs) dmesg
[    0.000000] Linux version 4.12.0-rc2-glightplay8 (alessio@luivalis) (gcc version 5.4.0 20160609 (Ubuntu 5.4.0-6ubuntu1~16.04.4) ) #1 SMP Mon May 22 21:49:46 CEST 2017
[    0.000000] Command line: root=/dev/ram0 console=ttyAMA0 console=ttyS0
[    0.000000] x86/fpu: x87 FPU will use FXSAVE
[    0.000000] e820: BIOS-provided physical RAM map:
[    0.000000] BIOS-e820: [mem 0x0000000000000000-0x000000000009fbff] usable
[    0.000000] BIOS-e820: [mem 0x000000000009fc00-0x000000000009ffff] reserved
[    0.000000] BIOS-e820: [mem 0x00000000000f0000-0x00000000000fffff] reserved
[    0.000000] BIOS-e820: [mem 0x0000000000100000-0x000000001ffdffff] usable
[    0.000000] BIOS-e820: [mem 0x000000001ffe0000-0x000000001fffffff] reserved
[    0.000000] BIOS-e820: [mem 0x00000000fffc0000-0x00000000ffffffff] reserved
[    0.000000] tsc: Fast TSC calibration failed
[    0.000000] tsc: Unable to calibrate against PIT
[    0.000000] tsc: No reference (HPET/PMTIMER) available
[    0.000000] NX (Execute Disable) protection: active
[    0.000000] SMBIOS 2.8 present.
[    0.000000] DMI: QEMU Standard PC (i440FX + PIIX, 1996), BIOS Ubuntu-1.8.2-1ubuntu1 04/01/2014
[    0.000000] e820: update [mem 0x00000000-0x00000fff] usable ==> reserved
[    0.000000] e820: remove [mem 0x000a0000-0x000fffff] usable
[    0.000000] e820: last_pfn = 0x1ffe0 max_arch_pfn = 0x400000000
[    0.000000] MTRR default type: write-back
[    0.000000] MTRR fixed ranges enabled:
[    0.000000]   00000-9FFFF write-back
[    0.000000]   A0000-BFFFF uncachable
[    0.000000]   C0000-FFFFF write-protect
[    0.000000] MTRR variable ranges enabled:
[    0.000000]   0 base 0080000000 mask FF80000000 uncachable
[    0.000000]   1 disabled
[    0.000000]   2 disabled
[    0.000000]   3 disabled
[    0.000000]   4 disabled
[    0.000000]   5 disabled
[    0.000000]   6 disabled
[    0.000000]   7 disabled
[    0.000000] x86/PAT: Configuration [0-7]: WB  WC  UC- UC  WB  WC  UC- WT  
[    0.000000] found SMP MP-table at [mem 0x000f6640-0x000f664f] mapped at [ffff9e02800f6640]
[    0.000000] Scanning 1 areas for low memory corruption
[    0.000000] Base memory trampoline at [ffff9e0280099000] 99000 size 24576
[    0.000000] BRK [0x09b34000, 0x09b34fff] PGTABLE
[    0.000000] BRK [0x09b35000, 0x09b35fff] PGTABLE
[    0.000000] BRK [0x09b36000, 0x09b36fff] PGTABLE
[    0.000000] BRK [0x09b37000, 0x09b37fff] PGTABLE
[    0.000000] BRK [0x09b38000, 0x09b38fff] PGTABLE
[    0.000000] RAMDISK: [mem 0x1d49f000-0x1ffdffff]
[    0.000000] ACPI: Early table checksum verification disabled
[    0.000000] ACPI: RSDP 0x00000000000F6460 000014 (v00 BOCHS )
[    0.000000] ACPI: RSDT 0x000000001FFE16EE 000034 (v01 BOCHS  BXPCRSDT 00000001 BXPC 00000001)
[    0.000000] ACPI: FACP 0x000000001FFE0C14 000074 (v01 BOCHS  BXPCFACP 00000001 BXPC 00000001)
[    0.000000] ACPI: DSDT 0x000000001FFE0040 000BD4 (v01 BOCHS  BXPCDSDT 00000001 BXPC 00000001)
[    0.000000] ACPI: FACS 0x000000001FFE0000 000040
[    0.000000] ACPI: SSDT 0x000000001FFE0C88 0009B6 (v01 BOCHS  BXPCSSDT 00000001 BXPC 00000001)
[    0.000000] ACPI: APIC 0x000000001FFE163E 000078 (v01 BOCHS  BXPCAPIC 00000001 BXPC 00000001)
[    0.000000] ACPI: HPET 0x000000001FFE16B6 000038 (v01 BOCHS  BXPCHPET 00000001 BXPC 00000001)
[    0.000000] ACPI: Local APIC address 0xfee00000
[    0.000000] No NUMA configuration found
[    0.000000] Faking a node at [mem 0x0000000000000000-0x000000001ffdffff]
[    0.000000] NODE_DATA(0) allocated [mem 0x1d49b000-0x1d49efff]
[    0.000000] Zone ranges:
[    0.000000]   DMA      [mem 0x0000000000001000-0x0000000000ffffff]
[    0.000000]   DMA32    [mem 0x0000000001000000-0x000000001ffdffff]
[    0.000000]   Normal   empty
[    0.000000] Movable zone start for each node
[    0.000000] Early memory node ranges
[    0.000000]   node   0: [mem 0x0000000000001000-0x000000000009efff]
[    0.000000]   node   0: [mem 0x0000000000100000-0x000000001ffdffff]
[    0.000000] Initmem setup node 0 [mem 0x0000000000001000-0x000000001ffdffff]
[    0.000000] On node 0 totalpages: 130942
[    0.000000]   DMA zone: 64 pages used for memmap
[    0.000000]   DMA zone: 21 pages reserved
[    0.000000]   DMA zone: 3998 pages, LIFO batch:0
[    0.000000]   DMA32 zone: 1984 pages used for memmap
[    0.000000]   DMA32 zone: 126944 pages, LIFO batch:31
[    0.000000] ACPI: PM-Timer IO Port: 0x608
[    0.000000] ACPI: Local APIC address 0xfee00000
[    0.000000] ACPI: LAPIC_NMI (acpi_id[0xff] dfl dfl lint[0x1])
[    0.000000] IOAPIC[0]: apic_id 0, version 17, address 0xfec00000, GSI 0-23
[    0.000000] ACPI: INT_SRC_OVR (bus 0 bus_irq 0 global_irq 2 dfl dfl)
[    0.000000] ACPI: INT_SRC_OVR (bus 0 bus_irq 5 global_irq 5 high level)
[    0.000000] ACPI: INT_SRC_OVR (bus 0 bus_irq 9 global_irq 9 high level)
[    0.000000] ACPI: INT_SRC_OVR (bus 0 bus_irq 10 global_irq 10 high level)
[    0.000000] ACPI: INT_SRC_OVR (bus 0 bus_irq 11 global_irq 11 high level)
[    0.000000] ACPI: IRQ0 used by override.
[    0.000000] ACPI: IRQ5 used by override.
[    0.000000] ACPI: IRQ9 used by override.
[    0.000000] ACPI: IRQ10 used by override.
[    0.000000] ACPI: IRQ11 used by override.
[    0.000000] Using ACPI (MADT) for SMP configuration information
[    0.000000] ACPI: HPET id: 0x8086a201 base: 0xfed00000
[    0.000000] smpboot: Allowing 1 CPUs, 0 hotplug CPUs
[    0.000000] PM: Registered nosave memory: [mem 0x00000000-0x00000fff]
[    0.000000] PM: Registered nosave memory: [mem 0x0009f000-0x0009ffff]
[    0.000000] PM: Registered nosave memory: [mem 0x000a0000-0x000effff]
[    0.000000] PM: Registered nosave memory: [mem 0x000f0000-0x000fffff]
[    0.000000] e820: [mem 0x20000000-0xfffbffff] available for PCI devices
[    0.000000] clocksource: refined-jiffies: mask: 0xffffffff max_cycles: 0xffffffff, max_idle_ns: 1910969940391419 ns
[    0.000000] setup_percpu: NR_CPUS:64 nr_cpumask_bits:64 nr_cpu_ids:1 nr_node_ids:1
[    0.000000] percpu: Embedded 36 pages/cpu @ffff9e029d200000 s110552 r8192 d28712 u2097152
[    0.000000] pcpu-alloc: s110552 r8192 d28712 u2097152 alloc=1*2097152
[    0.000000] pcpu-alloc: [0] 0 
[    0.000000] Built 1 zonelists in Node order, mobility grouping on.  Total pages: 128873
[    0.000000] Policy zone: DMA32
[    0.000000] Kernel command line: root=/dev/ram0 console=ttyAMA0 console=ttyS0
[    0.000000] PID hash table entries: 2048 (order: 2, 16384 bytes)
[    0.000000] Calgary: detecting Calgary via BIOS EBDA area
[    0.000000] Calgary: Unable to locate Rio Grande table in EBDA - bailing!
[    0.000000] Memory: 453332K/523768K available (9496K kernel code, 1285K rwdata, 2876K rodata, 1176K init, 688K bss, 70436K reserved, 0K cma-reserved)
[    0.000000] SLUB: HWalign=64, Order=0-3, MinObjects=0, CPUs=1, Nodes=1
[    0.000000] Hierarchical RCU implementation.
[    0.000000] 	RCU debugfs-based tracing is enabled.
[    0.000000] 	RCU restricting CPUs from NR_CPUS=64 to nr_cpu_ids=1.
[    0.000000] RCU: Adjusting geometry for rcu_fanout_leaf=16, nr_cpu_ids=1
[    0.000000] NR_IRQS:4352 nr_irqs:256 16
[    0.000000] Console: colour VGA+ 80x25
[    0.000000] console [ttyS0] enabled
[    0.000000] clocksource: hpet: mask: 0xffffffff max_cycles: 0xffffffff, max_idle_ns: 19112604467 ns
[    0.000000] hpet clockevent registered
[    0.003000] tsc: Fast TSC calibration using PIT
[    0.004000] tsc: Detected 2675.070 MHz processor
[    0.005000] Calibrating delay loop (skipped), value calculated using timer frequency.. 5350.14 BogoMIPS (lpj=2675070)
[    0.006393] pid_max: default: 32768 minimum: 301
[    0.006664] ACPI: Core revision 20170303
[    0.038117] ACPI: 2 ACPI AML tables successfully acquired and loaded
[    0.039494] Security Framework initialized
[    0.039810] SELinux:  Initializing.
[    0.040264] SELinux:  Starting in permissive mode
[    0.041293] Dentry cache hash table entries: 65536 (order: 7, 524288 bytes)
[    0.042748] Inode-cache hash table entries: 32768 (order: 6, 262144 bytes)
[    0.043691] Mount-cache hash table entries: 1024 (order: 1, 8192 bytes)
[    0.043929] Mountpoint-cache hash table entries: 1024 (order: 1, 8192 bytes)
[    0.059115] mce: CPU supports 10 MCE banks
[    0.060376] Last level iTLB entries: 4KB 0, 2MB 0, 4MB 0
[    0.060523] Last level dTLB entries: 4KB 0, 2MB 0, 4MB 0, 1GB 0
[    0.256130] random: fast init done
[    0.410095] Freeing SMP alternatives memory: 32K
[    0.423879] smpboot: Max logical packages: 1
[    0.429000] ..TIMER: vector=0x30 apic1=0 pin1=2 apic2=-1 pin2=-1
[    0.440000] smpboot: CPU0: AMD QEMU Virtual CPU version 2.5+ (family: 0x6, model: 0x6, stepping: 0x3)
[    0.444273] Performance Events: PMU not available due to virtualization, using software events only.
[    0.451274] Huh? What family is it: 0x6?!
[    0.452237] smp: Bringing up secondary CPUs ...
[    0.452474] smp: Brought up 1 node, 1 CPU
[    0.452695] smpboot: Total of 1 processors activated (5350.14 BogoMIPS)
[    0.457335] sched_clock: Marking stable (457000000, 0)->(560914715, -103914715)
[    0.466233] devtmpfs: initialized
[    0.475059] clocksource: jiffies: mask: 0xffffffff max_cycles: 0xffffffff, max_idle_ns: 1911260446275000 ns
[    0.475428] futex hash table entries: 256 (order: 2, 16384 bytes)
[    0.477501] RTC time: 22:29:32, date: 05/23/17
[    0.490256] NET: Registered protocol family 16
[    0.494896] kworker/u2:0 (15) used greatest stack depth: 14808 bytes left
[    0.514205] kworker/u2:1 (17) used greatest stack depth: 14120 bytes left
[    0.514558] kworker/u2:1 (26) used greatest stack depth: 13944 bytes left
[    0.517813] cpuidle: using governor menu
[    0.518139] PCCT header not found.
[    0.519341] ACPI: bus type PCI registered
[    0.522366] PCI: Using configuration type 1 for base access
[    0.736889] HugeTLB registered 2 MB page size, pre-allocated 0 pages
[    0.741435] ACPI: Added _OSI(Module Device)
[    0.741581] ACPI: Added _OSI(Processor Device)
[    0.741686] ACPI: Added _OSI(3.0 _SCP Extensions)
[    0.741824] ACPI: Added _OSI(Processor Aggregator Device)
[    0.769801] ACPI: Interpreter enabled
[    0.771084] ACPI: (supports S0 S3 S4 S5)
[    0.771235] ACPI: Using IOAPIC for interrupt routing
[    0.772159] PCI: Using host bridge windows from ACPI; if necessary, use "pci=nocrs" and report a bug
[    0.855406] ACPI: PCI Root Bridge [PCI0] (domain 0000 [bus 00-ff])
[    0.856508] acpi PNP0A03:00: _OSC: OS supports [ASPM ClockPM Segments MSI]
[    0.857046] acpi PNP0A03:00: _OSC failed (AE_NOT_FOUND); disabling ASPM
[    0.857804] acpi PNP0A03:00: fail to add MMCONFIG information, can't access extended PCI configuration space under this bridge.
[    0.861190] PCI host bridge to bus 0000:00
[    0.861440] pci_bus 0000:00: root bus resource [io  0x0000-0x0cf7 window]
[    0.861658] pci_bus 0000:00: root bus resource [io  0x0d00-0xffff window]
[    0.861880] pci_bus 0000:00: root bus resource [mem 0x000a0000-0x000bffff window]
[    0.862114] pci_bus 0000:00: root bus resource [mem 0x20000000-0xfebfffff window]
[    0.862452] pci_bus 0000:00: root bus resource [bus 00-ff]
[    0.863474] pci 0000:00:00.0: [8086:1237] type 00 class 0x060000
[    0.868553] pci 0000:00:01.0: [8086:7000] type 00 class 0x060100
[    0.870444] pci 0000:00:01.1: [8086:7010] type 00 class 0x010180
[    0.873443] pci 0000:00:01.1: reg 0x20: [io  0xc040-0xc04f]
[    0.874545] pci 0000:00:01.1: legacy IDE quirk: reg 0x10: [io  0x01f0-0x01f7]
[    0.874787] pci 0000:00:01.1: legacy IDE quirk: reg 0x14: [io  0x03f6]
[    0.875062] pci 0000:00:01.1: legacy IDE quirk: reg 0x18: [io  0x0170-0x0177]
[    0.875246] pci 0000:00:01.1: legacy IDE quirk: reg 0x1c: [io  0x0376]
[    0.877667] pci 0000:00:01.3: [8086:7113] type 00 class 0x068000
[    0.878304] pci 0000:00:01.3: quirk: [io  0x0600-0x063f] claimed by PIIX4 ACPI
[    0.878511] pci 0000:00:01.3: quirk: [io  0x0700-0x070f] claimed by PIIX4 SMB
[    0.880468] pci 0000:00:02.0: [1234:1111] type 00 class 0x030000
[    0.881912] pci 0000:00:02.0: reg 0x10: [mem 0xfd000000-0xfdffffff pref]
[    0.883795] pci 0000:00:02.0: reg 0x18: [mem 0xfebf0000-0xfebf0fff]
[    0.888220] pci 0000:00:02.0: reg 0x30: [mem 0xfebe0000-0xfebeffff pref]
[    0.890709] pci 0000:00:03.0: [8086:100e] type 00 class 0x020000
[    0.892847] pci 0000:00:03.0: reg 0x10: [mem 0xfebc0000-0xfebdffff]
[    0.893808] pci 0000:00:03.0: reg 0x14: [io  0xc000-0xc03f]
[    0.898583] pci 0000:00:03.0: reg 0x30: [mem 0xfeb80000-0xfebbffff pref]
[    0.914731] ACPI: PCI Interrupt Link [LNKA] (IRQs 5 *10 11)
[    0.916326] ACPI: PCI Interrupt Link [LNKB] (IRQs 5 *10 11)
[    0.917550] ACPI: PCI Interrupt Link [LNKC] (IRQs 5 10 *11)
[    0.918721] ACPI: PCI Interrupt Link [LNKD] (IRQs 5 10 *11)
[    0.919457] ACPI: PCI Interrupt Link [LNKS] (IRQs *9)
[    0.922828] ACPI: Enabled 16 GPEs in block 00 to 0F
[    0.928763] pci 0000:00:02.0: vgaarb: setting as boot VGA device
[    0.929054] pci 0000:00:02.0: vgaarb: VGA device added: decodes=io+mem,owns=io+mem,locks=none
[    0.929452] pci 0000:00:02.0: vgaarb: bridge control possible
[    0.929621] vgaarb: loaded
[    0.933551] SCSI subsystem initialized
[    0.935392] libata version 3.00 loaded.
[    0.937039] ACPI: bus type USB registered
[    0.938139] usbcore: registered new interface driver usbfs
[    0.941679] usbcore: registered new interface driver hub
[    0.942465] usbcore: registered new device driver usb
[    0.944283] pps_core: LinuxPPS API ver. 1 registered
[    0.944462] pps_core: Software ver. 5.3.6 - Copyright 2005-2007 Rodolfo Giometti <giometti@linux.it>
[    0.945241] PTP clock support registered
[    0.947770] EDAC MC: Ver: 3.0.0
[    0.951541] Advanced Linux Sound Architecture Driver Initialized.
[    0.952527] PCI: Using ACPI for IRQ routing
[    0.952776] PCI: pci_cache_line_size set to 64 bytes
[    0.953344] e820: reserve RAM buffer [mem 0x0009fc00-0x0009ffff]
[    0.953518] e820: reserve RAM buffer [mem 0x1ffe0000-0x1fffffff]
[    0.968858] NetLabel: Initializing
[    0.969083] NetLabel:  domain hash size = 128
[    0.969203] NetLabel:  protocols = UNLABELED CIPSOv4 CALIPSO
[    0.970398] NetLabel:  unlabeled traffic allowed by default
[    0.972587] HPET: 3 timers in total, 0 timers will be used for per-cpu timer
[    0.973320] hpet0: at MMIO 0xfed00000, IRQs 2, 8, 0
[    0.973567] hpet0: 3 comparators, 64-bit 100.000000 MHz counter
[    0.979796] clocksource: Switched to clocksource hpet
[    1.177902] VFS: Disk quotas dquot_6.6.0
[    1.178338] VFS: Dquot-cache hash table entries: 512 (order 0, 4096 bytes)
[    1.182203] pnp: PnP ACPI init
[    1.185642] pnp 00:00: Plug and Play ACPI device, IDs PNP0b00 (active)
[    1.186935] pnp 00:01: Plug and Play ACPI device, IDs PNP0303 (active)
[    1.187569] pnp 00:02: Plug and Play ACPI device, IDs PNP0f13 (active)
[    1.188500] pnp 00:03: [dma 2]
[    1.189242] pnp 00:03: Plug and Play ACPI device, IDs PNP0700 (active)
[    1.190381] pnp 00:04: Plug and Play ACPI device, IDs PNP0400 (active)
[    1.191452] pnp 00:05: Plug and Play ACPI device, IDs PNP0501 (active)
[    1.195129] pnp: PnP ACPI: found 6 devices
[    1.270859] clocksource: acpi_pm: mask: 0xffffff max_cycles: 0xffffff, max_idle_ns: 2085701024 ns
[    1.272198] pci_bus 0000:00: resource 4 [io  0x0000-0x0cf7 window]
[    1.272223] pci_bus 0000:00: resource 5 [io  0x0d00-0xffff window]
[    1.272240] pci_bus 0000:00: resource 6 [mem 0x000a0000-0x000bffff window]
[    1.272255] pci_bus 0000:00: resource 7 [mem 0x20000000-0xfebfffff window]
[    1.273536] NET: Registered protocol family 2
[    1.280370] TCP established hash table entries: 4096 (order: 3, 32768 bytes)
[    1.280933] TCP bind hash table entries: 4096 (order: 4, 65536 bytes)
[    1.281305] TCP: Hash tables configured (established 4096 bind 4096)
[    1.282593] UDP hash table entries: 256 (order: 1, 8192 bytes)
[    1.283092] UDP-Lite hash table entries: 256 (order: 1, 8192 bytes)
[    1.285069] NET: Registered protocol family 1
[    1.287575] RPC: Registered named UNIX socket transport module.
[    1.287883] RPC: Registered udp transport module.
[    1.288036] RPC: Registered tcp transport module.
[    1.288171] RPC: Registered tcp NFSv4.1 backchannel transport module.
[    1.288445] pci 0000:00:00.0: Limiting direct PCI/PCI transfers
[    1.288764] pci 0000:00:01.0: PIIX3: Enabling Passive Release
[    1.289090] pci 0000:00:01.0: Activating ISA DMA hang workarounds
[    1.289526] pci 0000:00:02.0: Video device with shadowed ROM at [mem 0x000c0000-0x000dffff]
[    1.289931] PCI: CLS 0 bytes, default 64
[    1.295655] Unpacking initramfs...
[    6.088241] Freeing initrd memory: 44292K
[    6.094329] Scanning for low memory corruption every 60 seconds
[    6.105822] audit: initializing netlink subsys (disabled)
[    6.109573] audit: type=2000 audit(1495578577.098:1): state=initialized audit_enabled=0 res=1
[    6.114113] workingset: timestamp_bits=56 max_order=17 bucket_order=0
[    6.183992] NFS: Registering the id_resolver key type
[    6.185268] Key type id_resolver registered
[    6.185449] Key type id_legacy registered
[    6.188295] SELinux:  Registering netfilter hooks
[    6.206529] Block layer SCSI generic (bsg) driver version 0.4 loaded (major 250)
[    6.206959] io scheduler noop registered
[    6.207132] io scheduler deadline registered
[    6.208515] io scheduler cfq registered (default)
[    6.208833] io scheduler mq-deadline registered
[    6.208971] io scheduler kyber registered
[    6.223089] input: Power Button as /devices/LNXSYSTM:00/LNXPWRBN:00/input/input0
[    6.224245] ACPI: Power Button [PWRF]
[    6.232156] Serial: 8250/16550 driver, 4 ports, IRQ sharing enabled
[    6.260165] 00:05: ttyS0 at I/O 0x3f8 (irq = 4, base_baud = 115200) is a 16550A
[    6.275077] Non-volatile memory driver v1.3
[    6.276041] Linux agpgart interface v0.103
[    6.323572] loop: module loaded
[    6.327502] ata_piix 0000:00:01.1: version 2.13
[    6.343117] scsi host0: ata_piix
[    6.346496] scsi host1: ata_piix
[    6.347845] ata1: PATA max MWDMA2 cmd 0x1f0 ctl 0x3f6 bmdma 0xc040 irq 14
[    6.348061] ata2: PATA max MWDMA2 cmd 0x170 ctl 0x376 bmdma 0xc048 irq 15
[    6.354370] e100: Intel(R) PRO/100 Network Driver, 3.5.24-k2-NAPI
[    6.354564] e100: Copyright(c) 1999-2006 Intel Corporation
[    6.355185] e1000: Intel(R) PRO/1000 Network Driver - version 7.3.21-k8-NAPI
[    6.355393] e1000: Copyright (c) 1999-2006 Intel Corporation.
[    6.509613] ata2.01: NODEV after polling detection
[    6.515190] ata2.00: ATAPI: QEMU DVD-ROM, 2.5+, max UDMA/100
[    6.522579] ata2.00: configured for MWDMA2
[    6.538419] scsi 1:0:0:0: CD-ROM            QEMU     QEMU DVD-ROM     2.5+ PQ: 0 ANSI: 5
[    6.562794] sr 1:0:0:0: [sr0] scsi3-mmc drive: 4x/4x cd/rw xa/form2 tray
[    6.563178] cdrom: Uniform CD-ROM driver Revision: 3.20
[    6.568505] sr 1:0:0:0: Attached scsi CD-ROM sr0
[    6.573003] sr 1:0:0:0: Attached scsi generic sg0 type 5
[    6.843959] ACPI: PCI Interrupt Link [LNKC] enabled at IRQ 11
[    7.137878] e1000 0000:00:03.0 eth0: (PCI:33MHz:32-bit) 52:54:00:12:34:56
[    7.138266] e1000 0000:00:03.0 eth0: Intel(R) PRO/1000 Network Connection
[    7.139439] e1000e: Intel(R) PRO/1000 Network Driver - 3.2.6-k
[    7.139579] e1000e: Copyright(c) 1999 - 2015 Intel Corporation.
[    7.140423] sky2: driver version 1.30
[    7.144760] ehci_hcd: USB 2.0 'Enhanced' Host Controller (EHCI) Driver
[    7.144996] ehci-pci: EHCI PCI platform driver
[    7.145344] tsc: Refined TSC clocksource calibration: 2675.042 MHz
[    7.145691] clocksource: tsc: mask: 0xffffffffffffffff max_cycles: 0x268f257f73f, max_idle_ns: 440795256195 ns
[    7.146257] ohci_hcd: USB 1.1 'Open' Host Controller (OHCI) Driver
[    7.146990] ohci-pci: OHCI PCI platform driver
[    7.147417] uhci_hcd: USB Universal Host Controller Interface driver
[    7.151146] usbcore: registered new interface driver usblp
[    7.152103] usbcore: registered new interface driver usb-storage
[    7.153819] i8042: PNP: PS/2 Controller [PNP0303:KBD,PNP0f13:MOU] at 0x60,0x64 irq 1,12
[    7.159987] serio: i8042 KBD port at 0x60,0x64 irq 1
[    7.160358] serio: i8042 AUX port at 0x60,0x64 irq 12
[    7.167287] input: AT Translated Set 2 keyboard as /devices/platform/i8042/serio0/input/input1
[    7.170177] rtc_cmos 00:00: RTC can wake from S4
[    7.176176] rtc_cmos 00:00: rtc core: registered rtc_cmos as rtc0
[    7.177126] rtc_cmos 00:00: alarms up to one day, 114 bytes nvram, hpet irqs
[    7.186439] device-mapper: ioctl: 4.35.0-ioctl (2016-06-23) initialised: dm-devel@redhat.com
[    7.188096] hidraw: raw HID events driver (C) Jiri Kosina
[    7.201274] usbcore: registered new interface driver usbhid
[    7.201462] usbhid: USB HID core driver
[    7.218591] Netfilter messages via NETLINK v0.30.
[    7.222438] nf_conntrack version 0.5.0 (4096 buckets, 16384 max)
[    7.224514] ctnetlink v0.93: registering with nfnetlink.
[    7.233239] ip_tables: (C) 2000-2006 Netfilter Core Team
[    7.239757] Initializing XFRM netlink socket
[    7.247112] NET: Registered protocol family 10
[    7.270302] Segment Routing with IPv6
[    7.271409] ip6_tables: (C) 2000-2006 Netfilter Core Team
[    7.275237] sit: IPv6, IPv4 and MPLS over IPv4 tunneling driver
[    7.284378] NET: Registered protocol family 17
[    7.285332] Key type dns_resolver registered
[    7.298282] registered taskstats version 1
[    7.308874]   Magic number: 1:982:502
[    7.309574] console [netcon0] enabled
[    7.309820] netconsole: network logging started
[    7.315207] PM: Hibernation image not present or could not be loaded.
[    7.315362] ALSA device list:
[    7.315478]   No soundcards found.
[    7.385361] Freeing unused kernel memory: 1176K
[    7.385557] Write protecting the kernel read-only data: 14336k
[    7.435419] Freeing unused kernel memory: 724K
[    7.464891] Freeing unused kernel memory: 1220K
[    7.810740] input: ImExPS/2 Generic Explorer Mouse as /devices/platform/i8042/serio1/input/input3
[    8.156180] clocksource: Switched to clocksource tsc
[    9.147873] e1000 0000:00:03.0 enp0s3: renamed from eth0
[    9.341106] cdrom_id (1006) used greatest stack depth: 13480 bytes left
[   47.319476] random: crng init done
i(initramfs) dmesg
[    0.000000] Linux version 4.12.0-rc2-glightplay8 (alessio@luivalis) (gcc version 5.4.0 20160609 (Ubuntu 5.4.0-6ubuntu1~16.04.4) ) #1 SMP Mon May 22 21:49:46 CEST 2017
[    0.000000] Command line: root=/dev/ram0 console=ttyAMA0 console=ttyS0
[    0.000000] x86/fpu: x87 FPU will use FXSAVE
[    0.000000] e820: BIOS-provided physical RAM map:
[    0.000000] BIOS-e820: [mem 0x0000000000000000-0x000000000009fbff] usable
[    0.000000] BIOS-e820: [mem 0x000000000009fc00-0x000000000009ffff] reserved
[    0.000000] BIOS-e820: [mem 0x00000000000f0000-0x00000000000fffff] reserved
[    0.000000] BIOS-e820: [mem 0x0000000000100000-0x000000001ffdffff] usable
[    0.000000] BIOS-e820: [mem 0x000000001ffe0000-0x000000001fffffff] reserved
[    0.000000] BIOS-e820: [mem 0x00000000fffc0000-0x00000000ffffffff] reserved
[    0.000000] tsc: Fast TSC calibration failed
[    0.000000] tsc: Unable to calibrate against PIT
[    0.000000] tsc: No reference (HPET/PMTIMER) available
[    0.000000] NX (Execute Disable) protection: active
[    0.000000] SMBIOS 2.8 present.
[    0.000000] DMI: QEMU Standard PC (i440FX + PIIX, 1996), BIOS Ubuntu-1.8.2-1ubuntu1 04/01/2014
[    0.000000] e820: update [mem 0x00000000-0x00000fff] usable ==> reserved
[    0.000000] e820: remove [mem 0x000a0000-0x000fffff] usable
[    0.000000] e820: last_pfn = 0x1ffe0 max_arch_pfn = 0x400000000
[    0.000000] MTRR default type: write-back
[    0.000000] MTRR fixed ranges enabled:
[    0.000000]   00000-9FFFF write-back
[    0.000000]   A0000-BFFFF uncachable
[    0.000000]   C0000-FFFFF write-protect
[    0.000000] MTRR variable ranges enabled:
[    0.000000]   0 base 0080000000 mask FF80000000 uncachable
[    0.000000]   1 disabled
[    0.000000]   2 disabled
[    0.000000]   3 disabled
[    0.000000]   4 disabled
[    0.000000]   5 disabled
[    0.000000]   6 disabled
[    0.000000]   7 disabled
[    0.000000] x86/PAT: Configuration [0-7]: WB  WC  UC- UC  WB  WC  UC- WT  
[    0.000000] found SMP MP-table at [mem 0x000f6640-0x000f664f] mapped at [ffff9e02800f6640]
[    0.000000] Scanning 1 areas for low memory corruption
[    0.000000] Base memory trampoline at [ffff9e0280099000] 99000 size 24576
[    0.000000] BRK [0x09b34000, 0x09b34fff] PGTABLE
[    0.000000] BRK [0x09b35000, 0x09b35fff] PGTABLE
[    0.000000] BRK [0x09b36000, 0x09b36fff] PGTABLE
[    0.000000] BRK [0x09b37000, 0x09b37fff] PGTABLE
[    0.000000] BRK [0x09b38000, 0x09b38fff] PGTABLE
[    0.000000] RAMDISK: [mem 0x1d49f000-0x1ffdffff]
[    0.000000] ACPI: Early table checksum verification disabled
[    0.000000] ACPI: RSDP 0x00000000000F6460 000014 (v00 BOCHS )
[    0.000000] ACPI: RSDT 0x000000001FFE16EE 000034 (v01 BOCHS  BXPCRSDT 00000001 BXPC 00000001)
[    0.000000] ACPI: FACP 0x000000001FFE0C14 000074 (v01 BOCHS  BXPCFACP 00000001 BXPC 00000001)
[    0.000000] ACPI: DSDT 0x000000001FFE0040 000BD4 (v01 BOCHS  BXPCDSDT 00000001 BXPC 00000001)
[    0.000000] ACPI: FACS 0x000000001FFE0000 000040
[    0.000000] ACPI: SSDT 0x000000001FFE0C88 0009B6 (v01 BOCHS  BXPCSSDT 00000001 BXPC 00000001)
[    0.000000] ACPI: APIC 0x000000001FFE163E 000078 (v01 BOCHS  BXPCAPIC 00000001 BXPC 00000001)
[    0.000000] ACPI: HPET 0x000000001FFE16B6 000038 (v01 BOCHS  BXPCHPET 00000001 BXPC 00000001)
[    0.000000] ACPI: Local APIC address 0xfee00000
[    0.000000] No NUMA configuration found
[    0.000000] Faking a node at [mem 0x0000000000000000-0x000000001ffdffff]
[    0.000000] NODE_DATA(0) allocated [mem 0x1d49b000-0x1d49efff]
[    0.000000] Zone ranges:
[    0.000000]   DMA      [mem 0x0000000000001000-0x0000000000ffffff]
[    0.000000]   DMA32    [mem 0x0000000001000000-0x000000001ffdffff]
[    0.000000]   Normal   empty
[    0.000000] Movable zone start for each node
[    0.000000] Early memory node ranges
[    0.000000]   node   0: [mem 0x0000000000001000-0x000000000009efff]
[    0.000000]   node   0: [mem 0x0000000000100000-0x000000001ffdffff]
[    0.000000] Initmem setup node 0 [mem 0x0000000000001000-0x000000001ffdffff]
[    0.000000] On node 0 totalpages: 130942
[    0.000000]   DMA zone: 64 pages used for memmap
[    0.000000]   DMA zone: 21 pages reserved
[    0.000000]   DMA zone: 3998 pages, LIFO batch:0
[    0.000000]   DMA32 zone: 1984 pages used for memmap
[    0.000000]   DMA32 zone: 126944 pages, LIFO batch:31
[    0.000000] ACPI: PM-Timer IO Port: 0x608
[    0.000000] ACPI: Local APIC address 0xfee00000
[    0.000000] ACPI: LAPIC_NMI (acpi_id[0xff] dfl dfl lint[0x1])
[    0.000000] IOAPIC[0]: apic_id 0, version 17, address 0xfec00000, GSI 0-23
[    0.000000] ACPI: INT_SRC_OVR (bus 0 bus_irq 0 global_irq 2 dfl dfl)
[    0.000000] ACPI: INT_SRC_OVR (bus 0 bus_irq 5 global_irq 5 high level)
[    0.000000] ACPI: INT_SRC_OVR (bus 0 bus_irq 9 global_irq 9 high level)
[    0.000000] ACPI: INT_SRC_OVR (bus 0 bus_irq 10 global_irq 10 high level)
[    0.000000] ACPI: INT_SRC_OVR (bus 0 bus_irq 11 global_irq 11 high level)
[    0.000000] ACPI: IRQ0 used by override.
[    0.000000] ACPI: IRQ5 used by override.
[    0.000000] ACPI: IRQ9 used by override.
[    0.000000] ACPI: IRQ10 used by override.
[    0.000000] ACPI: IRQ11 used by override.
[    0.000000] Using ACPI (MADT) for SMP configuration information
[    0.000000] ACPI: HPET id: 0x8086a201 base: 0xfed00000
[    0.000000] smpboot: Allowing 1 CPUs, 0 hotplug CPUs
[    0.000000] PM: Registered nosave memory: [mem 0x00000000-0x00000fff]
[    0.000000] PM: Registered nosave memory: [mem 0x0009f000-0x0009ffff]
[    0.000000] PM: Registered nosave memory: [mem 0x000a0000-0x000effff]
[    0.000000] PM: Registered nosave memory: [mem 0x000f0000-0x000fffff]
[    0.000000] e820: [mem 0x20000000-0xfffbffff] available for PCI devices
[    0.000000] clocksource: refined-jiffies: mask: 0xffffffff max_cycles: 0xffffffff, max_idle_ns: 1910969940391419 ns
[    0.000000] setup_percpu: NR_CPUS:64 nr_cpumask_bits:64 nr_cpu_ids:1 nr_node_ids:1
[    0.000000] percpu: Embedded 36 pages/cpu @ffff9e029d200000 s110552 r8192 d28712 u2097152
[    0.000000] pcpu-alloc: s110552 r8192 d28712 u2097152 alloc=1*2097152
[    0.000000] pcpu-alloc: [0] 0 
[    0.000000] Built 1 zonelists in Node order, mobility grouping on.  Total pages: 128873
[    0.000000] Policy zone: DMA32
[    0.000000] Kernel command line: root=/dev/ram0 console=ttyAMA0 console=ttyS0
[    0.000000] PID hash table entries: 2048 (order: 2, 16384 bytes)
[    0.000000] Calgary: detecting Calgary via BIOS EBDA area
[    0.000000] Calgary: Unable to locate Rio Grande table in EBDA - bailing!
[    0.000000] Memory: 453332K/523768K available (9496K kernel code, 1285K rwdata, 2876K rodata, 1176K init, 688K bss, 70436K reserved, 0K cma-reserved)
[    0.000000] SLUB: HWalign=64, Order=0-3, MinObjects=0, CPUs=1, Nodes=1
[    0.000000] Hierarchical RCU implementation.
[    0.000000] 	RCU debugfs-based tracing is enabled.
[    0.000000] 	RCU restricting CPUs from NR_CPUS=64 to nr_cpu_ids=1.
[    0.000000] RCU: Adjusting geometry for rcu_fanout_leaf=16, nr_cpu_ids=1
[    0.000000] NR_IRQS:4352 nr_irqs:256 16
[    0.000000] Console: colour VGA+ 80x25
[    0.000000] console [ttyS0] enabled
[    0.000000] clocksource: hpet: mask: 0xffffffff max_cycles: 0xffffffff, max_idle_ns: 19112604467 ns
[    0.000000] hpet clockevent registered
[    0.003000] tsc: Fast TSC calibration using PIT
[    0.004000] tsc: Detected 2675.070 MHz processor
[    0.005000] Calibrating delay loop (skipped), value calculated using timer frequency.. 5350.14 BogoMIPS (lpj=2675070)
[    0.006393] pid_max: default: 32768 minimum: 301
[    0.006664] ACPI: Core revision 20170303
[    0.038117] ACPI: 2 ACPI AML tables successfully acquired and loaded
[    0.039494] Security Framework initialized
[    0.039810] SELinux:  Initializing.
[    0.040264] SELinux:  Starting in permissive mode
[    0.041293] Dentry cache hash table entries: 65536 (order: 7, 524288 bytes)
[    0.042748] Inode-cache hash table entries: 32768 (order: 6, 262144 bytes)
[    0.043691] Mount-cache hash table entries: 1024 (order: 1, 8192 bytes)
[    0.043929] Mountpoint-cache hash table entries: 1024 (order: 1, 8192 bytes)
[    0.059115] mce: CPU supports 10 MCE banks
[    0.060376] Last level iTLB entries: 4KB 0, 2MB 0, 4MB 0
[    0.060523] Last level dTLB entries: 4KB 0, 2MB 0, 4MB 0, 1GB 0
[    0.256130] random: fast init done
[    0.410095] Freeing SMP alternatives memory: 32K
[    0.423879] smpboot: Max logical packages: 1
[    0.429000] ..TIMER: vector=0x30 apic1=0 pin1=2 apic2=-1 pin2=-1
[    0.440000] smpboot: CPU0: AMD QEMU Virtual CPU version 2.5+ (family: 0x6, model: 0x6, stepping: 0x3)
[    0.444273] Performance Events: PMU not available due to virtualization, using software events only.
[    0.451274] Huh? What family is it: 0x6?!
[    0.452237] smp: Bringing up secondary CPUs ...
[    0.452474] smp: Brought up 1 node, 1 CPU
[    0.452695] smpboot: Total of 1 processors activated (5350.14 BogoMIPS)
[    0.457335] sched_clock: Marking stable (457000000, 0)->(560914715, -103914715)
[    0.466233] devtmpfs: initialized
[    0.475059] clocksource: jiffies: mask: 0xffffffff max_cycles: 0xffffffff, max_idle_ns: 1911260446275000 ns
[    0.475428] futex hash table entries: 256 (order: 2, 16384 bytes)
[    0.477501] RTC time: 22:29:32, date: 05/23/17
[    0.490256] NET: Registered protocol family 16
[    0.494896] kworker/u2:0 (15) used greatest stack depth: 14808 bytes left
[    0.514205] kworker/u2:1 (17) used greatest stack depth: 14120 bytes left
[    0.514558] kworker/u2:1 (26) used greatest stack depth: 13944 bytes left
[    0.517813] cpuidle: using governor menu
[    0.518139] PCCT header not found.
[    0.519341] ACPI: bus type PCI registered
[    0.522366] PCI: Using configuration type 1 for base access
[    0.736889] HugeTLB registered 2 MB page size, pre-allocated 0 pages
[    0.741435] ACPI: Added _OSI(Module Device)
[    0.741581] ACPI: Added _OSI(Processor Device)
[    0.741686] ACPI: Added _OSI(3.0 _SCP Extensions)
[    0.741824] ACPI: Added _OSI(Processor Aggregator Device)
[    0.769801] ACPI: Interpreter enabled
[    0.771084] ACPI: (supports S0 S3 S4 S5)
[    0.771235] ACPI: Using IOAPIC for interrupt routing
[    0.772159] PCI: Using host bridge windows from ACPI; if necessary, use "pci=nocrs" and report a bug
[    0.855406] ACPI: PCI Root Bridge [PCI0] (domain 0000 [bus 00-ff])
[    0.856508] acpi PNP0A03:00: _OSC: OS supports [ASPM ClockPM Segments MSI]
[    0.857046] acpi PNP0A03:00: _OSC failed (AE_NOT_FOUND); disabling ASPM
[    0.857804] acpi PNP0A03:00: fail to add MMCONFIG information, can't access extended PCI configuration space under this bridge.
[    0.861190] PCI host bridge to bus 0000:00
[    0.861440] pci_bus 0000:00: root bus resource [io  0x0000-0x0cf7 window]
[    0.861658] pci_bus 0000:00: root bus resource [io  0x0d00-0xffff window]
[    0.861880] pci_bus 0000:00: root bus resource [mem 0x000a0000-0x000bffff window]
[    0.862114] pci_bus 0000:00: root bus resource [mem 0x20000000-0xfebfffff window]
[    0.862452] pci_bus 0000:00: root bus resource [bus 00-ff]
[    0.863474] pci 0000:00:00.0: [8086:1237] type 00 class 0x060000
[    0.868553] pci 0000:00:01.0: [8086:7000] type 00 class 0x060100
[    0.870444] pci 0000:00:01.1: [8086:7010] type 00 class 0x010180
[    0.873443] pci 0000:00:01.1: reg 0x20: [io  0xc040-0xc04f]
[    0.874545] pci 0000:00:01.1: legacy IDE quirk: reg 0x10: [io  0x01f0-0x01f7]
[    0.874787] pci 0000:00:01.1: legacy IDE quirk: reg 0x14: [io  0x03f6]
[    0.875062] pci 0000:00:01.1: legacy IDE quirk: reg 0x18: [io  0x0170-0x0177]
[    0.875246] pci 0000:00:01.1: legacy IDE quirk: reg 0x1c: [io  0x0376]
[    0.877667] pci 0000:00:01.3: [8086:7113] type 00 class 0x068000
[    0.878304] pci 0000:00:01.3: quirk: [io  0x0600-0x063f] claimed by PIIX4 ACPI
[    0.878511] pci 0000:00:01.3: quirk: [io  0x0700-0x070f] claimed by PIIX4 SMB
[    0.880468] pci 0000:00:02.0: [1234:1111] type 00 class 0x030000
[    0.881912] pci 0000:00:02.0: reg 0x10: [mem 0xfd000000-0xfdffffff pref]
[    0.883795] pci 0000:00:02.0: reg 0x18: [mem 0xfebf0000-0xfebf0fff]
[    0.888220] pci 0000:00:02.0: reg 0x30: [mem 0xfebe0000-0xfebeffff pref]
[    0.890709] pci 0000:00:03.0: [8086:100e] type 00 class 0x020000
[    0.892847] pci 0000:00:03.0: reg 0x10: [mem 0xfebc0000-0xfebdffff]
[    0.893808] pci 0000:00:03.0: reg 0x14: [io  0xc000-0xc03f]
[    0.898583] pci 0000:00:03.0: reg 0x30: [mem 0xfeb80000-0xfebbffff pref]
[    0.914731] ACPI: PCI Interrupt Link [LNKA] (IRQs 5 *10 11)
[    0.916326] ACPI: PCI Interrupt Link [LNKB] (IRQs 5 *10 11)
[    0.917550] ACPI: PCI Interrupt Link [LNKC] (IRQs 5 10 *11)
[    0.918721] ACPI: PCI Interrupt Link [LNKD] (IRQs 5 10 *11)
[    0.919457] ACPI: PCI Interrupt Link [LNKS] (IRQs *9)
[    0.922828] ACPI: Enabled 16 GPEs in block 00 to 0F
[    0.928763] pci 0000:00:02.0: vgaarb: setting as boot VGA device
[    0.929054] pci 0000:00:02.0: vgaarb: VGA device added: decodes=io+mem,owns=io+mem,locks=none
[    0.929452] pci 0000:00:02.0: vgaarb: bridge control possible
[    0.929621] vgaarb: loaded
[    0.933551] SCSI subsystem initialized
[    0.935392] libata version 3.00 loaded.
[    0.937039] ACPI: bus type USB registered
[    0.938139] usbcore: registered new interface driver usbfs
[    0.941679] usbcore: registered new interface driver hub
[    0.942465] usbcore: registered new device driver usb
[    0.944283] pps_core: LinuxPPS API ver. 1 registered
[    0.944462] pps_core: Software ver. 5.3.6 - Copyright 2005-2007 Rodolfo Giometti <giometti@linux.it>
[    0.945241] PTP clock support registered
[    0.947770] EDAC MC: Ver: 3.0.0
[    0.951541] Advanced Linux Sound Architecture Driver Initialized.
[    0.952527] PCI: Using ACPI for IRQ routing
[    0.952776] PCI: pci_cache_line_size set to 64 bytes
[    0.953344] e820: reserve RAM buffer [mem 0x0009fc00-0x0009ffff]
[    0.953518] e820: reserve RAM buffer [mem 0x1ffe0000-0x1fffffff]
[    0.968858] NetLabel: Initializing
[    0.969083] NetLabel:  domain hash size = 128
[    0.969203] NetLabel:  protocols = UNLABELED CIPSOv4 CALIPSO
[    0.970398] NetLabel:  unlabeled traffic allowed by default
[    0.972587] HPET: 3 timers in total, 0 timers will be used for per-cpu timer
[    0.973320] hpet0: at MMIO 0xfed00000, IRQs 2, 8, 0
[    0.973567] hpet0: 3 comparators, 64-bit 100.000000 MHz counter
[    0.979796] clocksource: Switched to clocksource hpet
[    1.177902] VFS: Disk quotas dquot_6.6.0
[    1.178338] VFS: Dquot-cache hash table entries: 512 (order 0, 4096 bytes)
[    1.182203] pnp: PnP ACPI init
[    1.185642] pnp 00:00: Plug and Play ACPI device, IDs PNP0b00 (active)
[    1.186935] pnp 00:01: Plug and Play ACPI device, IDs PNP0303 (active)
[    1.187569] pnp 00:02: Plug and Play ACPI device, IDs PNP0f13 (active)
[    1.188500] pnp 00:03: [dma 2]
[    1.189242] pnp 00:03: Plug and Play ACPI device, IDs PNP0700 (active)
[    1.190381] pnp 00:04: Plug and Play ACPI device, IDs PNP0400 (active)
[    1.191452] pnp 00:05: Plug and Play ACPI device, IDs PNP0501 (active)
[    1.195129] pnp: PnP ACPI: found 6 devices
[    1.270859] clocksource: acpi_pm: mask: 0xffffff max_cycles: 0xffffff, max_idle_ns: 2085701024 ns
[    1.272198] pci_bus 0000:00: resource 4 [io  0x0000-0x0cf7 window]
[    1.272223] pci_bus 0000:00: resource 5 [io  0x0d00-0xffff window]
[    1.272240] pci_bus 0000:00: resource 6 [mem 0x000a0000-0x000bffff window]
[    1.272255] pci_bus 0000:00: resource 7 [mem 0x20000000-0xfebfffff window]
[    1.273536] NET: Registered protocol family 2
[    1.280370] TCP established hash table entries: 4096 (order: 3, 32768 bytes)
[    1.280933] TCP bind hash table entries: 4096 (order: 4, 65536 bytes)
[    1.281305] TCP: Hash tables configured (established 4096 bind 4096)
[    1.282593] UDP hash table entries: 256 (order: 1, 8192 bytes)
[    1.283092] UDP-Lite hash table entries: 256 (order: 1, 8192 bytes)
[    1.285069] NET: Registered protocol family 1
[    1.287575] RPC: Registered named UNIX socket transport module.
[    1.287883] RPC: Registered udp transport module.
[    1.288036] RPC: Registered tcp transport module.
[    1.288171] RPC: Registered tcp NFSv4.1 backchannel transport module.
[    1.288445] pci 0000:00:00.0: Limiting direct PCI/PCI transfers
[    1.288764] pci 0000:00:01.0: PIIX3: Enabling Passive Release
[    1.289090] pci 0000:00:01.0: Activating ISA DMA hang workarounds
[    1.289526] pci 0000:00:02.0: Video device with shadowed ROM at [mem 0x000c0000-0x000dffff]
[    1.289931] PCI: CLS 0 bytes, default 64
[    1.295655] Unpacking initramfs...
[    6.088241] Freeing initrd memory: 44292K
[    6.094329] Scanning for low memory corruption every 60 seconds
[    6.105822] audit: initializing netlink subsys (disabled)
[    6.109573] audit: type=2000 audit(1495578577.098:1): state=initialized audit_enabled=0 res=1
[    6.114113] workingset: timestamp_bits=56 max_order=17 bucket_order=0
[    6.183992] NFS: Registering the id_resolver key type
[    6.185268] Key type id_resolver registered
[    6.185449] Key type id_legacy registered
[    6.188295] SELinux:  Registering netfilter hooks
[    6.206529] Block layer SCSI generic (bsg) driver version 0.4 loaded (major 250)
[    6.206959] io scheduler noop registered
[    6.207132] io scheduler deadline registered
[    6.208515] io scheduler cfq registered (default)
[    6.208833] io scheduler mq-deadline registered
[    6.208971] io scheduler kyber registered
[    6.223089] input: Power Button as /devices/LNXSYSTM:00/LNXPWRBN:00/input/input0
[    6.224245] ACPI: Power Button [PWRF]
[    6.232156] Serial: 8250/16550 driver, 4 ports, IRQ sharing enabled
[    6.260165] 00:05: ttyS0 at I/O 0x3f8 (irq = 4, base_baud = 115200) is a 16550A
[    6.275077] Non-volatile memory driver v1.3
[    6.276041] Linux agpgart interface v0.103
[    6.323572] loop: module loaded
[    6.327502] ata_piix 0000:00:01.1: version 2.13
[    6.343117] scsi host0: ata_piix
[    6.346496] scsi host1: ata_piix
[    6.347845] ata1: PATA max MWDMA2 cmd 0x1f0 ctl 0x3f6 bmdma 0xc040 irq 14
[    6.348061] ata2: PATA max MWDMA2 cmd 0x170 ctl 0x376 bmdma 0xc048 irq 15
[    6.354370] e100: Intel(R) PRO/100 Network Driver, 3.5.24-k2-NAPI
[    6.354564] e100: Copyright(c) 1999-2006 Intel Corporation
[    6.355185] e1000: Intel(R) PRO/1000 Network Driver - version 7.3.21-k8-NAPI
[    6.355393] e1000: Copyright (c) 1999-2006 Intel Corporation.
[    6.509613] ata2.01: NODEV after polling detection
[    6.515190] ata2.00: ATAPI: QEMU DVD-ROM, 2.5+, max UDMA/100
[    6.522579] ata2.00: configured for MWDMA2
[    6.538419] scsi 1:0:0:0: CD-ROM            QEMU     QEMU DVD-ROM     2.5+ PQ: 0 ANSI: 5
[    6.562794] sr 1:0:0:0: [sr0] scsi3-mmc drive: 4x/4x cd/rw xa/form2 tray
[    6.563178] cdrom: Uniform CD-ROM driver Revision: 3.20
[    6.568505] sr 1:0:0:0: Attached scsi CD-ROM sr0
[    6.573003] sr 1:0:0:0: Attached scsi generic sg0 type 5
[    6.843959] ACPI: PCI Interrupt Link [LNKC] enabled at IRQ 11
[    7.137878] e1000 0000:00:03.0 eth0: (PCI:33MHz:32-bit) 52:54:00:12:34:56
[    7.138266] e1000 0000:00:03.0 eth0: Intel(R) PRO/1000 Network Connection
[    7.139439] e1000e: Intel(R) PRO/1000 Network Driver - 3.2.6-k
[    7.139579] e1000e: Copyright(c) 1999 - 2015 Intel Corporation.
[    7.140423] sky2: driver version 1.30
[    7.144760] ehci_hcd: USB 2.0 'Enhanced' Host Controller (EHCI) Driver
[    7.144996] ehci-pci: EHCI PCI platform driver
[    7.145344] tsc: Refined TSC clocksource calibration: 2675.042 MHz
[    7.145691] clocksource: tsc: mask: 0xffffffffffffffff max_cycles: 0x268f257f73f, max_idle_ns: 440795256195 ns
[    7.146257] ohci_hcd: USB 1.1 'Open' Host Controller (OHCI) Driver
[    7.146990] ohci-pci: OHCI PCI platform driver
[    7.147417] uhci_hcd: USB Universal Host Controller Interface driver
[    7.151146] usbcore: registered new interface driver usblp
[    7.152103] usbcore: registered new interface driver usb-storage
[    7.153819] i8042: PNP: PS/2 Controller [PNP0303:KBD,PNP0f13:MOU] at 0x60,0x64 irq 1,12
[    7.159987] serio: i8042 KBD port at 0x60,0x64 irq 1
[    7.160358] serio: i8042 AUX port at 0x60,0x64 irq 12
[    7.167287] input: AT Translated Set 2 keyboard as /devices/platform/i8042/serio0/input/input1
[    7.170177] rtc_cmos 00:00: RTC can wake from S4
[    7.176176] rtc_cmos 00:00: rtc core: registered rtc_cmos as rtc0
[    7.177126] rtc_cmos 00:00: alarms up to one day, 114 bytes nvram, hpet irqs
[    7.186439] device-mapper: ioctl: 4.35.0-ioctl (2016-06-23) initialised: dm-devel@redhat.com
[    7.188096] hidraw: raw HID events driver (C) Jiri Kosina
[    7.201274] usbcore: registered new interface driver usbhid
[    7.201462] usbhid: USB HID core driver
[    7.218591] Netfilter messages via NETLINK v0.30.
[    7.222438] nf_conntrack version 0.5.0 (4096 buckets, 16384 max)
[    7.224514] ctnetlink v0.93: registering with nfnetlink.
[    7.233239] ip_tables: (C) 2000-2006 Netfilter Core Team
[    7.239757] Initializing XFRM netlink socket
[    7.247112] NET: Registered protocol family 10
[    7.270302] Segment Routing with IPv6
[    7.271409] ip6_tables: (C) 2000-2006 Netfilter Core Team
[    7.275237] sit: IPv6, IPv4 and MPLS over IPv4 tunneling driver
[    7.284378] NET: Registered protocol family 17
[    7.285332] Key type dns_resolver registered
[    7.298282] registered taskstats version 1
[    7.308874]   Magic number: 1:982:502
[    7.309574] console [netcon0] enabled
[    7.309820] netconsole: network logging started
[    7.315207] PM: Hibernation image not present or could not be loaded.
[    7.315362] ALSA device list:
[    7.315478]   No soundcards found.
[    7.385361] Freeing unused kernel memory: 1176K
[    7.385557] Write protecting the kernel read-only data: 14336k
[    7.435419] Freeing unused kernel memory: 724K
[    7.464891] Freeing unused kernel memory: 1220K
[    7.810740] input: ImExPS/2 Generic Explorer Mouse as /devices/platform/i8042/serio1/input/input3
[    8.156180] clocksource: Switched to clocksource tsc
[    9.147873] e1000 0000:00:03.0 enp0s3: renamed from eth0
[    9.341106] cdrom_id (1006) used greatest stack depth: 13480 bytes left
[   47.319476] random: crng init done
(initramfs) dmesg
[    0.000000] Linux version 4.12.0-rc2-glightplay8 (alessio@luivalis) (gcc version 5.4.0 20160609 (Ubuntu 5.4.0-6ubuntu1~16.04.4) ) #1 SMP Mon May 22 21:49:46 CEST 2017
[    0.000000] Command line: root=/dev/ram0 console=ttyAMA0 console=ttyS0
[    0.000000] x86/fpu: x87 FPU will use FXSAVE
[    0.000000] e820: BIOS-provided physical RAM map:
[    0.000000] BIOS-e820: [mem 0x0000000000000000-0x000000000009fbff] usable
[    0.000000] BIOS-e820: [mem 0x000000000009fc00-0x000000000009ffff] reserved
[    0.000000] BIOS-e820: [mem 0x00000000000f0000-0x00000000000fffff] reserved
[    0.000000] BIOS-e820: [mem 0x0000000000100000-0x000000001ffdffff] usable
[    0.000000] BIOS-e820: [mem 0x000000001ffe0000-0x000000001fffffff] reserved
[    0.000000] BIOS-e820: [mem 0x00000000fffc0000-0x00000000ffffffff] reserved
[    0.000000] tsc: Fast TSC calibration failed
[    0.000000] tsc: Unable to calibrate against PIT
[    0.000000] tsc: No reference (HPET/PMTIMER) available
[    0.000000] NX (Execute Disable) protection: active
[    0.000000] SMBIOS 2.8 present.
[    0.000000] DMI: QEMU Standard PC (i440FX + PIIX, 1996), BIOS Ubuntu-1.8.2-1ubuntu1 04/01/2014
[    0.000000] e820: update [mem 0x00000000-0x00000fff] usable ==> reserved
[    0.000000] e820: remove [mem 0x000a0000-0x000fffff] usable
[    0.000000] e820: last_pfn = 0x1ffe0 max_arch_pfn = 0x400000000
[    0.000000] MTRR default type: write-back
[    0.000000] MTRR fixed ranges enabled:
[    0.000000]   00000-9FFFF write-back
[    0.000000]   A0000-BFFFF uncachable
[    0.000000]   C0000-FFFFF write-protect
[    0.000000] MTRR variable ranges enabled:
[    0.000000]   0 base 0080000000 mask FF80000000 uncachable
[    0.000000]   1 disabled
[    0.000000]   2 disabled
[    0.000000]   3 disabled
[    0.000000]   4 disabled
[    0.000000]   5 disabled
[    0.000000]   6 disabled
[    0.000000]   7 disabled
[    0.000000] x86/PAT: Configuration [0-7]: WB  WC  UC- UC  WB  WC  UC- WT  
[    0.000000] found SMP MP-table at [mem 0x000f6640-0x000f664f] mapped at [ffff9e02800f6640]
[    0.000000] Scanning 1 areas for low memory corruption
[    0.000000] Base memory trampoline at [ffff9e0280099000] 99000 size 24576
[    0.000000] BRK [0x09b34000, 0x09b34fff] PGTABLE
[    0.000000] BRK [0x09b35000, 0x09b35fff] PGTABLE
[    0.000000] BRK [0x09b36000, 0x09b36fff] PGTABLE
[    0.000000] BRK [0x09b37000, 0x09b37fff] PGTABLE
[    0.000000] BRK [0x09b38000, 0x09b38fff] PGTABLE
[    0.000000] RAMDISK: [mem 0x1d49f000-0x1ffdffff]
[    0.000000] ACPI: Early table checksum verification disabled
[    0.000000] ACPI: RSDP 0x00000000000F6460 000014 (v00 BOCHS )
[    0.000000] ACPI: RSDT 0x000000001FFE16EE 000034 (v01 BOCHS  BXPCRSDT 00000001 BXPC 00000001)
[    0.000000] ACPI: FACP 0x000000001FFE0C14 000074 (v01 BOCHS  BXPCFACP 00000001 BXPC 00000001)
[    0.000000] ACPI: DSDT 0x000000001FFE0040 000BD4 (v01 BOCHS  BXPCDSDT 00000001 BXPC 00000001)
[    0.000000] ACPI: FACS 0x000000001FFE0000 000040
[    0.000000] ACPI: SSDT 0x000000001FFE0C88 0009B6 (v01 BOCHS  BXPCSSDT 00000001 BXPC 00000001)
[    0.000000] ACPI: APIC 0x000000001FFE163E 000078 (v01 BOCHS  BXPCAPIC 00000001 BXPC 00000001)
[    0.000000] ACPI: HPET 0x000000001FFE16B6 000038 (v01 BOCHS  BXPCHPET 00000001 BXPC 00000001)
[    0.000000] ACPI: Local APIC address 0xfee00000
[    0.000000] No NUMA configuration found
[    0.000000] Faking a node at [mem 0x0000000000000000-0x000000001ffdffff]
[    0.000000] NODE_DATA(0) allocated [mem 0x1d49b000-0x1d49efff]
[    0.000000] Zone ranges:
[    0.000000]   DMA      [mem 0x0000000000001000-0x0000000000ffffff]
[    0.000000]   DMA32    [mem 0x0000000001000000-0x000000001ffdffff]
[    0.000000]   Normal   empty
[    0.000000] Movable zone start for each node
[    0.000000] Early memory node ranges
[    0.000000]   node   0: [mem 0x0000000000001000-0x000000000009efff]
[    0.000000]   node   0: [mem 0x0000000000100000-0x000000001ffdffff]
[    0.000000] Initmem setup node 0 [mem 0x0000000000001000-0x000000001ffdffff]
[    0.000000] On node 0 totalpages: 130942
[    0.000000]   DMA zone: 64 pages used for memmap
[    0.000000]   DMA zone: 21 pages reserved
[    0.000000]   DMA zone: 3998 pages, LIFO batch:0
[    0.000000]   DMA32 zone: 1984 pages used for memmap
[    0.000000]   DMA32 zone: 126944 pages, LIFO batch:31
[    0.000000] ACPI: PM-Timer IO Port: 0x608
[    0.000000] ACPI: Local APIC address 0xfee00000
[    0.000000] ACPI: LAPIC_NMI (acpi_id[0xff] dfl dfl lint[0x1])
[    0.000000] IOAPIC[0]: apic_id 0, version 17, address 0xfec00000, GSI 0-23
[    0.000000] ACPI: INT_SRC_OVR (bus 0 bus_irq 0 global_irq 2 dfl dfl)
[    0.000000] ACPI: INT_SRC_OVR (bus 0 bus_irq 5 global_irq 5 high level)
[    0.000000] ACPI: INT_SRC_OVR (bus 0 bus_irq 9 global_irq 9 high level)
[    0.000000] ACPI: INT_SRC_OVR (bus 0 bus_irq 10 global_irq 10 high level)
[    0.000000] ACPI: INT_SRC_OVR (bus 0 bus_irq 11 global_irq 11 high level)
[    0.000000] ACPI: IRQ0 used by override.
[    0.000000] ACPI: IRQ5 used by override.
[    0.000000] ACPI: IRQ9 used by override.
[    0.000000] ACPI: IRQ10 used by override.
[    0.000000] ACPI: IRQ11 used by override.
[    0.000000] Using ACPI (MADT) for SMP configuration information
[    0.000000] ACPI: HPET id: 0x8086a201 base: 0xfed00000
[    0.000000] smpboot: Allowing 1 CPUs, 0 hotplug CPUs
[    0.000000] PM: Registered nosave memory: [mem 0x00000000-0x00000fff]
[    0.000000] PM: Registered nosave memory: [mem 0x0009f000-0x0009ffff]
[    0.000000] PM: Registered nosave memory: [mem 0x000a0000-0x000effff]
[    0.000000] PM: Registered nosave memory: [mem 0x000f0000-0x000fffff]
[    0.000000] e820: [mem 0x20000000-0xfffbffff] available for PCI devices
[    0.000000] clocksource: refined-jiffies: mask: 0xffffffff max_cycles: 0xffffffff, max_idle_ns: 1910969940391419 ns
[    0.000000] setup_percpu: NR_CPUS:64 nr_cpumask_bits:64 nr_cpu_ids:1 nr_node_ids:1
[    0.000000] percpu: Embedded 36 pages/cpu @ffff9e029d200000 s110552 r8192 d28712 u2097152
[    0.000000] pcpu-alloc: s110552 r8192 d28712 u2097152 alloc=1*2097152
[    0.000000] pcpu-alloc: [0] 0 
[    0.000000] Built 1 zonelists in Node order, mobility grouping on.  Total pages: 128873
[    0.000000] Policy zone: DMA32
[    0.000000] Kernel command line: root=/dev/ram0 console=ttyAMA0 console=ttyS0
[    0.000000] PID hash table entries: 2048 (order: 2, 16384 bytes)
[    0.000000] Calgary: detecting Calgary via BIOS EBDA area
[    0.000000] Calgary: Unable to locate Rio Grande table in EBDA - bailing!
[    0.000000] Memory: 453332K/523768K available (9496K kernel code, 1285K rwdata, 2876K rodata, 1176K init, 688K bss, 70436K reserved, 0K cma-reserved)
[    0.000000] SLUB: HWalign=64, Order=0-3, MinObjects=0, CPUs=1, Nodes=1
[    0.000000] Hierarchical RCU implementation.
[    0.000000] 	RCU debugfs-based tracing is enabled.
[    0.000000] 	RCU restricting CPUs from NR_CPUS=64 to nr_cpu_ids=1.
[    0.000000] RCU: Adjusting geometry for rcu_fanout_leaf=16, nr_cpu_ids=1
[    0.000000] NR_IRQS:4352 nr_irqs:256 16
[    0.000000] Console: colour VGA+ 80x25
[    0.000000] console [ttyS0] enabled
[    0.000000] clocksource: hpet: mask: 0xffffffff max_cycles: 0xffffffff, max_idle_ns: 19112604467 ns
[    0.000000] hpet clockevent registered
[    0.003000] tsc: Fast TSC calibration using PIT
[    0.004000] tsc: Detected 2675.070 MHz processor
[    0.005000] Calibrating delay loop (skipped), value calculated using timer frequency.. 5350.14 BogoMIPS (lpj=2675070)
[    0.006393] pid_max: default: 32768 minimum: 301
[    0.006664] ACPI: Core revision 20170303
[    0.038117] ACPI: 2 ACPI AML tables successfully acquired and loaded
[    0.039494] Security Framework initialized
[    0.039810] SELinux:  Initializing.
[    0.040264] SELinux:  Starting in permissive mode
[    0.041293] Dentry cache hash table entries: 65536 (order: 7, 524288 bytes)
[    0.042748] Inode-cache hash table entries: 32768 (order: 6, 262144 bytes)
[    0.043691] Mount-cache hash table entries: 1024 (order: 1, 8192 bytes)
[    0.043929] Mountpoint-cache hash table entries: 1024 (order: 1, 8192 bytes)
[    0.059115] mce: CPU supports 10 MCE banks
[    0.060376] Last level iTLB entries: 4KB 0, 2MB 0, 4MB 0
[    0.060523] Last level dTLB entries: 4KB 0, 2MB 0, 4MB 0, 1GB 0
[    0.256130] random: fast init done
[    0.410095] Freeing SMP alternatives memory: 32K
[    0.423879] smpboot: Max logical packages: 1
[    0.429000] ..TIMER: vector=0x30 apic1=0 pin1=2 apic2=-1 pin2=-1
[    0.440000] smpboot: CPU0: AMD QEMU Virtual CPU version 2.5+ (family: 0x6, model: 0x6, stepping: 0x3)
[    0.444273] Performance Events: PMU not available due to virtualization, using software events only.
[    0.451274] Huh? What family is it: 0x6?!
[    0.452237] smp: Bringing up secondary CPUs ...
[    0.452474] smp: Brought up 1 node, 1 CPU
[    0.452695] smpboot: Total of 1 processors activated (5350.14 BogoMIPS)
[    0.457335] sched_clock: Marking stable (457000000, 0)->(560914715, -103914715)
[    0.466233] devtmpfs: initialized
[    0.475059] clocksource: jiffies: mask: 0xffffffff max_cycles: 0xffffffff, max_idle_ns: 1911260446275000 ns
[    0.475428] futex hash table entries: 256 (order: 2, 16384 bytes)
[    0.477501] RTC time: 22:29:32, date: 05/23/17
[    0.490256] NET: Registered protocol family 16
[    0.494896] kworker/u2:0 (15) used greatest stack depth: 14808 bytes left
[    0.514205] kworker/u2:1 (17) used greatest stack depth: 14120 bytes left
[    0.514558] kworker/u2:1 (26) used greatest stack depth: 13944 bytes left
[    0.517813] cpuidle: using governor menu
[    0.518139] PCCT header not found.
[    0.519341] ACPI: bus type PCI registered
[    0.522366] PCI: Using configuration type 1 for base access
[    0.736889] HugeTLB registered 2 MB page size, pre-allocated 0 pages
[    0.741435] ACPI: Added _OSI(Module Device)
[    0.741581] ACPI: Added _OSI(Processor Device)
[    0.741686] ACPI: Added _OSI(3.0 _SCP Extensions)
[    0.741824] ACPI: Added _OSI(Processor Aggregator Device)
[    0.769801] ACPI: Interpreter enabled
[    0.771084] ACPI: (supports S0 S3 S4 S5)
[    0.771235] ACPI: Using IOAPIC for interrupt routing
[    0.772159] PCI: Using host bridge windows from ACPI; if necessary, use "pci=nocrs" and report a bug
[    0.855406] ACPI: PCI Root Bridge [PCI0] (domain 0000 [bus 00-ff])
[    0.856508] acpi PNP0A03:00: _OSC: OS supports [ASPM ClockPM Segments MSI]
[    0.857046] acpi PNP0A03:00: _OSC failed (AE_NOT_FOUND); disabling ASPM
[    0.857804] acpi PNP0A03:00: fail to add MMCONFIG information, can't access extended PCI configuration space under this bridge.
[    0.861190] PCI host bridge to bus 0000:00
[    0.861440] pci_bus 0000:00: root bus resource [io  0x0000-0x0cf7 window]
[    0.861658] pci_bus 0000:00: root bus resource [io  0x0d00-0xffff window]
[    0.861880] pci_bus 0000:00: root bus resource [mem 0x000a0000-0x000bffff window]
[    0.862114] pci_bus 0000:00: root bus resource [mem 0x20000000-0xfebfffff window]
[    0.862452] pci_bus 0000:00: root bus resource [bus 00-ff]
[    0.863474] pci 0000:00:00.0: [8086:1237] type 00 class 0x060000
[    0.868553] pci 0000:00:01.0: [8086:7000] type 00 class 0x060100
[    0.870444] pci 0000:00:01.1: [8086:7010] type 00 class 0x010180
[    0.873443] pci 0000:00:01.1: reg 0x20: [io  0xc040-0xc04f]
[    0.874545] pci 0000:00:01.1: legacy IDE quirk: reg 0x10: [io  0x01f0-0x01f7]
[    0.874787] pci 0000:00:01.1: legacy IDE quirk: reg 0x14: [io  0x03f6]
[    0.875062] pci 0000:00:01.1: legacy IDE quirk: reg 0x18: [io  0x0170-0x0177]
[    0.875246] pci 0000:00:01.1: legacy IDE quirk: reg 0x1c: [io  0x0376]
[    0.877667] pci 0000:00:01.3: [8086:7113] type 00 class 0x068000
[    0.878304] pci 0000:00:01.3: quirk: [io  0x0600-0x063f] claimed by PIIX4 ACPI
[    0.878511] pci 0000:00:01.3: quirk: [io  0x0700-0x070f] claimed by PIIX4 SMB
[    0.880468] pci 0000:00:02.0: [1234:1111] type 00 class 0x030000
[    0.881912] pci 0000:00:02.0: reg 0x10: [mem 0xfd000000-0xfdffffff pref]
[    0.883795] pci 0000:00:02.0: reg 0x18: [mem 0xfebf0000-0xfebf0fff]
[    0.888220] pci 0000:00:02.0: reg 0x30: [mem 0xfebe0000-0xfebeffff pref]
[    0.890709] pci 0000:00:03.0: [8086:100e] type 00 class 0x020000
[    0.892847] pci 0000:00:03.0: reg 0x10: [mem 0xfebc0000-0xfebdffff]
[    0.893808] pci 0000:00:03.0: reg 0x14: [io  0xc000-0xc03f]
[    0.898583] pci 0000:00:03.0: reg 0x30: [mem 0xfeb80000-0xfebbffff pref]
[    0.914731] ACPI: PCI Interrupt Link [LNKA] (IRQs 5 *10 11)
[    0.916326] ACPI: PCI Interrupt Link [LNKB] (IRQs 5 *10 11)
[    0.917550] ACPI: PCI Interrupt Link [LNKC] (IRQs 5 10 *11)
[    0.918721] ACPI: PCI Interrupt Link [LNKD] (IRQs 5 10 *11)
[    0.919457] ACPI: PCI Interrupt Link [LNKS] (IRQs *9)
[    0.922828] ACPI: Enabled 16 GPEs in block 00 to 0F
[    0.928763] pci 0000:00:02.0: vgaarb: setting as boot VGA device
[    0.929054] pci 0000:00:02.0: vgaarb: VGA device added: decodes=io+mem,owns=io+mem,locks=none
[    0.929452] pci 0000:00:02.0: vgaarb: bridge control possible
[    0.929621] vgaarb: loaded
[    0.933551] SCSI subsystem initialized
[    0.935392] libata version 3.00 loaded.
[    0.937039] ACPI: bus type USB registered
[    0.938139] usbcore: registered new interface driver usbfs
[    0.941679] usbcore: registered new interface driver hub
[    0.942465] usbcore: registered new device driver usb
[    0.944283] pps_core: LinuxPPS API ver. 1 registered
[    0.944462] pps_core: Software ver. 5.3.6 - Copyright 2005-2007 Rodolfo Giometti <giometti@linux.it>
[    0.945241] PTP clock support registered
[    0.947770] EDAC MC: Ver: 3.0.0
[    0.951541] Advanced Linux Sound Architecture Driver Initialized.
[    0.952527] PCI: Using ACPI for IRQ routing
[    0.952776] PCI: pci_cache_line_size set to 64 bytes
[    0.953344] e820: reserve RAM buffer [mem 0x0009fc00-0x0009ffff]
[    0.953518] e820: reserve RAM buffer [mem 0x1ffe0000-0x1fffffff]
[    0.968858] NetLabel: Initializing
[    0.969083] NetLabel:  domain hash size = 128
[    0.969203] NetLabel:  protocols = UNLABELED CIPSOv4 CALIPSO
[    0.970398] NetLabel:  unlabeled traffic allowed by default
[    0.972587] HPET: 3 timers in total, 0 timers will be used for per-cpu timer
[    0.973320] hpet0: at MMIO 0xfed00000, IRQs 2, 8, 0
[    0.973567] hpet0: 3 comparators, 64-bit 100.000000 MHz counter
[    0.979796] clocksource: Switched to clocksource hpet
[    1.177902] VFS: Disk quotas dquot_6.6.0
[    1.178338] VFS: Dquot-cache hash table entries: 512 (order 0, 4096 bytes)
[    1.182203] pnp: PnP ACPI init
[    1.185642] pnp 00:00: Plug and Play ACPI device, IDs PNP0b00 (active)
[    1.186935] pnp 00:01: Plug and Play ACPI device, IDs PNP0303 (active)
[    1.187569] pnp 00:02: Plug and Play ACPI device, IDs PNP0f13 (active)
[    1.188500] pnp 00:03: [dma 2]
[    1.189242] pnp 00:03: Plug and Play ACPI device, IDs PNP0700 (active)
[    1.190381] pnp 00:04: Plug and Play ACPI device, IDs PNP0400 (active)
[    1.191452] pnp 00:05: Plug and Play ACPI device, IDs PNP0501 (active)
[    1.195129] pnp: PnP ACPI: found 6 devices
[    1.270859] clocksource: acpi_pm: mask: 0xffffff max_cycles: 0xffffff, max_idle_ns: 2085701024 ns
[    1.272198] pci_bus 0000:00: resource 4 [io  0x0000-0x0cf7 window]
[    1.272223] pci_bus 0000:00: resource 5 [io  0x0d00-0xffff window]
[    1.272240] pci_bus 0000:00: resource 6 [mem 0x000a0000-0x000bffff window]
[    1.272255] pci_bus 0000:00: resource 7 [mem 0x20000000-0xfebfffff window]
[    1.273536] NET: Registered protocol family 2
[    1.280370] TCP established hash table entries: 4096 (order: 3, 32768 bytes)
[    1.280933] TCP bind hash table entries: 4096 (order: 4, 65536 bytes)
[    1.281305] TCP: Hash tables configured (established 4096 bind 4096)
[    1.282593] UDP hash table entries: 256 (order: 1, 8192 bytes)
[    1.283092] UDP-Lite hash table entries: 256 (order: 1, 8192 bytes)
[    1.285069] NET: Registered protocol family 1
[    1.287575] RPC: Registered named UNIX socket transport module.
[    1.287883] RPC: Registered udp transport module.
[    1.288036] RPC: Registered tcp transport module.
[    1.288171] RPC: Registered tcp NFSv4.1 backchannel transport module.
[    1.288445] pci 0000:00:00.0: Limiting direct PCI/PCI transfers
[    1.288764] pci 0000:00:01.0: PIIX3: Enabling Passive Release
[    1.289090] pci 0000:00:01.0: Activating ISA DMA hang workarounds
[    1.289526] pci 0000:00:02.0: Video device with shadowed ROM at [mem 0x000c0000-0x000dffff]
[    1.289931] PCI: CLS 0 bytes, default 64
[    1.295655] Unpacking initramfs...
[    6.088241] Freeing initrd memory: 44292K
[    6.094329] Scanning for low memory corruption every 60 seconds
[    6.105822] audit: initializing netlink subsys (disabled)
[    6.109573] audit: type=2000 audit(1495578577.098:1): state=initialized audit_enabled=0 res=1
[    6.114113] workingset: timestamp_bits=56 max_order=17 bucket_order=0
[    6.183992] NFS: Registering the id_resolver key type
[    6.185268] Key type id_resolver registered
[    6.185449] Key type id_legacy registered
[    6.188295] SELinux:  Registering netfilter hooks
[    6.206529] Block layer SCSI generic (bsg) driver version 0.4 loaded (major 250)
[    6.206959] io scheduler noop registered
[    6.207132] io scheduler deadline registered
[    6.208515] io scheduler cfq registered (default)
[    6.208833] io scheduler mq-deadline registered
[    6.208971] io scheduler kyber registered
[    6.223089] input: Power Button as /devices/LNXSYSTM:00/LNXPWRBN:00/input/input0
[    6.224245] ACPI: Power Button [PWRF]
[    6.232156] Serial: 8250/16550 driver, 4 ports, IRQ sharing enabled
[    6.260165] 00:05: ttyS0 at I/O 0x3f8 (irq = 4, base_baud = 115200) is a 16550A
[    6.275077] Non-volatile memory driver v1.3
[    6.276041] Linux agpgart interface v0.103
[    6.323572] loop: module loaded
[    6.327502] ata_piix 0000:00:01.1: version 2.13
[    6.343117] scsi host0: ata_piix
[    6.346496] scsi host1: ata_piix
[    6.347845] ata1: PATA max MWDMA2 cmd 0x1f0 ctl 0x3f6 bmdma 0xc040 irq 14
[    6.348061] ata2: PATA max MWDMA2 cmd 0x170 ctl 0x376 bmdma 0xc048 irq 15
[    6.354370] e100: Intel(R) PRO/100 Network Driver, 3.5.24-k2-NAPI
[    6.354564] e100: Copyright(c) 1999-2006 Intel Corporation
[    6.355185] e1000: Intel(R) PRO/1000 Network Driver - version 7.3.21-k8-NAPI
[    6.355393] e1000: Copyright (c) 1999-2006 Intel Corporation.
[    6.509613] ata2.01: NODEV after polling detection
[    6.515190] ata2.00: ATAPI: QEMU DVD-ROM, 2.5+, max UDMA/100
[    6.522579] ata2.00: configured for MWDMA2
[    6.538419] scsi 1:0:0:0: CD-ROM            QEMU     QEMU DVD-ROM     2.5+ PQ: 0 ANSI: 5
[    6.562794] sr 1:0:0:0: [sr0] scsi3-mmc drive: 4x/4x cd/rw xa/form2 tray
[    6.563178] cdrom: Uniform CD-ROM driver Revision: 3.20
[    6.568505] sr 1:0:0:0: Attached scsi CD-ROM sr0
[    6.573003] sr 1:0:0:0: Attached scsi generic sg0 type 5
[    6.843959] ACPI: PCI Interrupt Link [LNKC] enabled at IRQ 11
[    7.137878] e1000 0000:00:03.0 eth0: (PCI:33MHz:32-bit) 52:54:00:12:34:56
[    7.138266] e1000 0000:00:03.0 eth0: Intel(R) PRO/1000 Network Connection
[    7.139439] e1000e: Intel(R) PRO/1000 Network Driver - 3.2.6-k
[    7.139579] e1000e: Copyright(c) 1999 - 2015 Intel Corporation.
[    7.140423] sky2: driver version 1.30
[    7.144760] ehci_hcd: USB 2.0 'Enhanced' Host Controller (EHCI) Driver
[    7.144996] ehci-pci: EHCI PCI platform driver
[    7.145344] tsc: Refined TSC clocksource calibration: 2675.042 MHz
[    7.145691] clocksource: tsc: mask: 0xffffffffffffffff max_cycles: 0x268f257f73f, max_idle_ns: 440795256195 ns
[    7.146257] ohci_hcd: USB 1.1 'Open' Host Controller (OHCI) Driver
[    7.146990] ohci-pci: OHCI PCI platform driver
[    7.147417] uhci_hcd: USB Universal Host Controller Interface driver
[    7.151146] usbcore: registered new interface driver usblp
[    7.152103] usbcore: registered new interface driver usb-storage
[    7.153819] i8042: PNP: PS/2 Controller [PNP0303:KBD,PNP0f13:MOU] at 0x60,0x64 irq 1,12
[    7.159987] serio: i8042 KBD port at 0x60,0x64 irq 1
[    7.160358] serio: i8042 AUX port at 0x60,0x64 irq 12
[    7.167287] input: AT Translated Set 2 keyboard as /devices/platform/i8042/serio0/input/input1
[    7.170177] rtc_cmos 00:00: RTC can wake from S4
[    7.176176] rtc_cmos 00:00: rtc core: registered rtc_cmos as rtc0
[    7.177126] rtc_cmos 00:00: alarms up to one day, 114 bytes nvram, hpet irqs
[    7.186439] device-mapper: ioctl: 4.35.0-ioctl (2016-06-23) initialised: dm-devel@redhat.com
[    7.188096] hidraw: raw HID events driver (C) Jiri Kosina
[    7.201274] usbcore: registered new interface driver usbhid
[    7.201462] usbhid: USB HID core driver
[    7.218591] Netfilter messages via NETLINK v0.30.
[    7.222438] nf_conntrack version 0.5.0 (4096 buckets, 16384 max)
[    7.224514] ctnetlink v0.93: registering with nfnetlink.
[    7.233239] ip_tables: (C) 2000-2006 Netfilter Core Team
[    7.239757] Initializing XFRM netlink socket
[    7.247112] NET: Registered protocol family 10
[    7.270302] Segment Routing with IPv6
[    7.271409] ip6_tables: (C) 2000-2006 Netfilter Core Team
[    7.275237] sit: IPv6, IPv4 and MPLS over IPv4 tunneling driver
[    7.284378] NET: Registered protocol family 17
[    7.285332] Key type dns_resolver registered
[    7.298282] registered taskstats version 1
[    7.308874]   Magic number: 1:982:502
[    7.309574] console [netcon0] enabled
[    7.309820] netconsole: network logging started
[    7.315207] PM: Hibernation image not present or could not be loaded.
[    7.315362] ALSA device list:
[    7.315478]   No soundcards found.
[    7.385361] Freeing unused kernel memory: 1176K
[    7.385557] Write protecting the kernel read-only data: 14336k
[    7.435419] Freeing unused kernel memory: 724K
[    7.464891] Freeing unused kernel memory: 1220K
[    7.810740] input: ImExPS/2 Generic Explorer Mouse as /devices/platform/i8042/serio1/input/input3
[    8.156180] clocksource: Switched to clocksource tsc
[    9.147873] e1000 0000:00:03.0 enp0s3: renamed from eth0
[    9.341106] cdrom_id (1006) used greatest stack depth: 13480 bytes left
[   47.319476] random: crng init done
i
