[    0.000000] Linux version 4.12.0-next-20170711 (alessio@luivalis) (gcc version 5.4.0 20160609 (Ubuntu 5.4.0-6ubuntu1~16.04.4)) #1 SMP Tue Jul 11 19:27:36 CEST 2017
[    0.000000] Command line: root=/dev/ram0 console=ttyAMA0  console=ttyS0
[    0.000000] x86/fpu: x87 FPU will use FXSAVE
[    0.000000] e820: BIOS-provided physical RAM map:
[    0.000000] BIOS-e820: [mem 0x0000000000000000-0x000000000009fbff] usable
[    0.000000] BIOS-e820: [mem 0x000000000009fc00-0x000000000009ffff] reserved
[    0.000000] BIOS-e820: [mem 0x00000000000f0000-0x00000000000fffff] reserved
[    0.000000] BIOS-e820: [mem 0x0000000000100000-0x000000003ffdffff] usable
[    0.000000] BIOS-e820: [mem 0x000000003ffe0000-0x000000003fffffff] reserved
[    0.000000] BIOS-e820: [mem 0x00000000fffc0000-0x00000000ffffffff] reserved
[    0.000000] NX (Execute Disable) protection: active
[    0.000000] random: fast init done
[    0.000000] SMBIOS 2.8 present.
[    0.000000] DMI: QEMU Standard PC (i440FX + PIIX, 1996), BIOS Ubuntu-1.8.2-1ubuntu1 04/01/2014
[    0.000000] tsc: Fast TSC calibration using PIT
[    0.000000] e820: update [mem 0x00000000-0x00000fff] usable ==> reserved
[    0.000000] e820: remove [mem 0x000a0000-0x000fffff] usable
[    0.000000] e820: last_pfn = 0x3ffe0 max_arch_pfn = 0x400000000
[    0.000000] MTRR default type: write-back
[    0.000000] MTRR fixed ranges enabled:
[    0.000000]   00000-9FFFF write-back
[    0.000000]   A0000-BFFFF uncachable
[    0.000000]   C0000-FFFFF write-protect
[    0.000000] MTRR variable ranges enabled:
[    0.000000]   0 base 0080000000 mask FF80000000 uncachable
[    0.000000]   1 disabled
[    0.000000]   2 disabled
[    0.000000]   3 disabled
[    0.000000]   4 disabled
[    0.000000]   5 disabled
[    0.000000]   6 disabled
[    0.000000]   7 disabled
[    0.000000] x86/PAT: Configuration [0-7]: WB  WC  UC- UC  WB  WC  UC- WT  
[    0.000000] found SMP MP-table at [mem 0x000f6640-0x000f664f] mapped at [ffff9a65c00f6640]
[    0.000000] Scanning 1 areas for low memory corruption
[    0.000000] Base memory trampoline at [ffff9a65c0099000] 99000 size 24576
[    0.000000] BRK [0x12b36000, 0x12b36fff] PGTABLE
[    0.000000] BRK [0x12b37000, 0x12b37fff] PGTABLE
[    0.000000] BRK [0x12b38000, 0x12b38fff] PGTABLE
[    0.000000] BRK [0x12b39000, 0x12b39fff] PGTABLE
[    0.000000] BRK [0x12b3a000, 0x12b3afff] PGTABLE
[    0.000000] RAMDISK: [mem 0x3d436000-0x3ffdffff]
[    0.000000] ACPI: Early table checksum verification disabled
[    0.000000] ACPI: RSDP 0x00000000000F6460 000014 (v00 BOCHS )
[    0.000000] ACPI: RSDT 0x000000003FFE16EE 000034 (v01 BOCHS  BXPCRSDT 00000001 BXPC 00000001)
[    0.000000] ACPI: FACP 0x000000003FFE0C14 000074 (v01 BOCHS  BXPCFACP 00000001 BXPC 00000001)
[    0.000000] ACPI: DSDT 0x000000003FFE0040 000BD4 (v01 BOCHS  BXPCDSDT 00000001 BXPC 00000001)
[    0.000000] ACPI: FACS 0x000000003FFE0000 000040
[    0.000000] ACPI: SSDT 0x000000003FFE0C88 0009B6 (v01 BOCHS  BXPCSSDT 00000001 BXPC 00000001)
[    0.000000] ACPI: APIC 0x000000003FFE163E 000078 (v01 BOCHS  BXPCAPIC 00000001 BXPC 00000001)
[    0.000000] ACPI: HPET 0x000000003FFE16B6 000038 (v01 BOCHS  BXPCHPET 00000001 BXPC 00000001)
[    0.000000] ACPI: Local APIC address 0xfee00000
[    0.000000] No NUMA configuration found
[    0.000000] Faking a node at [mem 0x0000000000000000-0x000000003ffdffff]
[    0.000000] NODE_DATA(0) allocated [mem 0x3d432000-0x3d435fff]
[    0.000000] Zone ranges:
[    0.000000]   DMA      [mem 0x0000000000001000-0x0000000000ffffff]
[    0.000000]   DMA32    [mem 0x0000000001000000-0x000000003ffdffff]
[    0.000000]   Normal   empty
[    0.000000] Movable zone start for each node
[    0.000000] Early memory node ranges
[    0.000000]   node   0: [mem 0x0000000000001000-0x000000000009efff]
[    0.000000]   node   0: [mem 0x0000000000100000-0x000000003ffdffff]
[    0.000000] Initmem setup node 0 [mem 0x0000000000001000-0x000000003ffdffff]
[    0.000000] On node 0 totalpages: 262014
[    0.000000]   DMA zone: 64 pages used for memmap
[    0.000000]   DMA zone: 21 pages reserved
[    0.000000]   DMA zone: 3998 pages, LIFO batch:0
[    0.000000]   DMA32 zone: 4032 pages used for memmap
[    0.000000]   DMA32 zone: 258016 pages, LIFO batch:31
[    0.000000] ACPI: PM-Timer IO Port: 0x608
[    0.000000] ACPI: Local APIC address 0xfee00000
[    0.000000] ACPI: LAPIC_NMI (acpi_id[0xff] dfl dfl lint[0x1])
[    0.000000] IOAPIC[0]: apic_id 0, version 17, address 0xfec00000, GSI 0-23
[    0.000000] ACPI: INT_SRC_OVR (bus 0 bus_irq 0 global_irq 2 dfl dfl)
[    0.000000] ACPI: INT_SRC_OVR (bus 0 bus_irq 5 global_irq 5 high level)
[    0.000000] ACPI: INT_SRC_OVR (bus 0 bus_irq 9 global_irq 9 high level)
[    0.000000] ACPI: INT_SRC_OVR (bus 0 bus_irq 10 global_irq 10 high level)
[    0.000000] ACPI: INT_SRC_OVR (bus 0 bus_irq 11 global_irq 11 high level)
[    0.000000] ACPI: IRQ0 used by override.
[    0.000000] ACPI: IRQ5 used by override.
[    0.000000] ACPI: IRQ9 used by override.
[    0.000000] ACPI: IRQ10 used by override.
[    0.000000] ACPI: IRQ11 used by override.
[    0.000000] Using ACPI (MADT) for SMP configuration information
[    0.000000] ACPI: HPET id: 0x8086a201 base: 0xfed00000
[    0.000000] smpboot: Allowing 1 CPUs, 0 hotplug CPUs
[    0.000000] PM: Registered nosave memory: [mem 0x00000000-0x00000fff]
[    0.000000] PM: Registered nosave memory: [mem 0x0009f000-0x0009ffff]
[    0.000000] PM: Registered nosave memory: [mem 0x000a0000-0x000effff]
[    0.000000] PM: Registered nosave memory: [mem 0x000f0000-0x000fffff]
[    0.000000] e820: [mem 0x40000000-0xfffbffff] available for PCI devices
[    0.000000] clocksource: refined-jiffies: mask: 0xffffffff max_cycles: 0xffffffff, max_idle_ns: 1910969940391419 ns
[    0.000000] setup_percpu: NR_CPUS:64 nr_cpumask_bits:64 nr_cpu_ids:1 nr_node_ids:1
[    0.000000] percpu: Embedded 37 pages/cpu @ffff9a65fd200000 s110872 r8192 d32488 u2097152
[    0.000000] pcpu-alloc: s110872 r8192 d32488 u2097152 alloc=1*2097152
[    0.000000] pcpu-alloc: [0] 0 
[    0.000000] Built 1 zonelists in Node order, mobility grouping on.  Total pages: 257897
[    0.000000] Policy zone: DMA32
[    0.000000] Kernel command line: root=/dev/ram0 console=ttyAMA0  console=ttyS0
[    0.000000] PID hash table entries: 4096 (order: 3, 32768 bytes)
[    0.000000] Calgary: detecting Calgary via BIOS EBDA area
[    0.000000] Calgary: Unable to locate Rio Grande table in EBDA - bailing!
[    0.000000] Memory: 968980K/1048056K available (9543K kernel code, 1298K rwdata, 3048K rodata, 1172K init, 680K bss, 79076K reserved, 0K cma-reserved)
[    0.000000] SLUB: HWalign=64, Order=0-3, MinObjects=0, CPUs=1, Nodes=1
[    0.000000] Hierarchical RCU implementation.
[    0.000000] 	RCU event tracing is enabled.
[    0.000000] 	RCU restricting CPUs from NR_CPUS=64 to nr_cpu_ids=1.
[    0.000000] RCU: Adjusting geometry for rcu_fanout_leaf=16, nr_cpu_ids=1
[    0.000000] NR_IRQS: 4352, nr_irqs: 256, preallocated irqs: 16
[    0.000000] Console: colour VGA+ 80x25
[    0.000000] console [ttyS0] enabled
[    0.000000] clocksource: hpet: mask: 0xffffffff max_cycles: 0xffffffff, max_idle_ns: 19112604467 ns
[    0.000000] hpet clockevent registered
[    0.003000] tsc: Fast TSC calibration using PIT
[    0.004000] tsc: Detected 2675.028 MHz processor
[    0.006447] Calibrating delay loop (skipped), value calculated using timer frequency.. 5350.05 BogoMIPS (lpj=2675028)
[    0.007122] pid_max: default: 32768 minimum: 301
[    0.007448] ACPI: Core revision 20170531
[    0.039743] ACPI: 2 ACPI AML tables successfully acquired and loaded
[    0.041191] Security Framework initialized
[    0.042092] SELinux:  Initializing.
[    0.043151] SELinux:  Starting in permissive mode
[    0.045157] Dentry cache hash table entries: 131072 (order: 8, 1048576 bytes)
[    0.047208] Inode-cache hash table entries: 65536 (order: 7, 524288 bytes)
[    0.047611] Mount-cache hash table entries: 2048 (order: 2, 16384 bytes)
[    0.048090] Mountpoint-cache hash table entries: 2048 (order: 2, 16384 bytes)
[    0.064117] mce: CPU supports 10 MCE banks
[    0.065430] Last level iTLB entries: 4KB 0, 2MB 0, 4MB 0
[    0.065629] Last level dTLB entries: 4KB 0, 2MB 0, 4MB 0, 1GB 0
[    0.447672] Freeing SMP alternatives memory: 36K
[    0.463599] smpboot: Max logical packages: 1
[    0.470000] ..TIMER: vector=0x30 apic1=0 pin1=2 apic2=-1 pin2=-1
[    0.480000] smpboot: CPU0: AMD QEMU Virtual CPU version 2.5+ (family: 0x6, model: 0x6, stepping: 0x3)
[    0.484841] Performance Events: PMU not available due to virtualization, using software events only.
[    0.487505] Hierarchical SRCU implementation.
[    0.492292] Huh? What family is it: 0x6?!
[    0.493454] smp: Bringing up secondary CPUs ...
[    0.493678] smp: Brought up 1 node, 1 CPU
[    0.493915] smpboot: Total of 1 processors activated (5350.05 BogoMIPS)
[    0.507503] devtmpfs: initialized
[    0.517039] clocksource: jiffies: mask: 0xffffffff max_cycles: 0xffffffff, max_idle_ns: 1911260446275000 ns
[    0.517515] futex hash table entries: 256 (order: 2, 16384 bytes)
[    0.520663] RTC time: 17:58:35, date: 07/11/17
[    0.534220] kworker/u2:0 (15) used greatest stack depth: 14784 bytes left
[    0.535325] NET: Registered protocol family 16
[    0.551823] cpuidle: using governor menu
[    0.552137] PCCT header not found.
[    0.554500] ACPI: bus type PCI registered
[    0.557624] PCI: Using configuration type 1 for base access
[    0.567517] kworker/u2:1 (37) used greatest stack depth: 14160 bytes left
[    0.788679] HugeTLB registered 2.00 MiB page size, pre-allocated 0 pages
[    0.793213] ACPI: Added _OSI(Module Device)
[    0.793375] ACPI: Added _OSI(Processor Device)
[    0.793500] ACPI: Added _OSI(3.0 _SCP Extensions)
[    0.793649] ACPI: Added _OSI(Processor Aggregator Device)
[    0.820499] ACPI: Interpreter enabled
[    0.821746] ACPI: (supports S0 S3 S4 S5)
[    0.821946] ACPI: Using IOAPIC for interrupt routing
[    0.822802] PCI: Using host bridge windows from ACPI; if necessary, use "pci=nocrs" and report a bug
[    0.918000] ACPI: PCI Root Bridge [PCI0] (domain 0000 [bus 00-ff])
[    0.919230] acpi PNP0A03:00: _OSC: OS supports [ASPM ClockPM Segments MSI]
[    0.919921] acpi PNP0A03:00: _OSC failed (AE_NOT_FOUND); disabling ASPM
[    0.920663] acpi PNP0A03:00: fail to add MMCONFIG information, can't access extended PCI configuration space under this bridge.
[    0.924296] PCI host bridge to bus 0000:00
[    0.924570] pci_bus 0000:00: root bus resource [io  0x0000-0x0cf7 window]
[    0.924810] pci_bus 0000:00: root bus resource [io  0x0d00-0xffff window]
[    0.925069] pci_bus 0000:00: root bus resource [mem 0x000a0000-0x000bffff window]
[    0.925278] pci_bus 0000:00: root bus resource [mem 0x40000000-0xfebfffff window]
[    0.925596] pci_bus 0000:00: root bus resource [bus 00-ff]
[    0.926689] pci 0000:00:00.0: [8086:1237] type 00 class 0x060000
[    0.932348] pci 0000:00:01.0: [8086:7000] type 00 class 0x060100
[    0.934296] pci 0000:00:01.1: [8086:7010] type 00 class 0x010180
[    0.937280] pci 0000:00:01.1: reg 0x20: [io  0xc040-0xc04f]
[    0.938326] pci 0000:00:01.1: legacy IDE quirk: reg 0x10: [io  0x01f0-0x01f7]
[    0.938562] pci 0000:00:01.1: legacy IDE quirk: reg 0x14: [io  0x03f6]
[    0.939075] pci 0000:00:01.1: legacy IDE quirk: reg 0x18: [io  0x0170-0x0177]
[    0.939322] pci 0000:00:01.1: legacy IDE quirk: reg 0x1c: [io  0x0376]
[    0.942181] pci 0000:00:01.3: [8086:7113] type 00 class 0x068000
[    0.942662] pci 0000:00:01.3: quirk: [io  0x0600-0x063f] claimed by PIIX4 ACPI
[    0.942916] pci 0000:00:01.3: quirk: [io  0x0700-0x070f] claimed by PIIX4 SMB
[    0.945356] pci 0000:00:02.0: [1234:1111] type 00 class 0x030000
[    0.946545] pci 0000:00:02.0: reg 0x10: [mem 0xfd000000-0xfdffffff pref]
[    0.948482] pci 0000:00:02.0: reg 0x18: [mem 0xfebf0000-0xfebf0fff]
[    0.953070] pci 0000:00:02.0: reg 0x30: [mem 0xfebe0000-0xfebeffff pref]
[    0.955873] pci 0000:00:03.0: [8086:100e] type 00 class 0x020000
[    0.956604] pci 0000:00:03.0: reg 0x10: [mem 0xfebc0000-0xfebdffff]
[    0.958061] pci 0000:00:03.0: reg 0x14: [io  0xc000-0xc03f]
[    0.962538] pci 0000:00:03.0: reg 0x30: [mem 0xfeb80000-0xfebbffff pref]
[    0.977472] ACPI: PCI Interrupt Link [LNKA] (IRQs 5 *10 11)
[    0.979306] ACPI: PCI Interrupt Link [LNKB] (IRQs 5 *10 11)
[    0.980571] ACPI: PCI Interrupt Link [LNKC] (IRQs 5 10 *11)
[    0.981844] ACPI: PCI Interrupt Link [LNKD] (IRQs 5 10 *11)
[    0.982509] ACPI: PCI Interrupt Link [LNKS] (IRQs *9)
[    0.986000] ACPI: Enabled 16 GPEs in block 00 to 0F
[    0.993799] pci 0000:00:02.0: vgaarb: setting as boot VGA device
[    0.994000] pci 0000:00:02.0: vgaarb: VGA device added: decodes=io+mem,owns=io+mem,locks=none
[    0.994167] pci 0000:00:02.0: vgaarb: bridge control possible
[    0.994372] vgaarb: loaded
[    0.997860] SCSI subsystem initialized
[    0.999918] libata version 3.00 loaded.
[    1.002192] ACPI: bus type USB registered
[    1.003474] usbcore: registered new interface driver usbfs
[    1.006895] usbcore: registered new interface driver hub
[    1.007600] usbcore: registered new device driver usb
[    1.009618] pps_core: LinuxPPS API ver. 1 registered
[    1.009779] pps_core: Software ver. 5.3.6 - Copyright 2005-2007 Rodolfo Giometti <giometti@linux.it>
[    1.010382] PTP clock support registered
[    1.013432] EDAC MC: Ver: 3.0.0
[    1.017891] Advanced Linux Sound Architecture Driver Initialized.
[    1.019285] PCI: Using ACPI for IRQ routing
[    1.019596] PCI: pci_cache_line_size set to 64 bytes
[    1.020164] e820: reserve RAM buffer [mem 0x0009fc00-0x0009ffff]
[    1.020345] e820: reserve RAM buffer [mem 0x3ffe0000-0x3fffffff]
[    1.036584] NetLabel: Initializing
[    1.036711] NetLabel:  domain hash size = 128
[    1.036856] NetLabel:  protocols = UNLABELED CIPSOv4 CALIPSO
[    1.038247] NetLabel:  unlabeled traffic allowed by default
[    1.040819] HPET: 3 timers in total, 0 timers will be used for per-cpu timer
[    1.041508] hpet0: at MMIO 0xfed00000, IRQs 2, 8, 0
[    1.041772] hpet0: 3 comparators, 64-bit 100.000000 MHz counter
[    1.046672] clocksource: Switched to clocksource hpet
[    1.262797] VFS: Disk quotas dquot_6.6.0
[    1.263339] VFS: Dquot-cache hash table entries: 512 (order 0, 4096 bytes)
[    1.267491] pnp: PnP ACPI init
[    1.271396] pnp 00:00: Plug and Play ACPI device, IDs PNP0b00 (active)
[    1.272432] pnp 00:01: Plug and Play ACPI device, IDs PNP0303 (active)
[    1.273342] pnp 00:02: Plug and Play ACPI device, IDs PNP0f13 (active)
[    1.273903] pnp 00:03: [dma 2]
[    1.274710] pnp 00:03: Plug and Play ACPI device, IDs PNP0700 (active)
[    1.276255] pnp 00:04: Plug and Play ACPI device, IDs PNP0400 (active)
[    1.277514] pnp 00:05: Plug and Play ACPI device, IDs PNP0501 (active)
[    1.281494] pnp: PnP ACPI: found 6 devices
[    1.390269] clocksource: acpi_pm: mask: 0xffffff max_cycles: 0xffffff, max_idle_ns: 2085701024 ns
[    1.392153] pci_bus 0000:00: resource 4 [io  0x0000-0x0cf7 window]
[    1.392153] pci_bus 0000:00: resource 5 [io  0x0d00-0xffff window]
[    1.392153] pci_bus 0000:00: resource 6 [mem 0x000a0000-0x000bffff window]
[    1.392153] pci_bus 0000:00: resource 7 [mem 0x40000000-0xfebfffff window]
[    1.394082] NET: Registered protocol family 2
[    1.401897] TCP established hash table entries: 8192 (order: 4, 65536 bytes)
[    1.402713] TCP bind hash table entries: 8192 (order: 5, 131072 bytes)
[    1.403356] TCP: Hash tables configured (established 8192 bind 8192)
[    1.404774] UDP hash table entries: 512 (order: 2, 16384 bytes)
[    1.405283] UDP-Lite hash table entries: 512 (order: 2, 16384 bytes)
[    1.407242] NET: Registered protocol family 1
[    1.409814] RPC: Registered named UNIX socket transport module.
[    1.410137] RPC: Registered udp transport module.
[    1.410290] RPC: Registered tcp transport module.
[    1.410419] RPC: Registered tcp NFSv4.1 backchannel transport module.
[    1.410713] pci 0000:00:00.0: Limiting direct PCI/PCI transfers
[    1.410945] pci 0000:00:01.0: PIIX3: Enabling Passive Release
[    1.411363] pci 0000:00:01.0: Activating ISA DMA hang workarounds
[    1.411827] pci 0000:00:02.0: Video device with shadowed ROM at [mem 0x000c0000-0x000dffff]
[    1.412278] PCI: CLS 0 bytes, default 64
[    1.416970] Unpacking initramfs...
[    6.483362] Freeing initrd memory: 44712K
[    6.489777] Scanning for low memory corruption every 60 seconds
[    6.500797] audit: initializing netlink subsys (disabled)
[    6.505146] audit: type=2000 audit(1499795920.502:1): state=initialized audit_enabled=0 res=1
[    6.509892] workingset: timestamp_bits=56 max_order=18 bucket_order=0
[    6.590573] NFS: Registering the id_resolver key type
[    6.593941] Key type id_resolver registered
[    6.594155] Key type id_legacy registered
[    6.597940] SELinux:  Registering netfilter hooks
[    6.618084] Block layer SCSI generic (bsg) driver version 0.4 loaded (major 250)
[    6.618084] io scheduler noop registered
[    6.618084] io scheduler deadline registered
[    6.618084] io scheduler cfq registered (default)
[    6.618084] io scheduler mq-deadline registered
[    6.618084] io scheduler kyber registered
[    6.631553] input: Power Button as /devices/LNXSYSTM:00/LNXPWRBN:00/input/input0
[    6.634626] ACPI: Power Button [PWRF]
[    6.643637] Serial: 8250/16550 driver, 4 ports, IRQ sharing enabled
[    6.668751] 00:05: ttyS0 at I/O 0x3f8 (irq = 4, base_baud = 115200) is a 16550A
[    6.683352] Non-volatile memory driver v1.3
[    6.684407] Linux agpgart interface v0.103
[    6.728759] loop: module loaded
[    6.732798] ata_piix 0000:00:01.1: version 2.13
[    6.750240] scsi host0: ata_piix
[    6.753980] scsi host1: ata_piix
[    6.755531] ata1: PATA max MWDMA2 cmd 0x1f0 ctl 0x3f6 bmdma 0xc040 irq 14
[    6.755781] ata2: PATA max MWDMA2 cmd 0x170 ctl 0x376 bmdma 0xc048 irq 15
[    6.762802] e100: Intel(R) PRO/100 Network Driver, 3.5.24-k2-NAPI
[    6.762989] e100: Copyright(c) 1999-2006 Intel Corporation
[    6.763665] e1000: Intel(R) PRO/1000 Network Driver - version 7.3.21-k8-NAPI
[    6.763918] e1000: Copyright (c) 1999-2006 Intel Corporation.
[    6.918544] ata2.01: NODEV after polling detection
[    6.924084] ata2.00: ATAPI: QEMU DVD-ROM, 2.5+, max UDMA/100
[    6.926290] ata2.00: configured for MWDMA2
[    6.946442] scsi 1:0:0:0: CD-ROM            QEMU     QEMU DVD-ROM     2.5+ PQ: 0 ANSI: 5
[    6.968516] sr 1:0:0:0: [sr0] scsi3-mmc drive: 4x/4x cd/rw xa/form2 tray
[    6.968900] cdrom: Uniform CD-ROM driver Revision: 3.20
[    6.974769] sr 1:0:0:0: Attached scsi CD-ROM sr0
[    6.979661] sr 1:0:0:0: Attached scsi generic sg0 type 5
[    7.250876] ACPI: PCI Interrupt Link [LNKC] enabled at IRQ 11
[    7.520402] tsc: Refined TSC clocksource calibration: 2675.041 MHz
[    7.520750] clocksource: tsc: mask: 0xffffffffffffffff max_cycles: 0x268f24c59a1, max_idle_ns: 440795287498 ns
[    7.547702] e1000 0000:00:03.0 eth0: (PCI:33MHz:32-bit) 52:54:00:12:34:56
[    7.548237] e1000 0000:00:03.0 eth0: Intel(R) PRO/1000 Network Connection
[    7.549804] e1000e: Intel(R) PRO/1000 Network Driver - 3.2.6-k
[    7.550024] e1000e: Copyright(c) 1999 - 2015 Intel Corporation.
[    7.550733] sky2: driver version 1.30
[    7.555541] ehci_hcd: USB 2.0 'Enhanced' Host Controller (EHCI) Driver
[    7.555778] ehci-pci: EHCI PCI platform driver
[    7.558378] ohci_hcd: USB 1.1 'Open' Host Controller (OHCI) Driver
[    7.558811] ohci-pci: OHCI PCI platform driver
[    7.559625] uhci_hcd: USB Universal Host Controller Interface driver
[    7.560938] usbcore: registered new interface driver usblp
[    7.561717] usbcore: registered new interface driver usb-storage
[    7.564611] i8042: PNP: PS/2 Controller [PNP0303:KBD,PNP0f13:MOU] at 0x60,0x64 irq 1,12
[    7.569662] serio: i8042 KBD port at 0x60,0x64 irq 1
[    7.570414] serio: i8042 AUX port at 0x60,0x64 irq 12
[    7.577660] input: AT Translated Set 2 keyboard as /devices/platform/i8042/serio0/input/input1
[    7.580602] rtc_cmos 00:00: RTC can wake from S4
[    7.590605] rtc_cmos 00:00: rtc core: registered rtc_cmos as rtc0
[    7.591624] rtc_cmos 00:00: alarms up to one day, 114 bytes nvram, hpet irqs
[    7.600994] device-mapper: ioctl: 4.36.0-ioctl (2017-06-09) initialised: dm-devel@redhat.com
[    7.603079] hidraw: raw HID events driver (C) Jiri Kosina
[    7.618788] usbcore: registered new interface driver usbhid
[    7.619153] usbhid: USB HID core driver
[    7.629046] Netfilter messages via NETLINK v0.30.
[    7.630794] nf_conntrack version 0.5.0 (8192 buckets, 32768 max)
[    7.633258] ctnetlink v0.93: registering with nfnetlink.
[    7.638399] ip_tables: (C) 2000-2006 Netfilter Core Team
[    7.642121] Initializing XFRM netlink socket
[    7.645504] NET: Registered protocol family 10
[    7.657825] Segment Routing with IPv6
[    7.658918] ip6_tables: (C) 2000-2006 Netfilter Core Team
[    7.662321] sit: IPv6, IPv4 and MPLS over IPv4 tunneling driver
[    7.667491] NET: Registered protocol family 17
[    7.668794] Key type dns_resolver registered
[    7.672378] sched_clock: Marking stable (7672099830, 0)->(7784618797, -112518967)
[    7.677895] registered taskstats version 1
[    7.683449]   Magic number: 9:79:997
[    7.684365] console [netcon0] enabled
[    7.684538] netconsole: network logging started
[    7.687421] PM: Hibernation image not present or could not be loaded.
[    7.687579] ALSA device list:
[    7.687908]   No soundcards found.
[    7.753590] Freeing unused kernel memory: 1172K
[    7.753829] Write protecting the kernel read-only data: 14336k
[    7.758181] Freeing unused kernel memory: 680K
[    7.788715] Freeing unused kernel memory: 1048K
[    8.218263] input: ImExPS/2 Generic Explorer Mouse as /devices/platform/i8042/serio1/input/input3
[    8.532589] clocksource: Switched to clocksource tsc
[    9.674824] e1000 0000:00:03.0 enp0s3: renamed from eth0
[    9.908829] cdrom_id (992) used greatest stack depth: 13176 bytes left

